******************************************************************************
               TMS320C6x Linker Unix v7.3.3                    
******************************************************************************
>> Linked Tue May 12 19:42:35 2020

OUTPUT FILE NAME:   <dsp.xe674>
ENTRY POINT SYMBOL: "ti_sysbios_family_c64p_Hwi0"  address: c3065c00


MEMORY CONFIGURATION

         name            origin    length      used     unused   attr    fill
----------------------  --------  ---------  --------  --------  ----  --------
  IROM                  11700000   00100000  0001fce7  000e0319  R  X
  IRAM                  11800000   00038000  00000000  00038000  RW X
  L3_CBA_RAM            80000000   00020000  00000000  00020000  RW X
  SR_0                  c2000000   00010000  00010000  00000000  RW X
  SR_1                  c2010000   00ff0000  00ff0000  00000000  RW X
  DSP_PROG              c3000000   01000000  00065ee0  00f9a120  RW X


SEGMENT ALLOCATION MAP

run origin  load origin   length   init length attrs members
----------  ----------- ---------- ----------- ----- -------
11700000    11700000    00006ebc   00000000    rw-
  11700000    11700000    00006ebc   00000000    rw- scadaDATA
11706ec0    11706ec0    00006400   00006400    rw-
  11706ec0    11706ec0    00006400   00006400    rw- .ADBUFDATA
1170d2c0    1170d2c0    00003320   00003320    r-x
  1170d2c0    1170d2c0    00003320   00003320    r-x FaInDDR2_CODE
117105e0    117105e0    00002d78   00000000    rw-
  117105e0    117105e0    00002d78   00000000    rw- localprotectData
11713360    11713360    00002d00   00002d00    r-x
  11713360    11713360    00002d00   00002d00    r-x localprotectInDDR2
11716060    11716060    00002000   00000000    rw-
  11716060    11716060    00002000   00000000    rw- DataInDDR2
11718060    11718060    00003040   00003040    r-x
  11718060    11718060    000018c0   000018c0    r-x codenmifxn
  11719920    11719920    00001780   00001780    r-x YXCODEINDDR2
1171b0a0    1171b0a0    00001404   00001404    rw-
  1171b0a0    1171b0a0    00001404   00001404    rw- .ADBUDATA
1171c4a8    1171c4a8    0000140e   00001400    rw-
  1171c4a8    1171c4a8    00001400   00001400    rw- .FFTOUTDATA
  1171d8a8    1171d8a8    0000000e   00000000    rw- .FpgaHostData
1171d8c0    1171d8c0    00000be0   00000be0    r-x
  1171d8c0    1171d8c0    00000be0   00000be0    r-x scadainit_code
1171e4a0    1171e4a0    00000e48   00000000    rw-
  1171e4a0    1171e4a0    00000a48   00000000    rw- faDATA
  1171eee8    1171eee8    00000400   00000000    rw- .ptr_wDATA
1171f300    1171f300    000005a0   000005a0    r-x
  1171f300    1171f300    00000400   00000400    r-x codeFFT
  1171f700    1171f700    000001a0   000001a0    r-x codeGPIO_setOutput
1171f8a0    1171f8a0    00000240   00000140    rw-
  1171f8a0    1171f8a0    00000140   00000140    rw- .LINEVOLDATA
  1171f9e0    1171f9e0    00000100   00000000    rw- .FpgaSlaveData
1171fae0    1171fae0    00000120   00000120    r-x
  1171fae0    1171fae0    00000120   00000120    r-x codeHwiDynamic
1171fc00    1171fc00    000000a0   00000000    rw-
  1171fc00    1171fc00    000000a0   00000000    rw- JB_RMSDATA
1171fca0    1171fca0    00000079   00000040    rw-
  1171fca0    1171fca0    00000040   00000040    rw- brevDATA
  1171fce0    1171fce0    00000039   00000000    rw- .yc_configureDATA
c3000000    c3000000    00036ac0   00036ac0    rwx
  c3000000    c3000000    00036ac0   00036ac0    rwx .text.1
c3036ab8    c3036ab8    00000008   00000008    rw-
  c3036ab8    c3036ab8    00000008   00000008    rw- .fardata.1
c3036ac0    c3036ac0    00002f60   00002f60    r-x
  c3036ac0    c3036ac0    00002f60   00002f60    r-x .text.2
c3039a10    c3039a10    0001f99e   00000000    rw-
  c3039a10    c3039a10    0001f99e   00000000    rw- .far
c30593b0    c30593b0    00006bb4   00006bb4    rw-
  c30593b0    c30593b0    00006bb4   00006bb4    rw- .fardata.2
c305ff68    c305ff68    000048ca   000048ca    r--
  c305ff68    c305ff68    000048ca   000048ca    r-- .const
c3064838    c3064838    00001000   00000000    rw-
  c3064838    c3064838    00001000   00000000    rw- .stack
c3065838    c3065838    000001b4   000001b4    r--
  c3065838    c3065838    000001b4   000001b4    r-- .switch
c30659ec    c30659ec    00000120   00000000    rw-
  c30659ec    c30659ec    00000120   00000000    rw- .cio
c3065b10    c3065b10    00000068   00000000    rw-
  c3065b10    c3065b10    00000068   00000000    rw- .bss
c3065b78    c3065b78    0000003a   0000003a    rw-
  c3065b78    c3065b78    0000003a   0000003a    rw- .neardata
c3065bb4    c3065bb4    00000008   00000008    r--
  c3065bb4    c3065bb4    00000008   00000008    r-- .rodata
c3065bc0    c3065bc0    00000038   00000038    rw-
  c3065bc0    c3065bc0    00000038   00000038    rw- .data.1
c3065c00    c3065c00    00000200   00000200    r-x
  c3065c00    c3065c00    00000200   00000200    r-x .vecs
c3065e00    c3065e00    00000088   00000088    rw-
  c3065e00    c3065e00    00000024   00000024    rw- .data.2
  c3065e24    c3065e24    00000064   00000064    rw- .args
c3065e88    c3065e88    00000028   00000028    r--
  c3065e88    c3065e88    00000028   00000028    r-- .init_array
c3066000    c3066000    0000004c   0000004c    r--
  c3066000    c3066000    0000004c   0000004c    r-- ti_sdo_ipc_init


SECTION ALLOCATION MAP

 output                                  attributes/
section   page    origin      length       input sections
--------  ----  ----------  ----------   ----------------
.cinit     0    c3000000    00000000     UNINITIALIZED

scadaDATA 
*          0    11700000    00006ebc     UNINITIALIZED
                  11700000    00006ebc     scada.oe674 (scadaDATA)

.ADBUFDATA 
*          0    11706ec0    00006400     
                  11706ec0    00006400     adsamp.oe674 (.ADBUFDATA)

FaInDDR2_CODE 
*          0    1170d2c0    00003320     
                  1170d2c0    000032c0     fa.oe674 (FaInDDR2_CODE)
                  11710580    00000010     fa.oe674 ($Tramp$S$$_ZN2FA14FixTimeProtectEv)
                  11710590    00000010     sinsp.oe674 ($Tramp$S$$sinsp)
                  117105a0    00000010     cossp.oe674 ($Tramp$S$$cossp)
                  117105b0    00000010     rts6740_elf.lib : strasg.obj ($Tramp$S$$__c6xabi_strasgi_64plus)
                  117105c0    00000010     data.oe674 ($Tramp$S$$_ZN8UserData7GetDataElP4DataI12BaseDataTypeE)
                  117105d0    00000010     --HOLE-- [fill = 0]

localprotectData 
*          0    117105e0    00002d78     UNINITIALIZED
                  117105e0    00002d78     localprotect.oe674 (localprotectData)

localprotectInDDR2 
*          0    11713360    00002d00     
                  11713360    00002b60     localprotect.oe674 (localprotectInDDR2)
                  11715ec0    00000010     data.oe674 ($Tramp$S$$_ZN8UserData7GetDataElP4DataI12BaseDataTypeE)
                  11715ed0    00000010     localprotect.oe674 ($Tramp$S$$_ZN12LocalProtect7ParacpyEv)
                  11715ee0    00000010     localprotect.oe674 ($Tramp$S$$_ZN7NewToolI8BaseToolE6ConfigE8NODEDATA)
                  11715ef0    00000010     rts6740_elf.lib : printf.obj ($Tramp$S$$printf)
                  11715f00    00000010     localprotect.oe674 ($Tramp$S$$_ZN14ConterSleepTAB6GetLabEv)
                  11715f10    00000010     localprotect.oe674 ($Tramp$S$$_ZN15ConterRuningTAB6GetLabEv)
                  11715f20    00000010     localprotect.oe674 ($Tramp$S$$_ZN16ConterReachedTAB6GetLabEv)
                  11715f30    00000010     localprotect.oe674 ($Tramp$S$$_ZN13StopConterTAB6GetLabEv)
                  11715f40    00000010     localprotect.oe674 ($Tramp$S$$_ZN14StartConterTAB6GetLabEv)
                  11715f50    00000010     localprotect.oe674 ($Tramp$S$$_ZN18DelayStartDelayTAB6GetLabEv)
                  11715f60    00000010     localprotect.oe674 ($Tramp$S$$_ZN8PulseTAB6GetLabEv)
                  11715f70    00000010     localprotect.oe674 ($Tramp$S$$_ZN13DelayStartTAB6GetLabEv)
                  11715f80    00000010     localprotect.oe674 ($Tramp$S$$_ZN15ANALOGSTEADYTAB6GetLabEv)
                  11715f90    00000010     localprotect.oe674 ($Tramp$S$$_ZN10COMPARETAB6GetLabEv)
                  11715fa0    00000010     localprotect.oe674 ($Tramp$S$$_ZN12LOWANALOGTAB6GetLabEv)
                  11715fb0    00000010     localprotect.oe674 ($Tramp$S$$_ZN13HIGHANALOGTAB6GetLabEv)
                  11715fc0    00000010     localprotect.oe674 ($Tramp$S$$_ZN9STEADYTAB6GetLabEv)
                  11715fd0    00000010     localprotect.oe674 ($Tramp$S$$_ZN7XNORTAB6GetLabEv)
                  11715fe0    00000010     localprotect.oe674 ($Tramp$S$$_ZN6XORTAB6GetLabEv)
                  11715ff0    00000010     localprotect.oe674 ($Tramp$S$$_ZN5ORTAB6GetLabEv)
                  11716000    00000010     localprotect.oe674 ($Tramp$S$$_ZN7NANDTAB6GetLabEv)
                  11716010    00000010     localprotect.oe674 ($Tramp$S$$_ZN6ANDTAB6GetLabEv)
                  11716020    00000010     localprotect.oe674 ($Tramp$S$$_ZN6NOTTAB6GetLabEv)
                  11716030    00000010     localprotect.oe674 ($Tramp$S$$_ZN8EQUALTAB6GetLabEv)
                  11716040    00000010     rts6740_elf.lib : memset.obj ($Tramp$S$$memset)
                  11716050    00000010     --HOLE-- [fill = 0]

DataInDDR2 
*          0    11716060    00002000     UNINITIALIZED
                  11716060    00002000     scada.oe674 (DataInDDR2)

codenmifxn 
*          0    11718060    000018c0     
                  11718060    00001880     adsamp.oe674 (codenmifxn)
                  117198e0    00000010     sysbios.lib : BIOS.obj ($Tramp$S$$ti_sysbios_knl_Swi_post__E)
                  117198f0    00000010     yx.oe674 ($Tramp$S$$_Z5GetYxv)
                  11719900    00000010     rts6740_elf.lib : remu.obj ($Tramp$S$$__c6xabi_remu)
                  11719910    00000010     --HOLE-- [fill = 0]

YXCODEINDDR2 
*          0    11719920    00001780     
                  11719920    000016a0     yx.oe674 (YXCODEINDDR2)
                  1171afc0    00000010     rts6740_elf.lib : memset.obj ($Tramp$S$$memset)
                  1171afd0    00000010     yx.oe674 ($Tramp$S$$_Z14ReadYxFromFpgav)
                  1171afe0    00000010     clock.oe674 ($Tramp$S$$_ZN5Clock12StartMsClockEP9setmstimey)
                  1171aff0    00000010     clock.oe674 ($Tramp$S$$_ZN5Clock13GetCP56Time2aEv)
                  1171b000    00000010     yx.oe674 ($Tramp$S$$_Z14YxNatureChangeai)
                  1171b010    00000010     clock.oe674 ($Tramp$S$$_ZN5Clock12CheckMsClockEP9setmstime)
                  1171b020    00000010     clock.oe674 ($Tramp$S$$_ZN5Clock11StopMsClockEP9setmstime)
                  1171b030    00000010     data.oe674 ($Tramp$S$$_ZN8UserData7SetDataElP4DataI12BaseDataTypeE)
                  1171b040    00000010     message.oe674 ($Tramp$S$$_ZN7Message7SendMsgEmllP12BaseDataTypeP9time_data)
                  1171b050    00000010     scada.oe674 ($Tramp$S$$_ZN9DataType1C1Ev)
                  1171b060    00000010     rts6740_elf.lib : strasg.obj ($Tramp$S$$__c6xabi_strasgi_64plus)
                  1171b070    00000010     data.oe674 ($Tramp$S$$_ZN8UserData7GetDataElP4DataI12BaseDataTypeE)
                  1171b080    00000010     scada.oe674 ($Tramp$S$$_ZN9DataType4C1Ev)
                  1171b090    00000010     --HOLE-- [fill = 0]

.ADBUDATA 
*          0    1171b0a0    00001404     
                  1171b0a0    00001404     adsamp.oe674 (.ADBUDATA)

.FFTOUTDATA 
*          0    1171c4a8    00001400     
                  1171c4a8    00001400     adsamp.oe674 (.FFTOUTDATA)

.FpgaHostData 
*          0    1171d8a8    0000000e     UNINITIALIZED
                  1171d8a8    0000000e     fpag.oe674 (.FpgaHostData)

scadainit_code 
*          0    1171d8c0    00000be0     
                  1171d8c0    00000b40     scada.oe674 (scadainit_code)
                  1171e400    00000010     fpag.oe674 ($Tramp$S$$_Z12FpgaReadDatahPtt)
                  1171e410    00000010     scada.oe674 ($Tramp$S$$_Z11YcRatioInith)
                  1171e420    00000010     scada.oe674 ($Tramp$S$$_Z13adcompass_intv)
                  1171e430    00000010     scada.oe674 ($Tramp$S$$_Z11YcStandInitv)
                  1171e440    00000010     rts6740_elf.lib : strasg.obj ($Tramp$S$$__c6xabi_strasgi_64plus)
                  1171e450    00000010     data.oe674 ($Tramp$S$$_ZN8UserData7GetDataElP4DataI12BaseDataTypeE)
                  1171e460    00000010     rts6740_elf.lib : strcpy.obj ($Tramp$S$$strcpy)
                  1171e470    00000010     scada.oe674 ($Tramp$S$$_ZN10_ScadaParaC1Ev)
                  1171e480    00000010     message.oe674 ($Tramp$S$$_ZN7BaseAppC2Ev)
                  1171e490    00000010     --HOLE-- [fill = 0]

faDATA     0    1171e4a0    00000a48     UNINITIALIZED
                  1171e4a0    00000a48     fa.oe674 (faDATA)

.ptr_wDATA 
*          0    1171eee8    00000400     UNINITIALIZED
                  1171eee8    00000400     adsamp.oe674 (.ptr_wDATA)

codeFFT    0    1171f300    00000400     
                  1171f300    000003c0     fft.oe674 (codeFFT)
                  1171f6c0    00000010     fa.oe674 ($Tramp$S$$_ZN2FA14FixTimeProtectEv)
                  1171f6d0    00000010     sqrtsp.oe674 ($Tramp$S$$sqrtsp)
                  1171f6e0    00000010     DSPF_sp_fftSPxSP.oe674 ($Tramp$S$$DSPF_sp_fftSPxSP)
                  1171f6f0    00000010     --HOLE-- [fill = 0]

codeGPIO_setOutput 
*          0    1171f700    000001a0     
                  1171f700    000001a0     gpio.oe674 (codeGPIO_setOutput)

.LINEVOLDATA 
*          0    1171f8a0    00000140     
                  1171f8a0    00000140     adsamp.oe674 (.LINEVOLDATA)

.FpgaSlaveData 
*          0    1171f9e0    00000100     UNINITIALIZED
                  1171f9e0    00000100     fpag.oe674 (.FpgaSlaveData)

codeHwiDynamic 
*          0    1171fae0    00000120     
                  1171fae0    00000100     interruptapp.oe674 (codeHwiDynamic)
                  1171fbe0    00000010     adsamp.oe674 ($Tramp$S$$_Z6ManSetv)
                  1171fbf0    00000010     clock.oe674 ($Tramp$S$$_ZN5Clock4tickEv)

JB_RMSDATA 
*          0    1171fc00    000000a0     UNINITIALIZED
                  1171fc00    000000a0     fft.oe674 (JB_RMSDATA)

brevDATA   0    1171fca0    00000040     
                  1171fca0    00000040     fft.oe674 (brevDATA)

.yc_configureDATA 
*          0    1171fce0    00000039     UNINITIALIZED
                  1171fce0    00000039     adsamp.oe674 (.yc_configureDATA)

ti.sdo.ipc.SharedRegion_0 
*          0    c2000000    00010000     NOLOAD SECTION
                  c2000000    00010000     --HOLE--

ti.sdo.ipc.SharedRegion_1 
*          0    c2010000    00ff0000     NOLOAD SECTION
                  c2010000    00ff0000     --HOLE--

xdc.meta   0    c3000000    000000f0     COPY SECTION
                  c3000000    000000f0     Dsp_pe674.oe674 (xdc.meta)

.text.1    0    c3000000    00036ac0     
                  c3000000    00003ae0     scada.oe674 (.text)
                  c3003ae0    00003640     data.oe674 (.text:_ZN2daC1Ev)
                  c3007120    000023c0     scada.oe674 (.text:_ZN8scada_ycC1Ev)
                  c30094e0    00001700     syslink.oe674 (.text)
                  c300abe0    00001600     data.oe674 (.text)
                  c300c1e0    00001200     clock.oe674 (.text)
                  c300d3e0    00000f80     adsamp.oe674 (.text)
                  c300e360    00000f20     yk.oe674 (.text)
                  c300f280    00000c20     fpag.oe674 (.text)
                  c300fea0    00000b80     ipc.lib : Ipc.obj (.text:ti_sdo_ipc_GateMP_Instance_init__F)
                  c3010a20    000009a0     ti.targets.rts6000.ae674 : System.oe674 (.text:xdc_runtime_System_doPrint__I)
                  c30113c0    00000840     localprotect.oe674 (.text)
                  c3011c00    00000820     yx.oe674 (.text)
                  c3012420    00000800     fa.oe674 (.text)
                  c3012c20    000007a0     omapl138.oe674 (.text)
                  c30133c0    00000780     task.oe674 (.text)
                  c3013b40    00000780     sysbios.lib : BIOS.obj (.text:ti_sysbios_family_c64p_Exception_handler__I)
                  c30142c0    00000760     ipc.lib : Ipc.obj (.text:Ipc_detach)
                  c3014a20    00000740             : Ipc.obj (.text:Ipc_attach)
                  c3015160    00000700     message.oe674 (.text)
                  c3015860    00000700     ipc.lib : Ipc.obj (.text:ti_sdo_ipc_transports_TransportShm_Instance_init__F)
                  c3015f60    00000700     varm.oe674 (.text)
                  c3016660    000005e0     sysbios.lib : BIOS.obj (.text:ti_sysbios_timers_timer64_Timer_Instance_init__F)
                  c3016c40    000005c0     rts6740_elf.lib : _printfi.obj (.text:_getarg_diouxp)
                  c3017200    000005a0                     : divd.obj (.text:__c6xabi_divd)
                  c30177a0    00000480                     : _printfi.obj (.text:_setfield)
                  c3017c20    00000460                     : _printfi.obj (.text:_printfi)
                  c3018080    00000460     ipc.lib : Ipc.obj (.text:ti_sdo_ipc_GateMP_setRegion0Reserved__F)
                  c30184e0    00000460             : Ipc.obj (.text:ti_sdo_ipc_heaps_HeapMemMP_Instance_init__F)
                  c3018940    00000460             : Ipc.obj (.text:ti_sdo_ipc_nsremote_NameServerRemoteNotify_get__F)
                  c3018da0    00000440             : Ipc.obj (.text:ti_sdo_ipc_ListMP_Instance_init__F)
                  c30191e0    00000400     stack.oe674 (.text)
                  c30195e0    000003e0     ipc.lib : Ipc.obj (.text:ti_sdo_ipc_GateMP_Instance_finalize__F)
                  c30199c0    000003c0             : Ipc.obj (.text:ti_sdo_ipc_heaps_HeapMemMP_alloc__E)
                  c3019d80    000003a0     DSPF_sp_fftSPxSP.oe674 (.text:DSPF_sp_fftSPxSP)
                  c301a120    000003a0     ipc.lib : Ipc.obj (.text:NameServer_add)
                  c301a4c0    00000380     fa.oe674 (.text:_ZN6ChzOut3FunEythh)
                  c301a840    00000380     ipc.lib : Ipc.obj (.text:ti_sdo_ipc_heaps_HeapMemMP_free__E)
                  c301abc0    00000380     ti.targets.rts6000.ae674 : Diags.oe674 (.text:xdc_runtime_Diags_setMask__F)
                  c301af40    00000360     interruptapp.oe674 (.text)
                  c301b2a0    00000320     sysbios.lib : BIOS.obj (.text:ti_sysbios_timers_timer64_Timer_Module_startup__F)
                  c301b5c0    00000300     rts6740_elf.lib : fputs.obj (.text:fputs)
                  c301b8c0    000002e0     fa.oe674 (.text:_ZN9ActionOut3funEytt)
                  c301bba0    000002e0     rts6740_elf.lib : _printfi.obj (.text:_pproc_fwp)
                  c301be80    000002e0                     : cos.obj (.text:cos)
                  c301c160    000002e0     ipc.lib : Ipc.obj (.text:ti_sdo_ipc_nsremote_NameServerRemoteNotify_Instance_init__F)
                  c301c440    000002c0     rts6740_elf.lib : _printfi.obj (.text:_pproc_fge)
                  c301c700    000002a0                     : _printfi.obj (.text:ecvt)
                  c301c9a0    000002a0                     : _printfi.obj (.text:fcvt)
                  c301cc40    000002a0     ipc.lib : Ipc.obj (.text:ti_sdo_ipc_Ipc_procSyncStart__I)
                  c301cee0    000002a0             : Ipc.obj (.text:ti_sdo_ipc_transports_TransportShm_Instance_finalize__F)
                  c301d180    00000280             : Ipc.obj (.text:Ipc_start)
                  c301d400    00000280             : Ipc.obj (.text:ListMP_putTail)
                  c301d680    00000280             : Ipc.obj (.text:ListMP_remove)
                  c301d900    00000280     fa.oe674 (.text:_ZN11PowerDirect5PdFunEv)
                  c301db80    00000280     rts6740_elf.lib : divf.obj (.text:__c6xabi_divf)
                  c301de00    00000280     sysbios.lib : BIOS.obj (.text:deviceConfig$44)
                  c301e080    00000280     rts6740_elf.lib : sin.obj (.text:sin)
                  c301e300    00000280     ipc.lib : Ipc.obj (.text:ti_sdo_ipc_gates_GatePeterson_Instance_init__F)
                  c301e580    00000280     ti.targets.rts6000.ae674 : Core-mem.oe674 (.text:xdc_runtime_Core_createObject__I)
                  c301e800    00000280                              : Error.oe674 (.text:xdc_runtime_Error_raiseX__F)
                  c301ea80    00000280     Dsp_pe674.oe674 (.text:xdc_runtime_System_printfExtend__I)
                  c301ed00    00000260     fa.oe674 (.text:_ZN9ActionOutC1Ev)
                  c301ef60    00000260     rts6740_elf.lib : imath64.obj (.text:__c6xabi_divull)
                  c301f1c0    00000260                     : _printfi.obj (.text:_pconv_e)
                  c301f420    00000260     fft.oe674 (.text)
                  c301f680    00000260     sysbios.lib : BIOS.obj (.text:ti_sysbios_timers_timer64_Timer_setPeriodMicroSecs__E)
                  c301f8e0    00000260     ti.targets.rts6000.ae674 : Startup.oe674 (.text:xdc_runtime_Startup_startMods__I)
                  c301fb40    00000240     ipc.lib : Ipc.obj (.text:GateMP_openByAddr)
                  c301fd80    00000240             : Ipc.obj (.text:Notify_unregisterEvent)
                  c301ffc0    00000240     rts6740_elf.lib : _printfi.obj (.text:_pproc_diouxp)
                  c3020200    00000240     ipc.lib : Ipc.obj (.text:ti_sdo_ipc_family_da830_NotifySetup_attach__E)
                  c3020440    00000240             : Ipc.obj (.text:ti_sdo_ipc_heaps_HeapMemMP_getStats__E)
                  c3020680    00000240     sysbios.lib : BIOS.obj (.text:ti_sysbios_family_c64p_Exception_internalHandler__I)
                  c30208c0    00000240                 : BIOS.obj (.text:ti_sysbios_knl_Semaphore_pend__E)
                  c3020b00    00000240     ti.targets.rts6000.ae674 : LoggerBuf.oe674 (.text:xdc_runtime_LoggerBuf_write8__F)
                  c3020d40    00000220     rts6740_elf.lib : _printfi.obj (.text:_pproc_str)
                  c3020f60    00000220     ipc.lib : Ipc.obj (.text:ti_sdo_ipc_nsremote_NameServerRemoteNotify_swiFxn__I)
                  c3021180    00000220     sysbios.lib : BIOS.obj (.text:ti_sysbios_knl_Task_exit__E)
                  c30213a0    00000200     ipc.lib : Ipc.obj (.text:ListMP_getHead)
                  c30215a0    00000200     rts6740_elf.lib : _printfi.obj (.text:_pconv_g)
                  c30217a0    00000200     sysbios.lib : c64p_Hwi_disp_always.obj (.text:_ti_sysbios_family_c64p_Hwi_dispatchAlways)
                  c30219a0    00000200     ipc.lib : Ipc.obj (.text:ti_sdo_ipc_Ipc_procSyncFinish__I)
                  c3021ba0    00000200             : Ipc.obj (.text:ti_sdo_ipc_notifyDrivers_NotifyDriverShm_Instance_init__F)
                  c3021da0    00000200             : Ipc.obj (.text:ti_sdo_ipc_notifyDrivers_NotifyDriverShm_sendEvent__E)
                  c3021fa0    00000200     sysbios.lib : BIOS.obj (.text:ti_sysbios_gates_GateMutexPri_enter__E)
                  c30221a0    00000200                 : BIOS.obj (.text:ti_sysbios_knl_Task_Instance_finalize__F)
                  c30223a0    000001e0     ipc.lib : Ipc.obj (.text:GateMP_sharedMemReq)
                  c3022580    000001e0             : Ipc.obj (.text:ListMP_openByAddr)
                  c3022760    000001e0     fa.oe674 (.text:_ZN12CurrentCheck3funEyt)
                  c3022940    000001e0     sysbios.lib : BIOS.obj (.text:ti_sysbios_knl_Task_postInit__I)
                  c3022b20    000001c0     rts6740_elf.lib : _printfi.obj (.text:_mcpy)
                  c3022ce0    000001c0     sysbios.lib : BIOS.obj (.text:block$55)
                  c3022ea0    000001c0     atan2sp.oe674 (.text:optasm)
                  c3023060    000001c0     ipc.lib : Ipc.obj (.text:ti_sdo_ipc_GateMP_getFreeResource__I)
                  c3023220    000001c0             : Ipc.obj (.text:ti_sdo_ipc_heaps_HeapMemMP_postInit__I)
                  c30233e0    000001c0     sysbios.lib : BIOS.obj (.text:ti_sysbios_family_c64p_Hwi_reconfig__E)
                  c30235a0    000001c0                 : BIOS.obj (.text:ti_sysbios_knl_Task_checkStacks__E)
                  c3023760    000001a0     ipc.lib : Ipc.obj (.text:Ipc_writeConfig)
                  c3023900    000001a0     rts6740_elf.lib : vec_newdel.obj (.text:_Z17array_new_generalPvjjjS_PFYS_S_ES1_PFYS_jEPFYvS_Eii)
                  c3023aa0    000001a0                     : imath40.obj (.text:__c6xabi_divul)
                  c3023c40    000001a0     debug.oe674 (.text)
                  c3023de0    000001a0     ipc.lib : Ipc.obj (.text:ti_sdo_ipc_notifyDrivers_NotifyDriverShm_registerEvent__E)
                  c3023f80    000001a0             : Ipc.obj (.text:ti_sdo_ipc_notifyDrivers_NotifyDriverShm_unregisterEvent__E)
                  c3024120    000001a0     sysbios.lib : BIOS.obj (.text:ti_sysbios_knl_Task_Instance_init__F)
                  c30242c0    000001a0                 : BIOS.obj (.text:ti_sysbios_timers_timer64_Timer_start__E)
                  c3024460    000001a0     ti.targets.rts6000.ae674 : LoggerBuf.oe674 (.text:xdc_runtime_LoggerBuf_write4__F)
                  c3024600    00000180     rts6740_elf.lib : trgdrv.obj (.text:HOSTrename)
                  c3024780    00000180     ipc.lib : Ipc.obj (.text:NameServer_getHandle)
                  c3024900    00000180     localprotect.oe674 (.text:_ZN5Pulse3funEv)
                  c3024a80    00000180     rts6740_elf.lib : asin.obj (.text:asin)
                  c3024c00    00000180     expsp.oe674 (.text:optasm)
                  c3024d80    00000180     logsp.oe674 (.text:optasm)
                  c3024f00    00000180     rts6740_elf.lib : setvbuf.obj (.text:setvbuf)
                  c3025080    00000180     sysbios.lib : c64p_Exception_asm.obj (.text)
                  c3025200    00000180     ipc.lib : Ipc.obj (.text:ti_sdo_ipc_gates_GatePeterson_enter__E)
                  c3025380    00000180             : Ipc.obj (.text:ti_sdo_ipc_notifyDrivers_NotifyDriverShm_isr__I)
                  c3025500    00000180     sysbios.lib : BIOS.obj (.text:ti_sysbios_heaps_HeapMem_alloc__E)
                  c3025680    00000180                 : BIOS.obj (.text:ti_sysbios_knl_Swi_schedule__I)
                  c3025800    00000180                 : BIOS.obj (.text:ti_sysbios_knl_Task_schedule__I)
                  c3025980    00000180                 : BIOS.obj (.text:ti_sysbios_knl_Task_setPri__E)
                  c3025b00    00000180     ti.targets.rts6000.ae674 : Text.oe674 (.text:xdc_runtime_Text_putSite__F)
                  c3025c80    00000160     ipc.lib : Ipc.obj (.text:ti_sdo_ipc_GateMP_openRegion0Reserved__F)
                  c3025de0    00000160             : Ipc.obj (.text:ti_sdo_ipc_ListMP_Instance_finalize__F)
                  c3025f40    00000160             : Ipc.obj (.text:ti_sdo_ipc_Notify_Instance_init__F)
                  c30260a0    00000160             : Ipc.obj (.text:ti_sdo_ipc_heaps_HeapMemMP_Instance_finalize__F)
                  c3026200    00000160             : Ipc.obj (.text:ti_sdo_utils_NameServer_removeLocal__I)
                  c3026360    00000160     sysbios.lib : BIOS.obj (.text:ti_sysbios_family_c64p_Hwi_dispatchC__I)
                  c30264c0    00000160                 : BIOS.obj (.text:ti_sysbios_heaps_HeapMem_free__E)
                  c3026620    00000160                 : BIOS.obj (.text:ti_sysbios_knl_Task_startup__E)
                  c3026780    00000140     ipc.lib : Ipc.obj (.text:HeapMemMP_openByAddr)
                  c30268c0    00000140             : Ipc.obj (.text:MessageQ_put)
                  c3026a00    00000140             : Ipc.obj (.text:Notify_registerEvent)
                  c3026b40    00000140     localprotect.oe674 (.text:_ZN15DelayStartDelay3funEv)
                  c3026c80    00000140     boot.ae674 : autoinit.oe674 (.text:_auto_init_elf)
                  c3026dc0    00000140     rts6740_elf.lib : _printfi.obj (.text:_pproc_fflags)
                  c3026f00    00000140                     : fputc.obj (.text:fputc)
                  c3027040    00000140                     : lowlev.obj (.text:getdevice)
                  c3027180    00000140                     : sqrt.obj (.text:sqrt)
                  c30272c0    00000140     ipc.lib : Ipc.obj (.text:ti_sdo_ipc_SharedRegion_start__F)
                  c3027400    00000140             : Ipc.obj (.text:ti_sdo_ipc_notifyDrivers_NotifyDriverShm_disableEvent__E)
                  c3027540    00000140             : Ipc.obj (.text:ti_sdo_ipc_transports_TransportShm_openByAddr__F)
                  c3027680    00000140             : Ipc.obj (.text:ti_sdo_ipc_transports_TransportShm_put__E)
                  c30277c0    00000140     sysbios.lib : BIOS.obj (.text:ti_sysbios_family_c64p_Hwi_Module_startup__F)
                  c3027900    00000140                 : BIOS.obj (.text:ti_sysbios_knl_Task_Module_startup__F)
                  c3027a40    00000140                 : BIOS.obj (.text:ti_sysbios_knl_Task_sleep__E)
                  c3027b80    00000120     ipc.lib : Ipc.obj (.text:HeapMemMP_sharedMemReq)
                  c3027ca0    00000120     rts6740_elf.lib : vec_newdel.obj (.text:_Z20array_delete_generalPvijjPFYS_S_EiPFYvS_Eii)
                  c3027dc0    00000120     scada.oe674 (.text:_ZN10_ScadaParaC1Ev)
                  c3027ee0    00000120     rts6740_elf.lib : imath64.obj (.text:__c6xabi_divlli)
                  c3028000    00000120                     : fclose.obj (.text:fclose)
                  c3028120    00000120                     : frexp.obj (.text:frexp)
                  c3028240    00000120     cossp.oe674 (.text:optasm)
                  c3028360    00000120     powsp.oe674 (.text:optasm)
                  c3028480    00000120     sinsp.oe674 (.text:optasm)
                  c30285a0    00000120     thread.oe674 (.text)
                  c30286c0    00000120     ipc.lib : Ipc.obj (.text:ti_sdo_ipc_MessageQ_Module_startup__F)
                  c30287e0    00000120     Dsp_pe674.oe674 (.text:ti_sdo_ipc_Notify_Object__create__S)
                  c3028900    00000120     Dsp_pe674.oe674 (.text:ti_sdo_ipc_gates_GatePeterson_Object__create__S)
                  c3028a20    00000120     Dsp_pe674.oe674 (.text:ti_sdo_ipc_nsremote_NameServerRemoteNotify_Object__create__S)
                  c3028b40    00000120     Dsp_pe674.oe674 (.text:ti_sdo_ipc_transports_TransportShm_Object__create__S)
                  c3028c60    00000120     ipc.lib : Ipc.obj (.text:ti_sdo_ipc_transports_TransportShm_sharedMemReq__F)
                  c3028d80    00000120     sysbios.lib : BIOS.obj (.text:ti_sysbios_family_c64p_Cache_Module_startup__F)
                  c3028ea0    00000120     Dsp_pe674.oe674 (.text:ti_sysbios_family_c64p_Hwi_Object__create__S)
                  c3028fc0    00000120     Dsp_pe674.oe674 (.text:ti_sysbios_hal_Hwi_Object__create__S)
                  c30290e0    00000120     sysbios.lib : BIOS.obj (.text:ti_sysbios_knl_Clock_workFunc__E)
                  c3029200    00000120     Dsp_pe674.oe674 (.text:ti_sysbios_knl_Swi_Object__create__S)
                  c3029320    00000120     Dsp_pe674.oe674 (.text:ti_sysbios_knl_Task_Object__create__S)
                  c3029440    00000120     Dsp_pe674.oe674 (.text:ti_sysbios_timers_timer64_Timer_Object__create__S)
                  c3029560    00000120     ti.targets.rts6000.ae674 : LoggerBuf.oe674 (.text:xdc_runtime_LoggerBuf_setFilterLevel__F)
                  c3029680    00000120                              : Text.oe674 (.text:xdc_runtime_Text_putLab__F)
                  c30297a0    00000100     rts6740_elf.lib : trgdrv.obj (.text:HOSTlseek)
                  c30298a0    00000100     ipc.lib : Ipc.obj (.text:ListMP_sharedMemReq)
                  c30299a0    00000100             : Ipc.obj (.text:Notify_registerEventSingle)
                  c3029aa0    00000100             : Ipc.obj (.text:Notify_sendEvent)
                  c3029ba0    00000100             : Ipc.obj (.text:Notify_unregisterEventSingle)
                  c3029ca0    00000100     fa.oe674 (.text:_ZN12CurrentCheckC1Ev)
                  c3029da0    00000100     fa.oe674 (.text:_ZN19DelayStartDelayPlus19Plus01_T1_1_10_T2_0EbllyP13BASEPROSTATU2)
                  c3029ea0    00000100     rts6740_elf.lib : _printfi.obj (.text:_ltostr)
                  c3029fa0    00000100                     : _io_perm.obj (.text:_wrt_ok)
                  c302a0a0    00000100     sysbios.lib : BIOS.obj (.text:initDevice$44)
                  c302a1a0    00000100     Dsp_pe674.oe674 (.text:ti_sdo_ipc_GateMP_Object__create__S)
                  c302a2a0    00000100     ipc.lib : Ipc.obj (.text:ti_sdo_ipc_GateMP_start__F)
                  c302a3a0    00000100     Dsp_pe674.oe674 (.text:ti_sdo_ipc_ListMP_Object__create__S)
                  c302a4a0    00000100     ipc.lib : Ipc.obj (.text:ti_sdo_ipc_Notify_Instance_finalize__F)
                  c302a5a0    00000100             : Ipc.obj (.text:ti_sdo_ipc_SharedRegion_attach__F)
                  c302a6a0    00000100             : Ipc.obj (.text:ti_sdo_ipc_SharedRegion_clearReservedMemory__F)
                  c302a7a0    00000100     Dsp_pe674.oe674 (.text:ti_sdo_ipc_heaps_HeapMemMP_Object__create__S)
                  c302a8a0    00000100     Dsp_pe674.oe674 (.text:ti_sdo_ipc_notifyDrivers_NotifyDriverShm_Object__create__S)
                  c302a9a0    00000100     ipc.lib : Ipc.obj (.text:ti_sdo_ipc_nsremote_NameServerRemoteNotify_Instance_finalize__F)
                  c302aaa0    00000100             : Ipc.obj (.text:ti_sdo_ipc_transports_TransportShmSetup_attach__E)
                  c302aba0    00000100             : Ipc.obj (.text:ti_sdo_utils_NameServer_findLocal__I)
                  c302aca0    00000100     sysbios.lib : BIOS.obj (.text:ti_sysbios_gates_GateMutexPri_leave__E)
                  c302ada0    00000100                 : BIOS.obj (.text:ti_sysbios_knl_Swi_restoreHwi__E)
                  c302aea0    00000100     ti.targets.rts6000.ae674 : Core-mem.oe674 (.text:xdc_runtime_Core_deleteObject__I)
                  c302afa0    00000100     Dsp_pe674.oe674 (.text:xdc_runtime_LoggerBuf_Object__create__S)
                  c302b0a0    00000100     ti.targets.rts6000.ae674 : LoggerBuf.oe674 (.text:xdc_runtime_LoggerBuf_getFilterLevel__F)
                  c302b1a0    00000100     Dsp_pe674.oe674 (.text:xdc_runtime_Registry_findByNamePattern__E)
                  c302b2a0    00000100     ti.targets.rts6000.ae674 : Startup.oe674 (.text:xdc_runtime_Startup_exec__F)
                  c302b3a0    00000100                              : Text.oe674 (.text:xdc_runtime_Text_putMod__F)
                  c302b4a0    00000100                              : Text.oe674 (.text:xdc_runtime_Text_visitRope2__I)
                  c302b5a0    00000100     Dsp_pe674.oe674 (.text:xdc_runtime_knl_GateThread_Object__create__S)
                  c302b6a0    000000e0     rts6740_elf.lib : trgdrv.obj (.text:HOSTopen)
                  c302b780    000000e0     ipc.lib : Ipc.obj (.text:NameServer_getLocal)
                  c302b860    000000e0     localprotect.oe674 (.text:_ZN10DelayStart3funEv)
                  c302b940    000000e0     localprotect.oe674 (.text:_ZN11ConterSleep3funEv)
                  c302ba20    000000e0     localprotect.oe674 (.text:_ZN12ConterRuning3funEv)
                  c302bb00    000000e0     localprotect.oe674 (.text:_ZN13ConterReached3funEv)
                  c302bbe0    000000e0     rts6740_elf.lib : divi.obj (.text:__divi)
                  c302bcc0    000000e0                     : atoi.obj (.text:atoi)
                  c302bda0    000000e0                     : lowlev.obj (.text:close)
                  c302be80    000000e0     dsp.oe674 (.text)
                  c302bf60    000000e0     rts6740_elf.lib : exit.obj (.text:exit)
                  c302c040    000000e0                     : ltoa.obj (.text:ltoa)
                  c302c120    000000e0                     : memset.obj (.text:memset)
                  c302c200    000000e0     ipc.lib : Ipc.obj (.text:ti_sdo_ipc_Ipc_getMasterAddr__I)
                  c302c2e0    000000e0             : Ipc.obj (.text:ti_sdo_ipc_Ipc_getSlaveAddr__I)
                  c302c3c0    000000e0             : Ipc.obj (.text:ti_sdo_ipc_Notify_detach__F)
                  c302c4a0    000000e0             : Ipc.obj (.text:ti_sdo_ipc_SharedRegion_reserveMemory__F)
                  c302c580    000000e0             : Ipc.obj (.text:ti_sdo_ipc_gates_GatePeterson_sharedMemReq__E)
                  c302c660    000000e0             : Ipc.obj (.text:ti_sdo_utils_NameServer_Module_startup__F)
                  c302c740    000000e0     sysbios.lib : BIOS.obj (.text:ti_sysbios_knl_Clock_startI__E)
                  c302c820    000000e0                 : BIOS.obj (.text:ti_sysbios_knl_Task_unblockI__E)
                  c302c900    000000e0                 : BIOS.obj (.text:ti_sysbios_timers_timer64_Timer_startup__E)
                  c302c9e0    000000e0     ti.targets.rts6000.ae674 : Error.oe674 (.text:xdc_runtime_Error_print__F)
                  c302cac0    000000e0                              : Memory.oe674 (.text:xdc_runtime_Memory_alloc__F)
                  c302cba0    000000e0     Dsp_pe674.oe674 (.text:xdc_runtime_Registry_addModule__E)
                  c302cc80    000000e0     Dsp_pe674.oe674 (.text:xdc_runtime_Registry_findById__E)
                  c302cd60    000000c0     rts6740_elf.lib : trgdrv.obj (.text:HOSTread)
                  c302ce20    000000c0                     : trgdrv.obj (.text:HOSTunlink)
                  c302cee0    000000c0                     : trgdrv.obj (.text:HOSTwrite)
                  c302cfa0    000000c0     ipc.lib : Ipc.obj (.text:HeapMemMP_create)
                  c302d060    000000c0             : Ipc.obj (.text:ListMP_create)
                  c302d120    000000c0             : Ipc.obj (.text:MultiProc_getId)
                  c302d1e0    000000c0             : Ipc.obj (.text:SharedRegion_getId)
                  c302d2a0    000000c0     localprotect.oe674 (.text:_ZN11StartConter3funEv)
                  c302d360    000000c0     localprotect.oe674 (.text:_ZN12ANALOGSTEADY3funEv)
                  c302d420    000000c0     fa.oe674 (.text:_ZN13DirecBaseCalc3FunE7complexS0_ff)
                  c302d4e0    000000c0     fa.oe674 (.text:_ZN6ChzOutC1Ev)
                  c302d5a0    000000c0     localprotect.oe674 (.text:_ZN7NewToolI8BaseToolE6ConfigE8NODEDATA)
                  c302d660    000000c0     rts6740_elf.lib : dtor_list.obj (.text:__cxa_finalize)
                  c302d720    000000c0                     : divu.obj (.text:__divu)
                  c302d7e0    000000c0                     : remi.obj (.text:__remi)
                  c302d8a0    000000c0                     : fopen.obj (.text:_cleanup)
                  c302d960    000000c0                     : _printfi.obj (.text:_div)
                  c302da20    000000c0                     : fflush.obj (.text:_doflush)
                  c302dae0    000000c0                     : fseek.obj (.text:fseek)
                  c302dba0    000000c0                     : lowlev.obj (.text:lseek)
                  c302dc60    000000c0     ipc.lib : Ipc.obj (.text:ti_sdo_ipc_GateMP_attach__F)
                  c302dd20    000000c0             : Ipc.obj (.text:ti_sdo_ipc_ListMP_elemClear__I)
                  c302dde0    000000c0             : Ipc.obj (.text:ti_sdo_ipc_Notify_execMany__I)
                  c302dea0    000000c0             : Ipc.obj (.text:ti_sdo_ipc_family_da830_InterruptDsp_intRegister__E)
                  c302df60    000000c0             : Ipc.obj (.text:ti_sdo_ipc_gates_GatePeterson_postInit__I)
                  c302e020    000000c0             : Ipc.obj (.text:ti_sdo_ipc_nsremote_NameServerRemoteNotify_attach__E)
                  c302e0e0    000000c0             : Ipc.obj (.text:ti_sdo_utils_NameServer_postInit__I)
                  c302e1a0    000000c0     sysbios.lib : BIOS.obj (.text:ti_sysbios_BIOS_errorRaiseHook__I)
                  c302e260    000000c0                 : BIOS.obj (.text:ti_sysbios_family_c64p_Hwi_Instance_init__F)
                  c302e320    000000c0                 : BIOS.obj (.text:ti_sysbios_heaps_HeapMem_getStats__E)
                  c302e3e0    000000c0                 : BIOS.obj (.text:ti_sysbios_knl_Idle_loop__E)
                  c302e4a0    000000c0                 : BIOS.obj (.text:ti_sysbios_knl_Semaphore_post__E)
                  c302e560    000000c0                 : BIOS.obj (.text:ti_sysbios_knl_Swi_run__I)
                  c302e620    000000c0                 : BIOS.obj (.text:ti_sysbios_timers_timer64_Timer_stop__E)
                  c302e6e0    000000c0     rts6740_elf.lib : lowlev.obj (.text:write)
                  c302e7a0    000000c0     ti.targets.rts6000.ae674 : LoggerBuf.oe674 (.text:xdc_runtime_LoggerBuf_Instance_init__F)
                  c302e860    000000c0                              : System.oe674 (.text:xdc_runtime_System_formatNum__I)
                  c302e920    000000c0                              : Text.oe674 (.text:xdc_runtime_Text_matchVisFxn__I)
                  c302e9e0    000000a0     rts6740_elf.lib : trgdrv.obj (.text:HOSTclose)
                  c302ea80    000000a0     ipc.lib : Ipc.obj (.text:SharedRegion_getPtr)
                  c302eb20    000000a0             : Ipc.obj (.text:SharedRegion_getSRPtr)
                  c302ebc0    000000a0     fa.oe674 (.text:_ZN10CURRENTPROC1Ev)
                  c302ec60    000000a0     fa.oe674 (.text:_ZN32DelayStartAndDelayStartDelayTime5TCel1EbmyP12BASEPROSTATU)
                  c302ed00    000000a0     rts6740_elf.lib : new_.obj (.text:_Znwj)
                  c302eda0    000000a0                     : round.obj (.text:__c6xabi_nround)
                  c302ee40    000000a0                     : remu.obj (.text:__remu)
                  c302eee0    000000a0     boot.ae674 : boot.oe674 (.text:_c_int00)
                  c302ef80    000000a0     rts6740_elf.lib : _printfi.obj (.text:_ecpy)
                  c302f020    000000a0                     : _printfi.obj (.text:_fcpy)
                  c302f0c0    000000a0                     : _printfi.obj (.text:_pconv_f)
                  c302f160    000000a0     sysbios.lib : c64p_Hwi_asm.obj (.text:_ti_sysbios_family_c64p_Hwi_plug__E)
                  c302f200    000000a0     delay.oe674 (.text)
                  c302f2a0    000000a0     rts6740_elf.lib : lowlev.obj (.text:finddevice)
                  c302f340    000000a0     Dsp_pe674.oe674 (.text:malloc)
                  c302f3e0    000000a0     rts6740_elf.lib : memcpy64.obj (.text:memcpy)
                  c302f480    000000a0                     : modf.obj (.text:modf)
                  c302f520    000000a0     sqrtsp.oe674 (.text:optasm)
                  c302f5c0    000000a0     ipc.lib : Ipc.obj (.text:ti_sdo_ipc_GateMP_getRegion0ReservedSize__F)
                  c302f660    000000a0     Dsp_pe674.oe674 (.text:ti_sdo_ipc_gates_GateMPSupportNull_Object__create__S)
                  c302f700    000000a0     ipc.lib : Ipc.obj (.text:ti_sdo_ipc_gates_GatePeterson_leave__E)
                  c302f7a0    000000a0             : Ipc.obj (.text:ti_sdo_ipc_notifyDrivers_NotifyDriverShm_Instance_finalize__F)
                  c302f840    000000a0             : Ipc.obj (.text:ti_sdo_ipc_transports_TransportShmSetup_detach__E)
                  c302f8e0    000000a0     sysbios.lib : BIOS.obj (.text:ti_sysbios_heaps_HeapMem_init__I)
                  c302f980    000000a0                 : BIOS.obj (.text:ti_sysbios_knl_Clock_Instance_init__F)
                  c302fa20    000000a0     Dsp_pe674.oe674 (.text:ti_sysbios_knl_Clock_Object__create__S)
                  c302fac0    000000a0     Dsp_pe674.oe674 (.text:ti_sysbios_knl_Clock_doTick__I)
                  c302fb60    000000a0     Dsp_pe674.oe674 (.text:ti_sysbios_knl_Semaphore_Object__create__S)
                  c302fc00    000000a0     sysbios.lib : BIOS.obj (.text:ti_sysbios_knl_Swi_Instance_init__F)
                  c302fca0    000000a0                 : BIOS.obj (.text:ti_sysbios_knl_Swi_post__E)
                  c302fd40    000000a0     ti.targets.rts6000.ae674 : Assert.oe674 (.text:xdc_runtime_Assert_raise__I)
                  c302fde0    000000a0                              : LoggerBuf.oe674 (.text:xdc_runtime_LoggerBuf_Module_startup__F)
                  c302fe80    000000a0                              : Registry.oe674 (.text:xdc_runtime_Registry_addModule__F)
                  c302ff20    000000a0                              : Registry.oe674 (.text:xdc_runtime_Registry_findByName__F)
                  c302ffc0    000000a0                              : SysMin.oe674 (.text:xdc_runtime_SysMin_abort__F)
                  c3030060    000000a0                              : SysMin.oe674 (.text:xdc_runtime_SysMin_flush__F)
                  c3030100    000000a0                              : SysMin.oe674 (.text:xdc_runtime_SysMin_putch__F)
                  c30301a0    00000080     ipc.lib : Ipc.obj (.text:GateMP_close)
                  c3030220    00000080             : Ipc.obj (.text:HeapMemMP_restore)
                  c30302a0    00000080             : Ipc.obj (.text:Ipc_stop)
                  c3030320    00000080     rts6740_elf.lib : dtor_list.obj (.text:_Z11__TI_atexitPFYvPvES_S_)
                  c30303a0    00000080     localprotect.oe674 (.text:_ZN10StopConter3funEv)
                  c3030420    00000080     localprotect.oe674 (.text:_ZN12LocalProtectC1Ev)
                  c30304a0    00000080     fa.oe674 (.text:_ZN15ConterDelayPlus11CheckConterEyP9setmstime)
                  c3030520    00000080     localprotect.oe674 (.text:_ZN5Pulse6ConfigE8NODEDATA)
                  c30305a0    00000080     localprotect.oe674 (.text:_ZN6STEADY3funEv)
                  c3030620    00000080     localprotect.oe674 (.text:_ZN7COMPARE3funEv)
                  c30306a0    00000080     fa.oe674 (.text:_ZN7Counter11CheckConterEyP9setmstime)
                  c3030720    00000080     fa.oe674 (.text:_ZN7_FaParaC1Ev)
                  c30307a0    00000080     rts6740_elf.lib : llshift.obj (.text:__c6xabi_llshl)
                  c3030820    00000080     sysbios.lib : c62_TaskSupport_asm.obj (.text:_ti_sysbios_family_c62_TaskSupport_swap__E)
                  c30308a0    00000080     rts6740_elf.lib : fprintf.obj (.text:fprintf)
                  c3030920    00000080                     : printf.obj (.text:printf)
                  c30309a0    00000080                     : trgmsg.obj (.text:readmsg)
                  c3030a20    00000080     ipc.lib : Ipc.obj (.text:ti_sdo_ipc_Notify_Module_startup__F)
                  c3030aa0    00000080             : Ipc.obj (.text:ti_sdo_ipc_family_da830_NotifySetup_sharedMemReq__E)
                  c3030b20    00000080             : Ipc.obj (.text:ti_sdo_ipc_notifyDrivers_NotifyDriverShm_sharedMemReq__F)
                  c3030ba0    00000080             : Ipc.obj (.text:ti_sdo_ipc_nsremote_NameServerRemoteNotify_detach__E)
                  c3030c20    00000080             : Ipc.obj (.text:ti_sdo_ipc_transports_TransportShm_swiFxn__I)
                  c3030ca0    00000080     Dsp_pe674.oe674 (.text:ti_sdo_utils_List_Object__create__S)
                  c3030d20    00000080     Dsp_pe674.oe674 (.text:ti_sysbios_BIOS_exitFunc__I)
                  c3030da0    00000080     sysbios.lib : BIOS.obj (.text:ti_sysbios_family_c62_TaskSupport_start__E)
                  c3030e20    00000080                 : BIOS.obj (.text:ti_sysbios_family_c64p_Hwi_Instance_finalize__F)
                  c3030ea0    00000080                 : BIOS.obj (.text:ti_sysbios_family_c64p_Hwi_eventMap__E)
                  c3030f20    00000080     Dsp_pe674.oe674 (.text:ti_sysbios_gates_GateAll_Object__create__S)
                  c3030fa0    00000080     Dsp_pe674.oe674 (.text:ti_sysbios_gates_GateHwi_Object__create__S)
                  c3031020    00000080     Dsp_pe674.oe674 (.text:ti_sysbios_gates_GateMutexPri_Object__create__S)
                  c30310a0    00000080     Dsp_pe674.oe674 (.text:ti_sysbios_gates_GateMutex_Object__create__S)
                  c3031120    00000080     sysbios.lib : BIOS.obj (.text:ti_sysbios_gates_GateMutex_enter__E)
                  c30311a0    00000080     Dsp_pe674.oe674 (.text:ti_sysbios_gates_GateSwi_Object__create__S)
                  c3031220    00000080     sysbios.lib : BIOS.obj (.text:ti_sysbios_heaps_HeapMem_Instance_init__F)
                  c30312a0    00000080     Dsp_pe674.oe674 (.text:ti_sysbios_heaps_HeapMem_Object__create__S)
                  c3031320    00000080     sysbios.lib : BIOS.obj (.text:ti_sysbios_knl_Clock_Module_startup__F)
                  c30313a0    00000080                 : BIOS.obj (.text:ti_sysbios_knl_Clock_getTicks__E)
                  c3031420    00000080     Dsp_pe674.oe674 (.text:ti_sysbios_knl_Queue_Object__create__S)
                  c30314a0    00000080     sysbios.lib : BIOS.obj (.text:ti_sysbios_knl_Swi_restore__E)
                  c3031520    00000080                 : BIOS.obj (.text:ti_sysbios_knl_Swi_startup__E)
                  c30315a0    00000080                 : BIOS.obj (.text:ti_sysbios_knl_Task_restore__E)
                  c3031620    00000080                 : BIOS.obj (.text:ti_sysbios_knl_Task_yield__E)
                  c30316a0    00000080                 : BIOS.obj (.text:ti_sysbios_timers_timer64_Timer_Instance_finalize__F)
                  c3031720    00000080                 : BIOS.obj (.text:ti_sysbios_timers_timer64_Timer_getExpiredCounts__E)
                  c30317a0    00000080                 : BIOS.obj (.text:ti_sysbios_timers_timer64_Timer_getPeriod__E)
                  c3031820    00000080     Dsp_pe674.oe674 (.text:ti_sysbios_xdcruntime_GateThreadSupport_Object__create__S)
                  c30318a0    00000080     rts6740_elf.lib : lowlev.obj (.text:unlink)
                  c3031920    00000080     ti.targets.rts6000.ae674 : Core-label.oe674 (.text:xdc_runtime_Core_assignLabel__I)
                  c30319a0    00000080                              : Core-params.oe674 (.text:xdc_runtime_Core_assignParams__I)
                  c3031a20    00000080                              : LoggerBuf.oe674 (.text:xdc_runtime_LoggerBuf_filterOutEvent__I)
                  c3031aa0    00000080                              : Registry.oe674 (.text:xdc_runtime_Registry_findByNamePattern__F)
                  c3031b20    00000080                              : Registry.oe674 (.text:xdc_runtime_Registry_matchPattern__I)
                  c3031ba0    00000080     Dsp_pe674.oe674 (.text:xdc_runtime_SysMin_output__I)
                  c3031c20    00000080     ti.targets.rts6000.ae674 : System.oe674 (.text:xdc_runtime_System_atexit__F)
                  c3031ca0    00000080                              : System.oe674 (.text:xdc_runtime_System_rtsExit__I)
                  c3031d20    00000080                              : Text.oe674 (.text:xdc_runtime_Text_printVisFxn__I)
                  c3031da0    00000080                              : Text.oe674 (.text:xdc_runtime_Text_xprintf__I)
                  c3031e20    00000060     ipc.lib : Ipc.obj (.text:GateMP_Params_init)
                  c3031e80    00000060             : Ipc.obj (.text:HeapMemMP_Params_init)
                  c3031ee0    00000060             : Ipc.obj (.text:Notify_numIntLines)
                  c3031f40    00000060             : Ipc.obj (.text:Notify_sharedMemReq)
                  c3031fa0    00000060     localprotect.oe674 (.text:_ZN10COMPARETAB6GetLabEv)
                  c3032000    00000060     localprotect.oe674 (.text:_ZN10DelayStart6ConfigE8NODEDATA)
                  c3032060    00000060     localprotect.oe674 (.text:_ZN10HIGHANALOG3funEv)
                  c30320c0    00000060     localprotect.oe674 (.text:_ZN11StartConter6ConfigE8NODEDATA)
                  c3032120    00000060     localprotect.oe674 (.text:_ZN12ANALOGSTEADY6ConfigE8NODEDATA)
                  c3032180    00000060     localprotect.oe674 (.text:_ZN12LOWANALOGTAB6GetLabEv)
                  c30321e0    00000060     localprotect.oe674 (.text:_ZN13DelayStartTAB6GetLabEv)
                  c3032240    00000060     localprotect.oe674 (.text:_ZN13HIGHANALOGTAB6GetLabEv)
                  c30322a0    00000060     localprotect.oe674 (.text:_ZN13StopConterTAB6GetLabEv)
                  c3032300    00000060     localprotect.oe674 (.text:_ZN14ConterSleepTAB6GetLabEv)
                  c3032360    00000060     localprotect.oe674 (.text:_ZN14StartConterTAB6GetLabEv)
                  c30323c0    00000060     localprotect.oe674 (.text:_ZN15ANALOGSTEADYTAB6GetLabEv)
                  c3032420    00000060     fa.oe674 (.text:_ZN15ConterDelayPlus11StartConterEmyP9setmstime)
                  c3032480    00000060     localprotect.oe674 (.text:_ZN15ConterRuningTAB6GetLabEv)
                  c30324e0    00000060     localprotect.oe674 (.text:_ZN15DelayStartDelay6ConfigE8NODEDATA)
                  c3032540    00000060     localprotect.oe674 (.text:_ZN16ConterReachedTAB6GetLabEv)
                  c30325a0    00000060     localprotect.oe674 (.text:_ZN18DelayStartDelayTAB6GetLabEv)
                  c3032600    00000060     localprotect.oe674 (.text:_ZN3XOR3funEv)
                  c3032660    00000060     localprotect.oe674 (.text:_ZN4XNOR3funEv)
                  c30326c0    00000060     localprotect.oe674 (.text:_ZN5ORTAB6GetLabEv)
                  c3032720    00000060     localprotect.oe674 (.text:_ZN6ANDTAB6GetLabEv)
                  c3032780    00000060     localprotect.oe674 (.text:_ZN6LPPARAC1Ev)
                  c30327e0    00000060     localprotect.oe674 (.text:_ZN6NOTTAB6GetLabEv)
                  c3032840    00000060     localprotect.oe674 (.text:_ZN6XORTAB6GetLabEv)
                  c30328a0    00000060     localprotect.oe674 (.text:_ZN7COMPARE6ConfigE8NODEDATA)
                  c3032900    00000060     fa.oe674 (.text:_ZN7Counter11StartConterEmyP9setmstime)
                  c3032960    00000060     localprotect.oe674 (.text:_ZN7NANDTAB6GetLabEv)
                  c30329c0    00000060     localprotect.oe674 (.text:_ZN7XNORTAB6GetLabEv)
                  c3032a20    00000060     localprotect.oe674 (.text:_ZN8EQUALTAB6GetLabEv)
                  c3032a80    00000060     localprotect.oe674 (.text:_ZN8PulseTAB6GetLabEv)
                  c3032ae0    00000060     fa.oe674 (.text:_ZN9ActionOut10ReadSoeIRFEt)
                  c3032b40    00000060     localprotect.oe674 (.text:_ZN9LOWANALOG3funEv)
                  c3032ba0    00000060     localprotect.oe674 (.text:_ZN9STEADYTAB6GetLabEv)
                  c3032c00    00000060     rts6740_elf.lib : vec_newdel.obj (.text:__cxa_vec_ctor)
                  c3032c60    00000060                     : imath64.obj (.text:_subcull)
                  c3032cc0    00000060     sysbios.lib : BIOS.obj (.text:all$55)
                  c3032d20    00000060                 : BIOS.obj (.text:marInit$55)
                  c3032d80    00000060     rts6740_elf.lib : memccpy.obj (.text:memccpy)
                  c3032de0    00000060     sysbios.lib : BIOS.obj (.text:rtsUnlock$0)
                  c3032e40    00000060     rts6740_elf.lib : strcpy.obj (.text:strcpy)
                  c3032ea0    00000060                     : strpbrk.obj (.text:strpbrk)
                  c3032f00    00000060     Dsp_pe674.oe674 (.text:ti_sdo_ipc_GateMP_Object__delete__S)
                  c3032f60    00000060     ipc.lib : Ipc.obj (.text:ti_sdo_ipc_GateMP_createLocal__F)
                  c3032fc0    00000060             : Ipc.obj (.text:ti_sdo_ipc_Ipc_getRegion0ReservedSize__I)
                  c3033020    00000060     Dsp_pe674.oe674 (.text:ti_sdo_ipc_ListMP_Object__delete__S)
                  c3033080    00000060     Dsp_pe674.oe674 (.text:ti_sdo_ipc_Notify_Object__delete__S)
                  c30330e0    00000060     Dsp_pe674.oe674 (.text:ti_sdo_ipc_gates_GateMPSupportNull_Handle__label__S)
                  c3033140    00000060     Dsp_pe674.oe674 (.text:ti_sdo_ipc_gates_GateMPSupportNull_Object__delete__S)
                  c30331a0    00000060     Dsp_pe674.oe674 (.text:ti_sdo_ipc_gates_GatePeterson_Handle__label__S)
                  c3033200    00000060     ipc.lib : Ipc.obj (.text:ti_sdo_ipc_gates_GatePeterson_Instance_finalize__F)
                  c3033260    00000060     Dsp_pe674.oe674 (.text:ti_sdo_ipc_gates_GatePeterson_Object__delete__S)
                  c30332c0    00000060     Dsp_pe674.oe674 (.text:ti_sdo_ipc_heaps_HeapMemMP_Handle__label__S)
                  c3033320    00000060     Dsp_pe674.oe674 (.text:ti_sdo_ipc_heaps_HeapMemMP_Object__delete__S)
                  c3033380    00000060     Dsp_pe674.oe674 (.text:ti_sdo_ipc_notifyDrivers_NotifyDriverShm_Handle__label__S)
                  c30333e0    00000060     Dsp_pe674.oe674 (.text:ti_sdo_ipc_notifyDrivers_NotifyDriverShm_Object__delete__S)
                  c3033440    00000060     ipc.lib : Ipc.obj (.text:ti_sdo_ipc_notifyDrivers_NotifyDriverShm_enableEvent__E)
                  c30334a0    00000060             : Ipc.obj (.text:ti_sdo_ipc_notifyDrivers_NotifyDriverShm_setNotifyHandle__E)
                  c3033500    00000060     Dsp_pe674.oe674 (.text:ti_sdo_ipc_nsremote_NameServerRemoteNotify_Handle__label__S)
                  c3033560    00000060     Dsp_pe674.oe674 (.text:ti_sdo_ipc_nsremote_NameServerRemoteNotify_Object__delete__S)
                  c30335c0    00000060     ipc.lib : Ipc.obj (.text:ti_sdo_ipc_transports_TransportShmSetup_sharedMemReq__E)
                  c3033620    00000060     Dsp_pe674.oe674 (.text:ti_sdo_ipc_transports_TransportShm_Handle__label__S)
                  c3033680    00000060     Dsp_pe674.oe674 (.text:ti_sdo_ipc_transports_TransportShm_Object__delete__S)
                  c30336e0    00000060     sysbios.lib : BIOS.obj (.text:ti_sysbios_BIOS_registerRTSLock__I)
                  c3033740    00000060                 : BIOS.obj (.text:ti_sysbios_family_c64p_Cache_setMar__E)
                  c30337a0    00000060                 : BIOS.obj (.text:ti_sysbios_family_c64p_Cache_wait__E)
                  c3033800    00000060                 : BIOS.obj (.text:ti_sysbios_family_c64p_Exception_Module_startup__F)
                  c3033860    00000060     Dsp_pe674.oe674 (.text:ti_sysbios_family_c64p_Hwi_Object__delete__S)
                  c30338c0    00000060     sysbios.lib : BIOS.obj (.text:ti_sysbios_family_c64p_primus_TimerSupport_enable__E)
                  c3033920    00000060     Dsp_pe674.oe674 (.text:ti_sysbios_gates_GateAll_Handle__label__S)
                  c3033980    00000060     Dsp_pe674.oe674 (.text:ti_sysbios_gates_GateAll_Object__delete__S)
                  c30339e0    00000060     sysbios.lib : BIOS.obj (.text:ti_sysbios_gates_GateAll_enter__E)
                  c3033a40    00000060     Dsp_pe674.oe674 (.text:ti_sysbios_gates_GateHwi_Handle__label__S)
                  c3033aa0    00000060     Dsp_pe674.oe674 (.text:ti_sysbios_gates_GateHwi_Object__delete__S)
                  c3033b00    00000060     Dsp_pe674.oe674 (.text:ti_sysbios_gates_GateMutexPri_Handle__label__S)
                  c3033b60    00000060     Dsp_pe674.oe674 (.text:ti_sysbios_gates_GateMutexPri_Object__delete__S)
                  c3033bc0    00000060     Dsp_pe674.oe674 (.text:ti_sysbios_gates_GateMutex_Handle__label__S)
                  c3033c20    00000060     sysbios.lib : BIOS.obj (.text:ti_sysbios_gates_GateMutex_Instance_init__F)
                  c3033c80    00000060     Dsp_pe674.oe674 (.text:ti_sysbios_gates_GateMutex_Object__delete__S)
                  c3033ce0    00000060     Dsp_pe674.oe674 (.text:ti_sysbios_gates_GateSwi_Handle__label__S)
                  c3033d40    00000060     Dsp_pe674.oe674 (.text:ti_sysbios_gates_GateSwi_Object__delete__S)
                  c3033da0    00000060     sysbios.lib : BIOS.obj (.text:ti_sysbios_hal_Hwi_Instance_init__F)
                  c3033e00    00000060     Dsp_pe674.oe674 (.text:ti_sysbios_hal_Hwi_Object__delete__S)
                  c3033e60    00000060     sysbios.lib : BIOS.obj (.text:ti_sysbios_hal_Hwi_checkStack:ti_sysbios_hal_Hwi_checkStack)
                  c3033ec0    00000060                 : BIOS.obj (.text:ti_sysbios_hal_Hwi_initStack:ti_sysbios_hal_Hwi_initStack)
                  c3033f20    00000060     Dsp_pe674.oe674 (.text:ti_sysbios_heaps_HeapMem_Handle__label__S)
                  c3033f80    00000060     Dsp_pe674.oe674 (.text:ti_sysbios_heaps_HeapMem_Object__delete__S)
                  c3033fe0    00000060     sysbios.lib : BIOS.obj (.text:ti_sysbios_knl_Clock_setupTimerToSkipTicks__E)
                  c3034040    00000060                 : BIOS.obj (.text:ti_sysbios_knl_Semaphore_Instance_init__F)
                  c30340a0    00000060     Dsp_pe674.oe674 (.text:ti_sysbios_knl_Semaphore_Object__delete__S)
                  c3034100    00000060     sysbios.lib : BIOS.obj (.text:ti_sysbios_knl_Semaphore_pendTimeout__I)
                  c3034160    00000060                 : BIOS.obj (.text:ti_sysbios_knl_Swi_Module_startup__F)
                  c30341c0    00000060     Dsp_pe674.oe674 (.text:ti_sysbios_knl_Task_Object__delete__S)
                  c3034220    00000060     sysbios.lib : BIOS.obj (.text:ti_sysbios_knl_Task_allBlockedFunction__I)
                  c3034280    00000060                 : BIOS.obj (.text:ti_sysbios_knl_Task_enter__I)
                  c30342e0    00000060     Dsp_pe674.oe674 (.text:ti_sysbios_xdcruntime_GateThreadSupport_Object__delete__S)
                  c3034340    00000060     ti.syslink.ipc.rtos.ae674 : Syslink.oe674 (.text:ti_syslink_ipc_rtos_Syslink_attach)
                  c30343a0    00000060     rts6740_elf.lib : trgmsg.obj (.text:writemsg)
                  c3034400    00000060     Dsp_pe674.oe674 (.text:xdc_runtime_GateNull_Handle__label__S)
                  c3034460    00000060     Dsp_pe674.oe674 (.text:xdc_runtime_GateNull_Object__create__S)
                  c30344c0    00000060     Dsp_pe674.oe674 (.text:xdc_runtime_GateNull_Object__delete__S)
                  c3034520    00000060     Dsp_pe674.oe674 (.text:xdc_runtime_LoggerBuf_Handle__label__S)
                  c3034580    00000060     Dsp_pe674.oe674 (.text:xdc_runtime_LoggerBuf_Object__delete__S)
                  c30345e0    00000060     ti.targets.rts6000.ae674 : Memory.oe674 (.text:xdc_runtime_Memory_calloc__F)
                  c3034640    00000060                              : Memory.oe674 (.text:xdc_runtime_Memory_valloc__F)
                  c30346a0    00000060                              : SysMin.oe674 (.text:xdc_runtime_SysMin_Module_startup__F)
                  c3034700    00000060                              : SysMin.oe674 (.text:xdc_runtime_SysMin_exit__F)
                  c3034760    00000060                              : System.oe674 (.text:xdc_runtime_System_aprintf_va__F)
                  c30347c0    00000060                              : System.oe674 (.text:xdc_runtime_System_printf_va__F)
                  c3034820    00000060                              : Text.oe674 (.text:xdc_runtime_Text_cordText__F)
                  c3034880    00000060     Dsp_pe674.oe674 (.text:xdc_runtime_knl_GateThread_Handle__label__S)
                  c30348e0    00000060     Dsp_pe674.oe674 (.text:xdc_runtime_knl_GateThread_Object__delete__S)
                  c3034940    00000040     ipc.lib : Ipc.obj (.text:Notify_intLineRegistered)
                  c3034980    00000040     rts6740_elf.lib : vec_newdel.obj (.text:_Z10free_arrayPvjjPFYvS_Ei)
                  c30349c0    00000040     localprotect.oe674 (.text:_ZN10COMPARETABC1Ev)
                  c3034a00    00000040     localprotect.oe674 (.text:_ZN10DelayStartC1Ev)
                  c3034a40    00000040     localprotect.oe674 (.text:_ZN10HIGHANALOG6ConfigE8NODEDATA)
                  c3034a80    00000040     localprotect.oe674 (.text:_ZN10HIGHANALOGC1Ev)
                  c3034ac0    00000040     localprotect.oe674 (.text:_ZN10StopConter6ConfigE8NODEDATA)
                  c3034b00    00000040     localprotect.oe674 (.text:_ZN10StopConterC1Ev)
                  c3034b40    00000040     localprotect.oe674 (.text:_ZN11ConterSleep6ConfigE8NODEDATA)
                  c3034b80    00000040     localprotect.oe674 (.text:_ZN11ConterSleepC1Ev)
                  c3034bc0    00000040     fa.oe674 (.text:_ZN11HighCurrent7HighFunEff)
                  c3034c00    00000040     localprotect.oe674 (.text:_ZN11StartConterC1Ev)
                  c3034c40    00000040     localprotect.oe674 (.text:_ZN12ANALOGSTEADYC1Ev)
                  c3034c80    00000040     localprotect.oe674 (.text:_ZN12ConterRuning6ConfigE8NODEDATA)
                  c3034cc0    00000040     localprotect.oe674 (.text:_ZN12ConterRuningC1Ev)
                  c3034d00    00000040     fa.oe674 (.text:_ZN12CurrentCheck10ReadSoeIRFEv)
                  c3034d40    00000040     localprotect.oe674 (.text:_ZN12LOWANALOGTABC1Ev)
                  c3034d80    00000040     localprotect.oe674 (.text:_ZN12LocalProtectD1Ev)
                  c3034dc0    00000040     localprotect.oe674 (.text:_ZN13ConterReached6ConfigE8NODEDATA)
                  c3034e00    00000040     localprotect.oe674 (.text:_ZN13ConterReachedC1Ev)
                  c3034e40    00000040     localprotect.oe674 (.text:_ZN13DelayStartTABC1Ev)
                  c3034e80    00000040     localprotect.oe674 (.text:_ZN13HIGHANALOGTABC1Ev)
                  c3034ec0    00000040     localprotect.oe674 (.text:_ZN13StopConterTABC1Ev)
                  c3034f00    00000040     localprotect.oe674 (.text:_ZN14ConterSleepTABC1Ev)
                  c3034f40    00000040     localprotect.oe674 (.text:_ZN14StartConterTABC1Ev)
                  c3034f80    00000040     localprotect.oe674 (.text:_ZN15ANALOGSTEADYTABC1Ev)
                  c3034fc0    00000040     fa.oe674 (.text:_ZN15ConterDelayPlus10StopConterEP9setmstime)
                  c3035000    00000040     localprotect.oe674 (.text:_ZN15ConterRuningTABC1Ev)
                  c3035040    00000040     localprotect.oe674 (.text:_ZN15DelayStartDelayC1Ev)
                  c3035080    00000040     localprotect.oe674 (.text:_ZN16ConterReachedTABC1Ev)
                  c30350c0    00000040     localprotect.oe674 (.text:_ZN18DelayStartDelayTABC1Ev)
                  c3035100    00000040     localprotect.oe674 (.text:_ZN2OR3funEv)
                  c3035140    00000040     localprotect.oe674 (.text:_ZN2OR6ConfigE8NODEDATA)
                  c3035180    00000040     localprotect.oe674 (.text:_ZN2ORC1Ev)
                  c30351c0    00000040     localprotect.oe674 (.text:_ZN3AND3funEv)
                  c3035200    00000040     localprotect.oe674 (.text:_ZN3AND6ConfigE8NODEDATA)
                  c3035240    00000040     localprotect.oe674 (.text:_ZN3ANDC1Ev)
                  c3035280    00000040     localprotect.oe674 (.text:_ZN3NOT3funEv)
                  c30352c0    00000040     localprotect.oe674 (.text:_ZN3NOT6ConfigE8NODEDATA)
                  c3035300    00000040     localprotect.oe674 (.text:_ZN3NOTC1Ev)
                  c3035340    00000040     localprotect.oe674 (.text:_ZN3XOR6ConfigE8NODEDATA)
                  c3035380    00000040     localprotect.oe674 (.text:_ZN3XORC1Ev)
                  c30353c0    00000040     localprotect.oe674 (.text:_ZN4NAND3funEv)
                  c3035400    00000040     localprotect.oe674 (.text:_ZN4NAND6ConfigE8NODEDATA)
                  c3035440    00000040     localprotect.oe674 (.text:_ZN4NANDC1Ev)
                  c3035480    00000040     localprotect.oe674 (.text:_ZN4XNOR6ConfigE8NODEDATA)
                  c30354c0    00000040     localprotect.oe674 (.text:_ZN4XNORC1Ev)
                  c3035500    00000040     localprotect.oe674 (.text:_ZN5EQUAL3funEv)
                  c3035540    00000040     localprotect.oe674 (.text:_ZN5EQUAL6ConfigE8NODEDATA)
                  c3035580    00000040     localprotect.oe674 (.text:_ZN5EQUALC1Ev)
                  c30355c0    00000040     localprotect.oe674 (.text:_ZN5ORTABC1Ev)
                  c3035600    00000040     localprotect.oe674 (.text:_ZN5PulseC1Ev)
                  c3035640    00000040     localprotect.oe674 (.text:_ZN6ANDTABC1Ev)
                  c3035680    00000040     localprotect.oe674 (.text:_ZN6FAPARAC1Ev)
                  c30356c0    00000040     localprotect.oe674 (.text:_ZN6NOTTABC1Ev)
                  c3035700    00000040     localprotect.oe674 (.text:_ZN6STEADY6ConfigE8NODEDATA)
                  c3035740    00000040     localprotect.oe674 (.text:_ZN6STEADYC1Ev)
                  c3035780    00000040     localprotect.oe674 (.text:_ZN6XORTABC1Ev)
                  c30357c0    00000040     message.oe674 (.text:_ZN7BaseApp6GetMsgE11MessageDataI12BaseDataTypeE)
                  c3035800    00000040     message.oe674 (.text:_ZN7BaseAppC1Ev)
                  c3035840    00000040     localprotect.oe674 (.text:_ZN7COMPAREC1Ev)
                  c3035880    00000040     localprotect.oe674 (.text:_ZN7NANDTABC1Ev)
                  c30358c0    00000040     localprotect.oe674 (.text:_ZN7NewToolI8BaseToolE3funEv)
                  c3035900    00000040     localprotect.oe674 (.text:_ZN7NewToolI8BaseToolEC1Ev)
                  c3035940    00000040     localprotect.oe674 (.text:_ZN7XNORTABC1Ev)
                  c3035980    00000040     localprotect.oe674 (.text:_ZN8EQUALTABC1Ev)
                  c30359c0    00000040     localprotect.oe674 (.text:_ZN8PulseTABC1Ev)
                  c3035a00    00000040     scada.oe674 (.text:_ZN9DataType4C1Ev)
                  c3035a40    00000040     localprotect.oe674 (.text:_ZN9LOWANALOG6ConfigE8NODEDATA)
                  c3035a80    00000040     localprotect.oe674 (.text:_ZN9LOWANALOGC1Ev)
                  c3035ac0    00000040     localprotect.oe674 (.text:_ZN9STEADYTABC1Ev)
                  c3035b00    00000040     rts6740_elf.lib : frcmpyd_div.obj (.text:__c6xabi_frcmpyd_div)
                  c3035b40    00000040                     : isinf.obj (.text:__c6xabi_isinf)
                  c3035b80    00000040                     : _printfi.obj (.text:__c6xabi_isnan)
                  c3035bc0    00000040                     : llshift.obj (.text:__c6xabi_llshru)
                  c3035c00    00000040                     : vec_newdel.obj (.text:__cxa_vec_dtor)
                  c3035c40    00000040                     : strasg.obj (.text:__strasgi_64plus)
                  c3035c80    00000040                     : args_main.obj (.text:_args_main)
                  c3035cc0    00000040     sysbios.lib : c62_TaskSupport_asm.obj (.text:_ti_sysbios_family_c62_TaskSupport_buildTaskStack)
                  c3035d00    00000040                 : c64p_Hwi_asm_switch.obj (.text:_ti_sysbios_family_xxx_Hwi_switchToIsrStack)
                  c3035d40    00000040     Dsp_pe674.oe674 (.text:free)
                  c3035d80    00000040     rts6740_elf.lib : abs.obj (.text:llabs)
                  c3035dc0    00000040     sysbios.lib : BIOS.obj (.text:rtsLock$0)
                  c3035e00    00000040     ipc.lib : Ipc.obj (.text:ti_sdo_ipc_MessageQ_registerTransport__F)
                  c3035e40    00000040             : Ipc.obj (.text:ti_sdo_ipc_MessageQ_unregisterTransport__F)
                  c3035e80    00000040             : Ipc.obj (.text:ti_sdo_ipc_Notify_exec__F)
                  c3035ec0    00000040             : Ipc.obj (.text:ti_sdo_ipc_SharedRegion_resetInternalFields__F)
                  c3035f00    00000040             : Ipc.obj (.text:ti_sdo_ipc_family_da830_InterruptDsp_intClear__E)
                  c3035f40    00000040             : Ipc.obj (.text:ti_sdo_ipc_family_da830_InterruptDsp_intSend__E)
                  c3035f80    00000040             : Ipc.obj (.text:ti_sdo_ipc_nsremote_NameServerRemoteNotify_sharedMemReq__E)
                  c3035fc0    00000040             : Ipc.obj (.text:ti_sdo_utils_List_get__E)
                  c3036000    00000040             : Ipc.obj (.text:ti_sdo_utils_List_putHead__E)
                  c3036040    00000040             : Ipc.obj (.text:ti_sdo_utils_List_put__E)
                  c3036080    00000040     Dsp_pe674.oe674 (.text:ti_sdo_utils_NameServer_Module__startupDone__F)
                  c30360c0    00000040     Dsp_pe674.oe674 (.text:ti_sdo_utils_NameServer_Object__get__S)
                  c3036100    00000040     ipc.lib : Ipc.obj (.text:ti_sdo_utils_NameServer_registerRemoteDriver__E)
                  c3036140    00000040             : Ipc.obj (.text:ti_sdo_utils_NameServer_unregisterRemoteDriver__E)
                  c3036180    00000040     Dsp_pe674.oe674 (.text:ti_sysbios_BIOS_startFunc__I)
                  c30361c0    00000040     Dsp_pe674.oe674 (.text:ti_sysbios_family_c64p_Hwi_Module__startupDone__F)
                  c3036200    00000040     sysbios.lib : BIOS.obj (.text:ti_sysbios_family_c64p_Hwi_disableInterrupt__E)
                  c3036240    00000040                 : BIOS.obj (.text:ti_sysbios_family_c64p_Hwi_enableInterrupt__E)
                  c3036280    00000040                 : BIOS.obj (.text:ti_sysbios_gates_GateAll_leave__E)
                  c30362c0    00000040                 : BIOS.obj (.text:ti_sysbios_gates_GateMutexPri_Instance_init__F)
                  c3036300    00000040     Dsp_pe674.oe674 (.text:ti_sysbios_gates_GateMutexPri_Object__destruct__S)
                  c3036340    00000040     sysbios.lib : BIOS.obj (.text:ti_sysbios_gates_GateMutex_leave__E)
                  c3036380    00000040                 : BIOS.obj (.text:ti_sysbios_hal_Hwi_Instance_finalize__F)
                  c30363c0    00000040     Dsp_pe674.oe674 (.text:ti_sysbios_hal_Timer_Module__startupDone__F)
                  c3036400    00000040     Dsp_pe674.oe674 (.text:ti_sysbios_heaps_HeapMem_Object__get__S)
                  c3036440    00000040     sysbios.lib : BIOS.obj (.text:ti_sysbios_knl_Clock_Instance_finalize__F)
                  c3036480    00000040     Dsp_pe674.oe674 (.text:ti_sysbios_knl_Clock_Object__destruct__S)
                  c30364c0    00000040     Dsp_pe674.oe674 (.text:ti_sysbios_knl_Semaphore_Object__destruct__S)
                  c3036500    00000040     Dsp_pe674.oe674 (.text:ti_sysbios_knl_Swi_Object__destruct__S)
                  c3036540    00000040     Dsp_pe674.oe674 (.text:ti_sysbios_knl_Swi_Object__get__S)
                  c3036580    00000040     Dsp_pe674.oe674 (.text:ti_sysbios_knl_Task_Object__get__S)
                  c30365c0    00000040     sysbios.lib : BIOS.obj (.text:ti_sysbios_knl_Task_sleepTimeout__I)
                  c3036600    00000040     Dsp_pe674.oe674 (.text:ti_sysbios_timers_timer64_Timer_Module__startupDone__F)
                  c3036640    00000040     sysbios.lib : BIOS.obj (.text:ti_sysbios_xdcruntime_GateThreadSupport_Instance_init__F)
                  c3036680    00000040     ti.syslink.ipc.rtos.ae674 : Syslink.oe674 (.text:ti_syslink_ipc_rtos_Syslink_detach)
                  c30366c0    00000040     ti.targets.rts6000.ae674 : Error.oe674 (.text:xdc_runtime_Error_check__F)
                  c3036700    00000040                              : Error.oe674 (.text:xdc_runtime_Error_init__F)
                  c3036740    00000040                              : LoggerBuf.oe674 (.text:xdc_runtime_LoggerBuf_Instance_finalize__F)
                  c3036780    00000040     Dsp_pe674.oe674 (.text:xdc_runtime_LoggerBuf_Object__get__S)
                  c30367c0    00000040     ti.targets.rts6000.ae674 : LoggerBuf.oe674 (.text:xdc_runtime_LoggerBuf_write0__F)
                  c3036800    00000040     Dsp_pe674.oe674 (.text:xdc_runtime_LoggerBuf_write8__E)
                  c3036840    00000040     ti.targets.rts6000.ae674 : Memory.oe674 (.text:xdc_runtime_Memory_free__F)
                  c3036880    00000040                              : Registry.oe674 (.text:xdc_runtime_Registry_findById__F)
                  c30368c0    00000040                              : System.oe674 (.text:xdc_runtime_System_abort__F)
                  c3036900    00000040     Dsp_pe674.oe674 (.text:xdc_runtime_System_aprintf__E)
                  c3036940    00000040     Dsp_pe674.oe674 (.text:xdc_runtime_System_printf__E)
                  c3036980    00000040     ti.targets.rts6000.ae674 : Text.oe674 (.text:xdc_runtime_Text_matchRope__F)
                  c30369c0    00000040                              : Text.oe674 (.text:xdc_runtime_Text_ropeText__F)
                  c3036a00    00000040                              : GateThread.oe674 (.text:xdc_runtime_knl_GateThread_Instance_finalize__F)
                  c3036a40    00000040                              : GateThread.oe674 (.text:xdc_runtime_knl_GateThread_Instance_init__F)
                  c3036a80    00000038     expsp.oe674 (.text)
                  c3036ab8    00000008     --HOLE-- [fill = 0]

.fardata.1 
*          0    c3036ab8    00000008     
                  c3036ab8    00000008     rts6740_elf.lib : _lock.obj (.fardata)

.text.2    0    c3036ac0    00002f60     
                  c3036ac0    00000020     ipc.lib : Ipc.obj (.text:GateMP_enter)
                  c3036ae0    00000020             : Ipc.obj (.text:GateMP_leave)
                  c3036b00    00000020             : Ipc.obj (.text:NameServer_addUInt32)
                  c3036b20    00000020             : Ipc.obj (.text:NameServer_removeEntry)
                  c3036b40    00000020     rts6740_elf.lib : newhandler.obj (.text:_Z21__default_new_handlerv)
                  c3036b60    00000020     data.oe674 (.text:_ZN10PassWdParaC1Ev)
                  c3036b80    00000020     data.oe674 (.text:_ZN10Pro101ParaC1Ev)
                  c3036ba0    00000020     data.oe674 (.text:_ZN10Pro104ParaC1Ev)
                  c3036bc0    00000020     fa.oe674 (.text:_ZN10ProtectSetC1Ev)
                  c3036be0    00000020     fa.oe674 (.text:_ZN10RecloseSetC1Ev)
                  c3036c00    00000020     rts6740_elf.lib : typeinfo_.obj (.text:_ZN10__cxxabiv117__class_type_infoD0Ev)
                  c3036c20    00000020                     : typeinfo_.obj (.text:_ZN10__cxxabiv117__class_type_infoD1Ev)
                  c3036c40    00000020                     : typeinfo_.obj (.text:_ZN10__cxxabiv120__si_class_type_infoD0Ev)
                  c3036c60    00000020                     : typeinfo_.obj (.text:_ZN10__cxxabiv120__si_class_type_infoD1Ev)
                  c3036c80    00000020     data.oe674 (.text:_ZN11ComBaseParaC1Ev)
                  c3036ca0    00000020     scada.oe674 (.text:_ZN11DeadAreaSetC1Ev)
                  c3036cc0    00000020     scada.oe674 (.text:_ZN11UserPortSetC1Ev)
                  c3036ce0    00000020     yx.oe674 (.text:_ZN12DbDigitInSetC1Ev)
                  c3036d00    00000020     data.oe674 (.text:_ZN12WirelessParaC1Ev)
                  c3036d20    00000020     fa.oe674 (.text:_ZN13FaDevotionSetC1Ev)
                  c3036d40    00000020     fa.oe674 (.text:_ZN13ProtectDirSetC1Ev)
                  c3036d60    00000020     localprotect.oe674 (.text:_ZN14FaIsolationSetC1Ev)
                  c3036d80    00000020     localprotect.oe674 (.text:_ZN15FaConnectionSetC1Ev)
                  c3036da0    00000020     data.oe674 (.text:_ZN17HisDataDefineParaC1Ev)
                  c3036dc0    00000020     scada.oe674 (.text:_ZN19UserRealDataDefParaC1Ev)
                  c3036de0    00000020     fa.oe674 (.text:_ZN2FAD1Ev)
                  c3036e00    00000020     scada.oe674 (.text:_ZN5Scada8WriteCfgEv)
                  c3036e20    00000020     scada.oe674 (.text:_ZN5ScadaD1Ev)
                  c3036e40    00000020     message.oe674 (.text:_ZN5Stack6GetNumEv)
[...]
c3063474   ti_sdo_ipc_heaps_HeapMemMP_Object__PARAMS__C
c30634a4   ti_sysbios_family_c64p_Hwi_Object__PARAMS__C
c3063500   ti_sdo_ipc_ListMP_Object__PARAMS__C
c306352c   ti_sdo_ipc_gates_GateMPSupportNull_Module__FXNS__C
c3063558   ti_sdo_ipc_gates_GatePeterson_Module__FXNS__C
c3063584   ti_sysbios_hal_Hwi_Object__PARAMS__C
c30635b0   ti_sdo_ipc_heaps_HeapMemMP_Module__FXNS__C
c30635d8   ti_sdo_ipc_nsremote_NameServerRemoteNotify_Module__FXNS__C
c3063600   ti_sdo_ipc_transports_TransportShm_Module__FXNS__C
c3063628   ti_sdo_ipc_transports_TransportShm_Object__PARAMS__C
c3063650   ti_sysbios_heaps_HeapMem_Module__FXNS__C
c3063678   ti_sysbios_knl_Swi_Object__PARAMS__C
c30636a0   xdc_runtime_LoggerBuf_Object__PARAMS__C
c30636c8   _ZTSN10__cxxabiv120__si_class_type_infoE
c30636f0   ti_sdo_ipc_gates_GateMPSupportNull_Object__PARAMS__C
c3063714   ti_sdo_ipc_gates_GatePeterson_Object__PARAMS__C
c3063738   ti_sysbios_gates_GateAll_Module__FXNS__C
c306375c   ti_sysbios_gates_GateHwi_Module__FXNS__C
c3063780   ti_sysbios_gates_GateMutexPri_Module__FXNS__C
c30637a4   ti_sysbios_gates_GateMutex_Module__FXNS__C
c30637c8   ti_sysbios_gates_GateSwi_Module__FXNS__C
c30637ec   ti_sysbios_knl_Clock_Object__PARAMS__C
c3063810   ti_sysbios_knl_Semaphore_Object__PARAMS__C
c3063834   xdc_runtime_GateNull_Module__FXNS__C
c3063858   xdc_runtime_knl_GateThread_Module__FXNS__C
c30638a0   _ZTSN10__cxxabiv117__class_type_infoE
c3063904   ti_sdo_ipc_GateMP_Object__DESC__C
c3063924   ti_sdo_ipc_ListMP_Object__DESC__C
c3063944   ti_sdo_ipc_Notify_Object__DESC__C
c3063964   ti_sdo_ipc_gates_GateMPSupportNull_Object__DESC__C
c3063984   ti_sdo_ipc_gates_GatePeterson_Object__DESC__C
c30639a4   ti_sdo_ipc_heaps_HeapMemMP_Object__DESC__C
c30639c4   ti_sdo_ipc_notifyDrivers_NotifyDriverShm_Object__DESC__C
c30639e4   ti_sdo_ipc_nsremote_NameServerRemoteNotify_Object__DESC__C
c3063a04   ti_sdo_ipc_nsremote_NameServerRemoteNotify_Object__PARAMS__C
c3063a24   ti_sdo_ipc_transports_TransportShm_Object__DESC__C
c3063a44   ti_sdo_utils_List_Object__DESC__C
c3063a64   ti_sysbios_family_c64p_Hwi_Object__DESC__C
c3063a84   ti_sysbios_gates_GateAll_Object__DESC__C
c3063aa4   ti_sysbios_gates_GateHwi_Object__DESC__C
c3063ac4   ti_sysbios_gates_GateMutexPri_Object__DESC__C
c3063ae4   ti_sysbios_gates_GateMutex_Object__DESC__C
c3063b04   ti_sysbios_gates_GateSwi_Object__DESC__C
c3063b24   ti_sysbios_hal_Hwi_Object__DESC__C
c3063b44   ti_sysbios_heaps_HeapMem_Object__DESC__C
c3063b64   ti_sysbios_heaps_HeapMem_Object__PARAMS__C
c3063b84   ti_sysbios_knl_Clock_Object__DESC__C
c3063ba4   ti_sysbios_knl_Queue_Object__DESC__C
c3063bc4   ti_sysbios_knl_Semaphore_Object__DESC__C
c3063be4   ti_sysbios_knl_Swi_Object__DESC__C
c3063c04   ti_sysbios_knl_Task_Object__DESC__C
c3063c24   ti_sysbios_timers_timer64_Timer_Object__DESC__C
c3063c44   ti_sysbios_xdcruntime_GateThreadSupport_Object__DESC__C
c3063c64   xdc_runtime_GateNull_Object__DESC__C
c3063c84   xdc_runtime_LoggerBuf_Object__DESC__C
c3063ca8   xdc_runtime_Startup_sfxnRts__A
c3063cc8   xdc_runtime_knl_GateThread_Object__DESC__C
c3063ce8   _ZZN18DelayStartDelayTAB6GetLabEvEs
c3063d08   _ZTV2FA
c3063d24   ti_sdo_ipc_GateMP_E_gateUnavailable__C
c3063d28   _ZTV4Varm
c3063d44   ti_sdo_ipc_GateMP_E_localGate__C
c3063d48   _ZTV5Scada
c3063d64   ti_sdo_ipc_Ipc_E_internal__C
c3063d68   _ZTV7BaseApp
c3063d84   ti_sdo_ipc_Ipc_E_nameFailed__C
c3063d88   _ZTV7Message
c3063da4   ti_sdo_ipc_Ipc_E_versionMismatch__C
c3063da8   _ZZN16ConterReachedTAB6GetLabEvEs
c3063dc4   ti_sdo_ipc_Ipc_numUserFxns__C
c3063dc8   _ZZN15ANALOGSTEADYTAB6GetLabEvEs
c3063de4   ti_sdo_ipc_Ipc_procSync__C
c3063de8   _ZZN15ConterRuningTAB6GetLabEvEs
c3063e04   ti_sdo_ipc_Ipc_userFxns__C
c3063e08   _ZZN14ConterSleepTAB6GetLabEvEs
c3063e24   ti_sdo_ipc_MessageQ_Instance_State_highList__O
c3063e28   _ZZN14StartConterTAB6GetLabEvEs
c3063e44   ti_sdo_ipc_MessageQ_Instance_State_normalList__O
c3063e48   _ZZN12LocalProtectC1EvEs
c3063e60   _ZZN13DelayStartTAB6GetLabEvEs
c3063e78   _ZZN13HIGHANALOGTAB6GetLabEvEs
c3063e90   _ZZN13StopConterTAB6GetLabEvEs
c3063ea8   ti_sdo_ipc_Notify_Object__PARAMS__C
c3063ec0   ti_sdo_utils_List_Object__PARAMS__C
c3063ed8   ti_sysbios_gates_GateAll_Object__PARAMS__C
c3063ef0   ti_sysbios_gates_GateHwi_Object__PARAMS__C
c3063f08   ti_sysbios_gates_GateMutexPri_Object__PARAMS__C
c3063f20   ti_sysbios_gates_GateMutex_Object__PARAMS__C
c3063f38   ti_sysbios_gates_GateSwi_Object__PARAMS__C
c3063f50   ti_sysbios_knl_Queue_Object__PARAMS__C
c3063f68   ti_sysbios_knl_Task_hooks__A
c3063f80   ti_sysbios_xdcruntime_GateThreadSupport_Object__PARAMS__C
c3063f98   xdc_runtime_GateNull_Object__PARAMS__C
c3063fb0   xdc_runtime_knl_GateThread_Object__PARAMS__C
c3063fc8   _ZZN12LOWANALOGTAB6GetLabEvEs
c3063fe0   _ZZN10COMPARETAB6GetLabEvEs
c3063ff8   _ZZN9STEADYTAB6GetLabEvEs
c306400c   ti_sdo_ipc_MessageQ_Object__count__C
c3064010   _ZZN8EQUALTAB6GetLabEvEs
c3064024   ti_sdo_ipc_Notify_Module__gateObj__C
c3064028   _ZZN8PulseTAB6GetLabEvEs
c306403c   ti_sdo_ipc_Notify_Object__heap__C
c3064040   _ZTS15DelayStartDelay
c3064054   ti_sdo_ipc_Notify_numEvents__C
c3064058   _ZZN7NANDTAB6GetLabEvEs
c306406c   ti_sdo_ipc_Notify_sendEventPollCount__C
c3064070   _ZZN7XNORTAB6GetLabEvEs
c3064084   ti_sdo_ipc_SharedRegion_INVALIDSRPTR__C
c3064088   _ZZN9ActionOutC1EvEs
c306409c   ti_sdo_ipc_SharedRegion_cacheLineSize__C
c30640a0   _ZZN6ANDTAB6GetLabEvEs
c30640b4   ti_sdo_ipc_SharedRegion_numOffsetBits__C
c30640b8   _ZZN6NOTTAB6GetLabEvEs
c30640cc   ti_sdo_ipc_SharedRegion_offsetMask__C
c30640d0   _ZZN6XORTAB6GetLabEvEs
c30640e4   ti_sdo_ipc_family_da830_NotifySetup_armRecvIntId0__C
c306410c   ti_sdo_ipc_family_da830_NotifySetup_armRecvIntId1__C
c3064110   _ZTS13ConterReached
c3064120   _ZTV10DelayStart
c3064130   _ZTV10HIGHANALOG
c3064140   _ZTV10StopConter
c3064150   _ZTV11ConterSleep
c3064160   _ZTV11StartConter
c3064170   _ZTV12ANALOGSTEADY
c3064180   _ZTV12ConterRuning
c3064190   _ZTV13ConterReached
c30641a0   _ZTV15DelayStartDelay
c30641b0   _ZTV2OR
c30641c0   _ZTV3AND
c30641d0   _ZTV3NOT
c30641e0   _ZTV3XOR
c30641f0   _ZTV4NAND
c3064200   _ZTV4XNOR
c3064210   _ZTV5EQUAL
c3064220   _ZTV5Pulse
c3064230   _ZTV6STEADY
c3064240   _ZTV7COMPARE
c3064250   _ZTV8BaseTool
c3064260   _ZTV9LOWANALOG
c3064270   _ZTVN10__cxxabiv117__class_type_infoE
c3064280   _ZTVN10__cxxabiv120__si_class_type_infoE
c3064290   _ZZN5ORTAB6GetLabEvEs
c30642a0   _ZTS12ANALOGSTEADY
c30642b0   _ZTS12ConterRuning
c30642c0   _ZTS11ConterSleep
c30642d0   _ZTS11StartConter
c30642e0   _ZTS10DelayStart
c30642f0   _ZTS10HIGHANALOG
c3064300   _ZTS10StopConter
c3064310   _ZTSSt9type_info
c3064320   _ZTI10DelayStart
c306432c   _ZTI10HIGHANALOG
c3064338   _ZTI10StopConter
c3064344   _ZTI11ConterSleep
c3064350   _ZTI11StartConter
c306435c   _ZTI12ANALOGSTEADY
c3064368   _ZTI12ConterRuning
c3064374   _ZTI13ConterReached
c3064380   _ZTI15DelayStartDelay
c306438c   _ZTI2FA
c3064398   _ZTI2OR
c30643a4   _ZTI3AND
c30643b0   _ZTI3NOT
c30643bc   _ZTI3XOR
c30643c8   _ZTI4NAND
c30643d4   _ZTI4Varm
c30643e0   _ZTI4XNOR
c30643ec   _ZTI5EQUAL
c30643f8   _ZTI5Pulse
c3064404   _ZTI5Scada
c3064410   _ZTI6STEADY
c306441c   _ZTI7COMPARE
c3064428   _ZTI7Message
c3064434   _ZTI9LOWANALOG
c3064440   _ZTIN10__cxxabiv117__class_type_infoE
c306444c   _ZTIN10__cxxabiv120__si_class_type_infoE
c3064464   ti_sdo_ipc_family_da830_NotifySetup_dspIntVectId0__C
c3064468   ti_sdo_ipc_Ipc_userFxns__A
c3064474   ti_sysbios_family_c64p_Cache_initSize__C
c3064480   _ZTS9LOWANALOG
c306448c   ti_sdo_ipc_family_da830_NotifySetup_dspIntVectId1__C
c306449c   ti_sdo_ipc_family_da830_NotifySetup_dspRecvIntId0__C
c30644a0   _ZTS8BaseTool
c30644ac   ti_sdo_ipc_family_da830_NotifySetup_dspRecvIntId1__C
c30644b0   _ZTS7BaseApp
c30644bc   ti_sdo_ipc_gates_GatePeterson_E_gateRemotelyOpened__C
c30644c0   _ZTS7COMPARE
c30644cc   ti_sdo_ipc_heaps_HeapMemMP_E_memory__C
c30644d0   _ZTS7Message
c30644dc   ti_sdo_ipc_interfaces_IGateMPSupport_Interface__BASE__C
c30644fc   _ZTI7BaseApp
c3064504   _ZTI8BaseTool
c306450c   _ZTISt9type_info
c3064514   ti_sdo_ipc_interfaces_IMessageQTransport_Interface__BASE__C
c3064518   _ZTS6STEADY
c3064528   ti_sdo_utils_MultiProc_nameList__A
c3064530   ti_sysbios_knl_Idle_funcList__C
c3064538   ti_sysbios_knl_Task_hooks__C
c3064540   xdc_runtime_Startup_firstFxns__A
c3064548   xdc_runtime_Startup_firstFxns__C
c3064550   xdc_runtime_Startup_lastFxns__C
c3064558   _ZTS5EQUAL
c3064560   _ZTS5Pulse
c3064568   _ZTS5Scada
c3064570   _ZTS4NAND
c3064578   _ZTS4Varm
c3064580   _ZTS4XNOR
c3064588   _ZTS3AND
c3064590   _ZTS3NOT
c3064598   _ZTS3XOR
c30645a0   _ZTS2FA
c30645a4   ti_sdo_ipc_interfaces_INotifyDriver_Interface__BASE__C
c30645a8   _ZTS2OR
c30645ac   ti_sdo_ipc_notifyDrivers_NotifyDriverShm_Object__heap__C
c30645b4   ti_sdo_ipc_nsremote_NameServerRemoteNotify_Instance_State_semMultiBlock__O
c30645b8   ti_sdo_ipc_nsremote_NameServerRemoteNotify_Instance_State_semRemoteWait__O
c30645bc   ti_sdo_ipc_nsremote_NameServerRemoteNotify_Instance_State_swiObj__O
c30645c0   ti_sdo_ipc_nsremote_NameServerRemoteNotify_notifyEventId__C
c30645c4   ti_sdo_ipc_nsremote_NameServerRemoteNotify_timeout__C
c30645c8   ti_sdo_ipc_transports_TransportShmSetup_priority__C
c30645cc   ti_sdo_ipc_transports_TransportShm_Instance_State_swiObj__O
c30645d0   ti_sdo_utils_INameServerRemote_Interface__BASE__C
c30645d4   ti_sdo_utils_MultiProc_nameList__C
c30645d8   ti_sdo_utils_NameServer_E_entryExists__C
c30645dc   ti_sdo_utils_NameServer_E_maxReached__C
c30645e0   ti_sdo_utils_NameServer_Instance_State_freeList__O
c30645e4   ti_sdo_utils_NameServer_Instance_State_nameList__O
c30645e8   ti_sdo_utils_NameServer_Object__count__C
c30645ec   ti_sysbios_BIOS_installedErrorHook__C
c30645f0   ti_sysbios_family_c62_TaskSupport_stackAlignment__C
c30645f4   ti_sysbios_family_c64p_Cache_EMIFA_BASE__C
c30645f8   ti_sysbios_family_c64p_Cache_EMIFA_CFG__C
c30645fc   ti_sysbios_family_c64p_Cache_EMIFA_LENGTH__C
c3064600   ti_sysbios_family_c64p_Cache_EMIFB_BASE__C
c3064604   ti_sysbios_family_c64p_Cache_EMIFB_CFG__C
c3064608   ti_sysbios_family_c64p_Cache_EMIFB_LENGTH__C
c306460c   ti_sysbios_family_c64p_Cache_EMIFC_BASE__C
c3064610   ti_sysbios_family_c64p_Cache_EMIFC_CFG__C
c3064614   ti_sysbios_family_c64p_Cache_EMIFC_LENGTH__C
c3064618   ti_sysbios_family_c64p_Cache_MAR0_31__C
c306461c   ti_sysbios_family_c64p_Cache_MAR128_159__C
c3064620   ti_sysbios_family_c64p_Cache_MAR160_191__C
c3064624   ti_sysbios_family_c64p_Cache_MAR192_223__C
c3064628   ti_sysbios_family_c64p_Cache_MAR224_255__C
c306462c   ti_sysbios_family_c64p_Cache_MAR32_63__C
c3064630   ti_sysbios_family_c64p_Cache_MAR64_95__C
c3064634   ti_sysbios_family_c64p_Cache_MAR96_127__C
c3064638   ti_sysbios_family_c64p_Exception_E_exceptionMin__C
c306463c   ti_sysbios_family_c64p_Exception_exceptionHook__C
c3064640   ti_sysbios_family_c64p_Exception_externalHook__C
c3064644   ti_sysbios_family_c64p_Exception_internalHook__C
c3064648   ti_sysbios_family_c64p_Exception_nmiHook__C
c306464c   ti_sysbios_family_c64p_Hwi_E_alreadyDefined__C
c3064650   ti_sysbios_gates_GateMutexPri_Instance_State_pendQ__O
c3064654   ti_sysbios_gates_GateMutex_Instance_State_sem__O
c3064658   ti_sysbios_hal_Hwi_E_stackOverflow__C
c306465c   ti_sysbios_heaps_HeapMem_E_memory__C
c3064660   ti_sysbios_heaps_HeapMem_Module__gateObj__C
c3064664   ti_sysbios_heaps_HeapMem_Object__count__C
c3064668   ti_sysbios_heaps_HeapMem_reqAlignMask__C
c306466c   ti_sysbios_heaps_HeapMem_reqAlign__C
c3064670   ti_sysbios_knl_Clock_Module_State_clockQ__O
c3064674   ti_sysbios_knl_Clock_tickMode__C
c3064678   ti_sysbios_knl_Clock_tickSource__C
c306467c   ti_sysbios_knl_Semaphore_Instance_State_pendQ__O
c3064680   ti_sysbios_knl_Idle_funcList__A
c3064684   ti_sysbios_knl_Swi_Object__count__C
c3064688   ti_sysbios_knl_Task_E_spOutOfBounds__C
c306468c   ti_sysbios_knl_Task_E_stackOverflow__C
c3064690   ti_sysbios_knl_Task_Module_State_inactiveQ__O
c3064694   ti_sysbios_knl_Task_Module_State_terminatedQ__O
c3064698   ti_sysbios_knl_Task_Object__count__C
c306469c   ti_sysbios_knl_Task_Object__heap__C
c30646a0   ti_sysbios_knl_Task_allBlockedFunc__C
c30646a4   ti_sysbios_knl_Task_defaultStackHeap__C
c30646a8   ti_sysbios_knl_Task_defaultStackSize__C
c30646ac   ti_sysbios_knl_Task_numConstructedTasks__C
c30646b0   ti_sysbios_timers_timer64_Timer_E_cannotSupport__C
c30646b4   ti_sysbios_timers_timer64_Timer_E_invalidTimer__C
c30646b8   ti_sysbios_timers_timer64_Timer_E_notAvailable__C
c30646bc   ti_sysbios_timers_timer64_Timer_anyMask__C
c30646c0   ti_sysbios_timers_timer64_Timer_defaultHalf__C
c30646c4   ti_sysbios_timers_timer64_Timer_freqDivisor__C
c30646c8   ti_sysbios_timers_timer64_Timer_numLocalTimers__C
c30646cc   ti_sysbios_timers_timer64_Timer_numTimerDevices__C
c30646d0   ti_sysbios_xdcruntime_GateThreadSupport_Instance_State_gate__O
c30646d4   xdc_runtime_Assert_E_assertFailed__C
c30646d8   xdc_runtime_Core_A_initializedParams__C
c30646dc   xdc_runtime_Core_Module__diagsEnabled__C
c30646e0   xdc_runtime_Core_Module__diagsIncluded__C
c30646e4   xdc_runtime_Core_Module__diagsMask__C
c30646e8   xdc_runtime_Diags_dictBase__C
c30646ec   xdc_runtime_Error_E_generic__C
c30646f0   xdc_runtime_Error_E_memory__C
c30646f4   xdc_runtime_Error_Module__diagsEnabled__C
c30646f8   xdc_runtime_Error_Module__diagsIncluded__C
c30646fc   xdc_runtime_Error_Module__diagsMask__C
c3064700   xdc_runtime_Error_Module__loggerFxn8__C
c3064704   xdc_runtime_Error_Module__loggerObj__C
c3064708   xdc_runtime_Error_policy__C
c306470c   xdc_runtime_Error_raiseHook__C
c3064710   xdc_runtime_IFilterLogger_Interface__BASE__C
c3064714   xdc_runtime_IGateProvider_Interface__BASE__C
c3064718   xdc_runtime_IHeap_Interface__BASE__C
c306471c   xdc_runtime_ILogger_Interface__BASE__C
c3064720   xdc_runtime_IModule_Interface__BASE__C
c3064724   xdc_runtime_Log_L_error__C
c3064728   xdc_runtime_LoggerBuf_E_badLevel__C
c306472c   xdc_runtime_LoggerBuf_Module__gateObj__C
c3064730   xdc_runtime_LoggerBuf_Object__count__C
c3064734   xdc_runtime_LoggerBuf_statusLogger__C
c3064738   xdc_runtime_Main_Module__diagsEnabled__C
c306473c   xdc_runtime_Main_Module__diagsIncluded__C
c3064740   xdc_runtime_Main_Module__diagsMask__C
c3064744   xdc_runtime_Main_Module__loggerFxn1__C
c3064748   xdc_runtime_Main_Module__loggerFxn2__C
c306474c   xdc_runtime_Main_Module__loggerFxn4__C
c3064750   xdc_runtime_Main_Module__loggerObj__C
c3064754   xdc_runtime_Memory_defaultHeapInstance__C
c3064758   xdc_runtime_Registry_Module__diagsMask__C
c306475c   xdc_runtime_Startup_execImpl__C
c3064760   xdc_runtime_Startup_lastFxns__A
c3064764   xdc_runtime_Startup_maxPasses__C
c3064768   xdc_runtime_Startup_sfxnRts__C
c306476c   xdc_runtime_Startup_sfxnTab__C
c3064770   xdc_runtime_SysMin_bufSize__C
c3064774   xdc_runtime_SysMin_outputFunc__C
c3064778   xdc_runtime_System_Module__gateObj__C
c306477c   xdc_runtime_System_extendFxn__C
c3064780   xdc_runtime_System_maxAtexitHandlers__C
c3064784   xdc_runtime_Text_charTab__C
c3064788   xdc_runtime_Text_nameEmpty__C
c306478c   xdc_runtime_Text_nameStatic__C
c3064790   xdc_runtime_Text_nameUnknown__C
c3064794   xdc_runtime_Text_nodeTab__C
c3064798   xdc_runtime_Text_visitRopeFxn__C
c306479c   ti_sdo_ipc_GateMP_Module__id__C
c30647a0   ti_sdo_ipc_Ipc_generateSlaveDataForHost__C
c30647a4   ti_sdo_ipc_ListMP_Module__id__C
c30647a8   ti_sdo_ipc_Notify_numLines__C
c30647ac   ti_sdo_ipc_SharedRegion_numEntries__C
c30647b0   ti_sdo_ipc_SharedRegion_translate__C
c30647b4   ti_sdo_ipc_family_da830_NotifySetup_useSecondLine__C
c30647b8   ti_sdo_ipc_gates_GatePeterson_Module__id__C
c30647bc   ti_sdo_ipc_heaps_HeapMemMP_Module__id__C
c30647c0   ti_sdo_ipc_nsremote_NameServerRemoteNotify_Module__id__C
c30647c4   ti_sdo_ipc_transports_TransportShm_Module__id__C
c30647c8   ti_sdo_ipc_transports_TransportShm_notifyEventId__C
c30647cc   ti_sdo_utils_MultiProc_numProcessors__C
c30647d0   ti_sdo_utils_MultiProc_numProcsInCluster__C
c30647d4   ti_sdo_utils_NameServer_Module__id__C
c30647d8   ti_sysbios_family_c64p_Exception_Module__id__C
c30647dc   ti_sysbios_family_c64p_Hwi_Module__id__C
c30647e0   ti_sysbios_hal_Hwi_Module__id__C
c30647e4   ti_sysbios_heaps_HeapMem_Module__id__C
c30647e8   ti_sysbios_knl_Task_Module__id__C
c30647ec   ti_sysbios_knl_Task_deleteTerminatedTasks__C
c30647f0   ti_sysbios_knl_Task_initStackFlag__C
c30647f4   ti_sysbios_timers_timer64_Timer_Module__id__C
c30647f8   ti_sysbios_timers_timer64_Timer_startupNeeded__C
c30647fc   xdc_runtime_Core_Module__id__C
c3064800   xdc_runtime_Diags_setMaskEnabled__C
c3064804   xdc_runtime_Error_Module__loggerDefined__C
c3064808   xdc_runtime_Error_maxDepth__C
c306480c   xdc_runtime_LoggerBuf_Module__id__C
c3064810   xdc_runtime_LoggerBuf_filterByLevel__C
c3064814   xdc_runtime_Main_Module__id__C
c3064818   xdc_runtime_Main_Module__loggerDefined__C
c306481c   xdc_runtime_Memory_Module__id__C
c3064820   xdc_runtime_SysMin_flushAtExit__C
c3064824   xdc_runtime_Text_charCnt__C
c3064828   xdc_runtime_Text_isLoaded__C
c306482c   xdc_runtime_Text_registryModsLastId__C
c3064830   xdc_runtime_Text_unnamedModsLastId__C
c3064838   _stack
c3065838   __TI_STACK_END
c30659ec   __CIOBUF_
c3065b10   HwiTimerHandle
c3065b10   __TI_STATIC_BASE
c3065b14   DynamictimerHandle
c3065b18   Null0TimeHandle
c3065b1c   Null1TimeHandle
c3065b20   ClockHandle1
c3065b24   sem
c3065b28   SwiFftHandle
c3065b2c   clockList
c3065b30   obj1
c3065b34   HwiHandle
c3065b38   GpioB0Int0Handle
c3065b40   time1
c3065b48   time2
c3065b50   time3
c3065b58   HzCkType
c3065b5c   DiffVol
c3065b60   DiffPhase
c3065b64   g_task
c3065b68   __dso_handle
c3065b6c   varm_sem
c3065b70   exit_flag
c3065b78   lpnum
c3065b7a   lpst
c3065b7c   checkmd
c3065b7e   he
c3065b7f   fen
c3065b80   UL
c3065b84   UR
c3065b88   IMAX
c3065b8c   UMAX
c3065b90   Uzero
c3065b94   IrtFlag
c3065b96   led
c3065b98   Hwienable
c3065b9a   enbIR
c3065b9c   yxnum
c3065b9e   yxdata
c3065ba0   Syslink_terminateEventId
c3065ba4   Syslink_terminateEventLineId
c3065ba8   TIMEOUT
c3065bac   linenum
c3065bad   secnum
c3065bae   protype
c3065bb0   fftnum
c3065bb4   ptr_w64
c3065bb8   ptr_w16
c3065bc0   Logtab_asm
c3065c00   ti_sysbios_family_c64p_Hwi0
c3065c20   ti_sysbios_family_c64p_Hwi1
c3065c40   ti_sysbios_family_c64p_Hwi2
c3065c60   ti_sysbios_family_c64p_Hwi3
c3065c80   ti_sysbios_family_c64p_Hwi4
c3065ca0   ti_sysbios_family_c64p_Hwi5
c3065cc0   ti_sysbios_family_c64p_Hwi6
c3065ce0   ti_sysbios_family_c64p_Hwi7
c3065d00   ti_sysbios_family_c64p_Hwi8
c3065d20   ti_sysbios_family_c64p_Hwi9
c3065d40   ti_sysbios_family_c64p_Hwi10
c3065d60   ti_sysbios_family_c64p_Hwi11
c3065d80   ti_sysbios_family_c64p_Hwi12
c3065da0   ti_sysbios_family_c64p_Hwi13
c3065dc0   ti_sysbios_family_c64p_Hwi14
c3065de0   ti_sysbios_family_c64p_Hwi15
c3065e00   exp_ctable
c3065e24   __c_args__
c3065e88   __TI_INITARRAY_Base
c3065eb0   __TI_INITARRAY_Limit
c3066000   _Ipc_ResetVector
c3066008   Ipc_sr0MemorySetup
ffffffff   __TI_pprof_out_hndl
ffffffff   __TI_prof_data_size
ffffffff   __TI_prof_data_start
ffffffff   __binit__
ffffffff   binit

[3305 symbols]


DYNAMIC SYMBOLS: SORTED ALPHABETICALLY BY Name 

address    name
--------   ----
UNDEFED    
c305fc68   TSK_idle
c3066000   _Ipc_ResetVector
c3065e88   __TI_INITARRAY_Base
c3065eb0   __TI_INITARRAY_Limit
c3065838   __TI_STACK_END
00001000   __TI_STACK_SIZE
c3065b10   __TI_STATIC_BASE
ffffffff   __TI_pprof_out_hndl
ffffffff   __TI_prof_data_size
ffffffff   __TI_prof_data_start
ffffffff   __binit__
c3065e24   __c_args__
00000064   _argsize
ffffffff   binit
00000001   xdc_runtime_Startup__EXECFXN__C
00000001   xdc_runtime_Startup__RESETFXN__C

[17 symbols]


IMPORTED and EXPORTED SYMBOLS: SORTED ALPHABETICALLY BY Name 

IMPORTED SYMBOLS

name                           size      Imported from
-----------------------------  --------  -------------

[0 symbols]


EXPORTED SYMBOLS

address    name
--------   ----
c3066000   _Ipc_ResetVector
