******************************************************************************
               TMS320C6x Linker Unix v7.3.3                    
******************************************************************************
>> Linked Sat Apr 18 12:23:47 2020

OUTPUT FILE NAME:   <dsp.xe674>
ENTRY POINT SYMBOL: "ti_sysbios_family_c64p_Hwi0"  address: c3041c00


MEMORY CONFIGURATION

         name            origin    length      used     unused   attr    fill
----------------------  --------  ---------  --------  --------  ----  --------
  IROM                  11700000   00100000  000549f6  000ab60a  R  X
  IRAM                  11800000   00018000  00002000  00016000  RW X
  APPDRAM               11818000   00028000  00019c57  0000e3a9  RW X
  L1PSRAM               11e00000   00008000  00000000  00008000  RW X
  L1DSRAM               11f00000   00008000  00000000  00008000  RW  
  L3_CBA_RAM            80002800   0001d800  00000000  0001d800  RW X
  SR_0                  c2000000   00010000  00010000  00000000  RW X
  SR_1                  c2010000   00ff0000  00ff0000  00000000  RW X
  DSP_PROG              c3000000   00800000  00041e00  007be200  RW X


SEGMENT ALLOCATION MAP

run origin  load origin   length   init length attrs members
----------  ----------- ---------- ----------- ----- -------
11700000    11700000    00045064   00045064    rw-
  11700000    11700000    000361f0   000361f0    rw- DATAINDDR2
  117361f0    117361f0    0000ee74   0000ee74    rw- DATAINSHARERAM
11745068    11745068    0000bb70   0000bb70    rw-
  11745068    11745068    0000bb70   0000bb70    rw- DATAINIRAM
11750be0    11750be0    00003d60   00003d60    r-x
  11750be0    11750be0    000021a0   000021a0    r-x CODEINDDR2
  11752d80    11752d80    000015c0   000015c0    r-x CODEINL1PSRAM
  11754340    11754340    00000600   00000600    r-x CODEINIRAM
11754940    11754940    000000c2   00000000    rw-
  11754940    11754940    000000a0   00000000    rw- YCDATA
  117549e0    117549e0    00000018   00000000    rw- YXDATA
  117549f8    117549f8    0000000a   00000000    rw- YKDATA
11800000    11800000    00002000   00000000    rw-
  11800000    11800000    00002000   00000000    rw- .stack
11818000    11818000    00014421   00000000    rw-
  11818000    11818000    00014421   00000000    rw- .far
1182c428    1182c428    00003d9e   00003d9e    r--
  1182c428    1182c428    00003d9e   00003d9e    r-- .const
118301c8    118301c8    000014d4   000014d4    rw-
  118301c8    118301c8    000014d4   000014d4    rw- .fardata
1183169c    1183169c    00000298   00000298    r--
  1183169c    1183169c    00000298   00000298    r-- .switch
11831934    11831934    00000120   00000000    rw-
  11831934    11831934    00000120   00000000    rw- .cio
11831a58    11831a58    00000030   00000000    rw-
  11831a58    11831a58    00000030   00000000    rw- .bss
11831a88    11831a88    000000af   000000af    rw-
  11831a88    11831a88    000000af   000000af    rw- .neardata
11831b38    11831b38    00000004   00000004    r--
  11831b38    11831b38    00000004   00000004    r-- .rodata
11831b40    11831b40    000000c0   000000c0    rw-
  11831b40    11831b40    0000005c   0000005c    rw- .data
  11831b9c    11831b9c    00000064   00000064    rw- .args
11831c00    11831c00    00000068   00000068    r--
  11831c00    11831c00    0000004c   0000004c    r-- ti_sdo_ipc_init
  11831c4c    11831c4c    0000001c   0000001c    r-- .init_array
c3000000    c3000000    0003ed40   0003ed40    rwx
  c3000000    c3000000    0003ed40   0003ed40    rwx .text.1
c303ed40    c303ed40    00002ec0   00002ec0    r-x
  c303ed40    c303ed40    00002ec0   00002ec0    r-x .text.2
c3041c00    c3041c00    00000200   00000200    r-x
  c3041c00    c3041c00    00000200   00000200    r-x .vecs


SECTION ALLOCATION MAP

 output                                  attributes/
section   page    origin      length       input sections
--------  ----  ----------  ----------   ----------------
.cinit     0    11818000    00000000     UNINITIALIZED

DATAINDDR2 
*          0    11700000    000361f0     
                  11700000    0001ba50     scada.oe674 (DATAINDDR2:uninit) [fill = 0]
                  1171ba50    00010064     varm.oe674 (DATAINDDR2) [fill = 0]
                  1172bab4    00000004     --HOLE-- [fill = 0]
                  1172bab8    000044c8     interruptapp.oe674 (DATAINDDR2) [fill = 0]
                  1172ff80    00002e58     fa.oe674 (DATAINDDR2) [fill = 0]
                  11732dd8    00002d28     adsamp.oe674 (DATAINDDR2) [fill = 0]
                  11735b00    00000580     scada.oe674 (DATAINDDR2:init)
                  11736080    00000124     fpag.oe674 (DATAINDDR2:uninit) [fill = 0]
                  117361a4    00000004     --HOLE-- [fill = 0]
                  117361a8    00000038     fpag.oe674 (DATAINDDR2:init)
                  117361e0    00000010     inout.oe674 (DATAINDDR2)

DATAINSHARERAM 
*          0    117361f0    0000ee74     
                  117361f0    00008cb0     data.oe674 (DATAINSHARERAM:init)
                  1173eea0    000061c4     data.oe674 (DATAINSHARERAM:uninit) [fill = 0]

DATAINIRAM 
*          0    11745068    0000bb70     
                  11745068    0000b414     adsamp.oe674 (DATAINIRAM:init)
                  1175047c    00000004     --HOLE-- [fill = 0]
                  11750480    00000368     inout.oe674 (DATAINIRAM) [fill = 0]
                  117507e8    00000240     adsamp.oe674 (DATAINIRAM:uninit) [fill = 0]
                  11750a28    00000140     fft.oe674 (DATAINIRAM:uninit) [fill = 0]
                  11750b68    00000040     fft.oe674 (DATAINIRAM:init)
                  11750ba8    00000030     interruptapp.oe674 (DATAINIRAM) [fill = 0]

CODEINDDR2 
*          0    11750be0    000021a0     
                  11750be0    00002140     fa.oe674 (CODEINDDR2)
                  11752d20    00000010     scada.oe674 ($Tramp$S$$_ZN5Scada11GetYxNatureEs)
                  11752d30    00000010     fa.oe674 ($Tramp$S$$_ZN7GzCheck8CheckKeyEt)
                  11752d40    00000010     rts6740_elf.lib : divf.obj ($Tramp$S$$__c6xabi_divf)
                  11752d50    00000010                     : strasg.obj ($Tramp$S$$__c6xabi_strasgi_64plus)
                  11752d60    00000010     scada.oe674 ($Tramp$S$$_ZN9DataType3C1Ev)
                  11752d70    00000010     data.oe674 ($Tramp$S$$_ZN8UserData7GetDataEiP4DataI12BaseDataTypeE)

CODEINL1PSRAM 
*          0    11752d80    000015c0     
                  11752d80    00000aa0     adsamp.oe674 (CODEINL1PSRAM)
                  11753820    00000a40     interruptapp.oe674 (CODEINL1PSRAM)
                  11754260    00000010     sysbios.lib : BIOS.obj ($Tramp$S$$ti_sysbios_timers_timer64_Timer_start__E)
                  11754270    00000010     adsamp.oe674 ($Tramp$S$$_Z7AdResetv)
                  11754280    00000010     fft.oe674 ($Tramp$S$$_Z6tw_genPfi)
                  11754290    00000010     rts6740_elf.lib : memset.obj ($Tramp$S$$memset)
                  117542a0    00000010     interruptapp.oe674 ($Tramp$S$$_Z25ti_sysbios_hal_Hwi_createiPFvjEPK25ti_sysbios_hal_Hwi_ParamsP23xdc_runtime_Error_Block)
                  117542b0    00000010     interruptapp.oe674 ($Tramp$S$$_Z38ti_sysbios_timers_timer64_Timer_createiPFvjEPK38ti_sysbios_timers_timer64_Timer_ParamsP23xdc_runtime_Error_Block)
                  117542c0    00000010     interruptapp.oe674 ($Tramp$S$$_Z25ti_sysbios_knl_Swi_createPFvjjEPK25ti_sysbios_knl_Swi_ParamsP23xdc_runtime_Error_Block)
                  117542d0    00000010     interruptapp.oe674 ($Tramp$S$$_Z30ti_sysbios_hal_Hwi_Params_initP25ti_sysbios_hal_Hwi_Params)
                  117542e0    00000010     interruptapp.oe674 ($Tramp$S$$_Z43ti_sysbios_timers_timer64_Timer_Params_initP38ti_sysbios_timers_timer64_Timer_Params)
                  117542f0    00000010     scada.oe674 ($Tramp$S$$_ZN5Scada10SoftMsTimeEv)
                  11754300    00000010     clock.oe674 ($Tramp$S$$_ZN5Clock13GetCP56Time2aEv)
                  11754310    00000010     interruptapp.oe674 ($Tramp$S$$_Z14SBitMoveToDBitP8SKRUNIONyyt)
                  11754320    00000010     rts6740_elf.lib : memcpy64.obj ($Tramp$S$$memcpy)
                  11754330    00000010     sysbios.lib : BIOS.obj ($Tramp$S$$ti_sysbios_knl_Swi_post__E)

CODEINIRAM 
*          0    11754340    00000600     
                  11754340    000002c0     adsamp.oe674 (CODEINIRAM)
                  11754600    000001e0     scada.oe674 (CODEINIRAM)
                  117547e0    00000140     interruptapp.oe674 (CODEINIRAM)
                  11754920    00000010     adsamp.oe674 ($Tramp$S$$_Z16SampleDataModifyPsfP7complex)
                  11754930    00000010     --HOLE-- [fill = 0]

YCDATA     0    11754940    000000a0     UNINITIALIZED
                  11754940    000000a0     adsamp.oe674 (YCDATA)

YXDATA     0    117549e0    00000018     UNINITIALIZED
                  117549e0    00000018     interruptapp.oe674 (YXDATA)

YKDATA     0    117549f8    0000000a     UNINITIALIZED
                  117549f8    0000000a     inout.oe674 (YKDATA)

.stack     0    11800000    00002000     UNINITIALIZED
                  11800000    00000008     boot.ae674 : boot.oe674 (.stack)
                  11800008    00001ff8     --HOLE--

xdc.meta   0    11818000    000000e8     COPY SECTION
                  11818000    000000e8     Dsp_pe674.oe674 (xdc.meta)

.far       0    11818000    00014421     UNINITIALIZED
                  11818000    00013010     Dsp_pe674.oe674 (.far)
                  1182b010    00000800     Dsp_pe674.oe674 (.far:taskStackSection)
                  1182b810    00000584     dsp.oe674 (.far)
                  1182bd94    000001c0     message.oe674 (.far)
                  1182bf54    000001b4     interruptapp.oe674 (.far)
                  1182c108    000000d0     rts6740_elf.lib : trgdrv.obj (.far)
                  1182c1d8    0000008c     data.oe674 (.far)
                  1182c264    00000004     --HOLE--
                  1182c268    00000080     clock.oe674 (.far)
                  1182c2e8    00000078     syslink.oe674 (.far)
                  1182c360    00000064     task.oe674 (.far)
                  1182c3c4    0000002c     varm.oe674 (.far)
                  1182c3f0    00000020     scada.oe674 (.far)
                  1182c410    0000000a     inout.oe674 (.far)
                  1182c41a    00000007     fa.oe674 (.far)

.const     0    1182c428    00003d9e     
                  1182c428    0000267d     Dsp_pe674.oe674 (.const:xdc_runtime_Text_charTab__A)
                  1182eaa5    00000003     --HOLE-- [fill = 0]
                  1182eaa8    0000042c     sysbios.lib : BIOS.obj (.const:.string)
                  1182eed4    00000004     ti.targets.rts6000.ae674 : Assert.oe674 (.const:.string)
                  1182eed8    00000164     Dsp_pe674.oe674 (.const:xdc_runtime_Text_nodeTab__A)
                  1182f03c    0000008b     Dsp_pe674.oe674 (.const:.string)
                  1182f0c7    00000001     --HOLE-- [fill = 0]
                  1182f0c8    0000007c     syslink.oe674 (.const:.string)
                  1182f144    00000064     Dsp_pe674.oe674 (.const:ti_sysbios_timers_timer64_Timer_Object__PARAMS__C)
                  1182f1a8    00000058     ti.targets.rts6000.ae674 : Error.oe674 (.const:.string)
                  1182f200    00000040                              : Text.oe674 (.const:.string)
                  1182f240    00000040     Dsp_pe674.oe674 (.const:xdc_runtime_Startup_sfxnTab__A)
                  1182f280    0000003c     Dsp_pe674.oe674 (.const:xdc_runtime_LoggerBuf_Module__FXNS__C)
                  1182f2bc    00000038     Dsp_pe674.oe674 (.const:ti_sdo_ipc_notifyDrivers_NotifyDriverShm_Module__FXNS__C)
                  1182f2f4    00000038     Dsp_pe674.oe674 (.const:ti_sysbios_knl_Task_Object__PARAMS__C)
                  1182f32c    00000034     Dsp_pe674.oe674 (.const:ti_sdo_ipc_GateMP_Object__PARAMS__C)
                  1182f360    00000034     Dsp_pe674.oe674 (.const:ti_sdo_ipc_notifyDrivers_NotifyDriverShm_Object__PARAMS__C)
                  1182f394    00000030     Dsp_pe674.oe674 (.const:ti_sdo_ipc_heaps_HeapMemMP_Object__PARAMS__C)
                  1182f3c4    00000030     Dsp_pe674.oe674 (.const:ti_sysbios_family_c64p_Hwi_Object__PARAMS__C)
                  1182f3f4    0000002c     ti.targets.rts6000.ae674 : Startup.oe674 (.const:.string)
                  1182f420    0000002c     Dsp_pe674.oe674 (.const:ti_sdo_ipc_ListMP_Object__PARAMS__C)
                  1182f44c    0000002c     Dsp_pe674.oe674 (.const:ti_sdo_ipc_gates_GateMPSupportNull_Module__FXNS__C)
                  1182f478    0000002c     Dsp_pe674.oe674 (.const:ti_sdo_ipc_gates_GatePeterson_Module__FXNS__C)
                  1182f4a4    0000002c     Dsp_pe674.oe674 (.const:ti_sysbios_hal_Hwi_Object__PARAMS__C)
                  1182f4d0    00000028     Dsp_pe674.oe674 (.const:ti_sdo_ipc_heaps_HeapMemMP_Module__FXNS__C)
                  1182f4f8    00000028     Dsp_pe674.oe674 (.const:ti_sdo_ipc_nsremote_NameServerRemoteNotify_Module__FXNS__C)
                  1182f520    00000028     Dsp_pe674.oe674 (.const:ti_sdo_ipc_transports_TransportShm_Module__FXNS__C)
                  1182f548    00000028     Dsp_pe674.oe674 (.const:ti_sdo_ipc_transports_TransportShm_Object__PARAMS__C)
                  1182f570    00000028     Dsp_pe674.oe674 (.const:ti_sysbios_heaps_HeapMem_Module__FXNS__C)
                  1182f598    00000028     Dsp_pe674.oe674 (.const:ti_sysbios_knl_Swi_Object__PARAMS__C)
                  1182f5c0    00000028     Dsp_pe674.oe674 (.const:xdc_runtime_LoggerBuf_Object__PARAMS__C)
                  1182f5e8    00000025     rts6740_elf.lib : typeinfo_.obj (.const:_ZTSN10__cxxabiv120__si_class_type_infoE)
                  1182f60d    00000003     --HOLE-- [fill = 0]
                  1182f610    00000024     Dsp_pe674.oe674 (.const:ti_sdo_ipc_gates_GateMPSupportNull_Object__PARAMS__C)
                  1182f634    00000024     Dsp_pe674.oe674 (.const:ti_sdo_ipc_gates_GatePeterson_Object__PARAMS__C)
                  1182f658    00000024     Dsp_pe674.oe674 (.const:ti_sysbios_gates_GateAll_Module__FXNS__C)
                  1182f67c    00000024     Dsp_pe674.oe674 (.const:ti_sysbios_gates_GateHwi_Module__FXNS__C)
                  1182f6a0    00000024     Dsp_pe674.oe674 (.const:ti_sysbios_gates_GateMutexPri_Module__FXNS__C)
                  1182f6c4    00000024     Dsp_pe674.oe674 (.const:ti_sysbios_gates_GateMutex_Module__FXNS__C)
                  1182f6e8    00000024     Dsp_pe674.oe674 (.const:ti_sysbios_gates_GateSwi_Module__FXNS__C)
                  1182f70c    00000024     Dsp_pe674.oe674 (.const:ti_sysbios_knl_Clock_Object__PARAMS__C)
                  1182f730    00000024     Dsp_pe674.oe674 (.const:ti_sysbios_knl_Semaphore_Object__PARAMS__C)
                  1182f754    00000024     Dsp_pe674.oe674 (.const:xdc_runtime_GateNull_Module__FXNS__C)
                  1182f778    00000024     Dsp_pe674.oe674 (.const:xdc_runtime_knl_GateThread_Module__FXNS__C)
                  1182f79c    00000004     ti.targets.rts6000.ae674 : Diags.oe674 (.const:.string)
                  1182f7a0    00000022     rts6740_elf.lib : typeinfo_.obj (.const:_ZTSN10__cxxabiv117__class_type_infoE)
                  1182f7c2    00000002     --HOLE-- [fill = 0]
                  1182f7c4    00000020     ti.targets.rts6000.ae674 : Core-mem.oe674 (.const:.string)
                  1182f7e4    00000020     Dsp_pe674.oe674 (.const:ti_sdo_ipc_GateMP_Object__DESC__C)
                  1182f804    00000020     Dsp_pe674.oe674 (.const:ti_sdo_ipc_ListMP_Object__DESC__C)
                  1182f824    00000020     Dsp_pe674.oe674 (.const:ti_sdo_ipc_Notify_Object__DESC__C)
                  1182f844    00000020     Dsp_pe674.oe674 (.const:ti_sdo_ipc_gates_GateMPSupportNull_Object__DESC__C)
                  1182f864    00000020     Dsp_pe674.oe674 (.const:ti_sdo_ipc_gates_GatePeterson_Object__DESC__C)
                  1182f884    00000020     Dsp_pe674.oe674 (.const:ti_sdo_ipc_heaps_HeapMemMP_Object__DESC__C)
                  1182f8a4    00000020     Dsp_pe674.oe674 (.const:ti_sdo_ipc_notifyDrivers_NotifyDriverShm_Object__DESC__C)
                  1182f8c4    00000020     Dsp_pe674.oe674 (.const:ti_sdo_ipc_nsremote_NameServerRemoteNotify_Object__DESC__C)
                  1182f8e4    00000020     Dsp_pe674.oe674 (.const:ti_sdo_ipc_nsremote_NameServerRemoteNotify_Object__PARAMS__C)
                  1182f904    00000020     Dsp_pe674.oe674 (.const:ti_sdo_ipc_transports_TransportShm_Object__DESC__C)
                  1182f924    00000020     Dsp_pe674.oe674 (.const:ti_sdo_utils_List_Object__DESC__C)
                  1182f944    00000020     Dsp_pe674.oe674 (.const:ti_sysbios_family_c64p_Hwi_Object__DESC__C)
                  1182f964    00000020     Dsp_pe674.oe674 (.const:ti_sysbios_gates_GateAll_Object__DESC__C)
                  1182f984    00000020     Dsp_pe674.oe674 (.const:ti_sysbios_gates_GateHwi_Object__DESC__C)
                  1182f9a4    00000020     Dsp_pe674.oe674 (.const:ti_sysbios_gates_GateMutexPri_Object__DESC__C)
                  1182f9c4    00000020     Dsp_pe674.oe674 (.const:ti_sysbios_gates_GateMutex_Object__DESC__C)
                  1182f9e4    00000020     Dsp_pe674.oe674 (.const:ti_sysbios_gates_GateSwi_Object__DESC__C)
                  1182fa04    00000020     Dsp_pe674.oe674 (.const:ti_sysbios_hal_Hwi_Object__DESC__C)
                  1182fa24    00000020     Dsp_pe674.oe674 (.const:ti_sysbios_heaps_HeapMem_Object__DESC__C)
                  1182fa44    00000020     Dsp_pe674.oe674 (.const:ti_sysbios_heaps_HeapMem_Object__PARAMS__C)
                  1182fa64    00000020     Dsp_pe674.oe674 (.const:ti_sysbios_knl_Clock_Object__DESC__C)
                  1182fa84    00000020     Dsp_pe674.oe674 (.const:ti_sysbios_knl_Queue_Object__DESC__C)
                  1182faa4    00000020     Dsp_pe674.oe674 (.const:ti_sysbios_knl_Semaphore_Object__DESC__C)
                  1182fac4    00000020     Dsp_pe674.oe674 (.const:ti_sysbios_knl_Swi_Object__DESC__C)
                  1182fae4    00000020     Dsp_pe674.oe674 (.const:ti_sysbios_knl_Task_Object__DESC__C)
                  1182fb04    00000020     Dsp_pe674.oe674 (.const:ti_sysbios_timers_timer64_Timer_Object__DESC__C)
                  1182fb24    00000020     Dsp_pe674.oe674 (.const:ti_sysbios_xdcruntime_GateThreadSupport_Object__DESC__C)
                  1182fb44    00000020     Dsp_pe674.oe674 (.const:xdc_runtime_GateNull_Object__DESC__C)
                  1182fb64    00000020     Dsp_pe674.oe674 (.const:xdc_runtime_LoggerBuf_Object__DESC__C)
                  1182fb84    00000004     Dsp_pe674.oe674 (.const:ti_sdo_ipc_GateMP_E_gateUnavailable__C)
                  1182fb88    00000020     Dsp_pe674.oe674 (.const:xdc_runtime_Startup_sfxnRts__A)
                  1182fba8    00000020     Dsp_pe674.oe674 (.const:xdc_runtime_knl_GateThread_Object__DESC__C)
                  1182fbc8    00000018     fa.oe674 (.const:_ZTV2FA)
                  1182fbe0    00000018     varm.oe674 (.const:_ZTV4Varm)
                  1182fbf8    00000018     scada.oe674 (.const:_ZTV5Scada)
                  1182fc10    00000018     message.oe674 (.const:_ZTV7BaseApp)
                  1182fc28    00000018     message.oe674 (.const:_ZTV7Message)
                  1182fc40    00000018     Dsp_pe674.oe674 (.const:ti_sdo_ipc_Notify_Object__PARAMS__C)
                  1182fc58    00000018     Dsp_pe674.oe674 (.const:ti_sdo_utils_List_Object__PARAMS__C)
                  1182fc70    00000018     Dsp_pe674.oe674 (.const:ti_sysbios_gates_GateAll_Object__PARAMS__C)
                  1182fc88    00000018     Dsp_pe674.oe674 (.const:ti_sysbios_gates_GateHwi_Object__PARAMS__C)
                  1182fca0    00000018     Dsp_pe674.oe674 (.const:ti_sysbios_gates_GateMutexPri_Object__PARAMS__C)
                  1182fcb8    00000018     Dsp_pe674.oe674 (.const:ti_sysbios_gates_GateMutex_Object__PARAMS__C)
                  1182fcd0    00000018     Dsp_pe674.oe674 (.const:ti_sysbios_gates_GateSwi_Object__PARAMS__C)
                  1182fce8    00000018     Dsp_pe674.oe674 (.const:ti_sysbios_knl_Queue_Object__PARAMS__C)
                  1182fd00    00000018     Dsp_pe674.oe674 (.const:ti_sysbios_knl_Task_hooks__A)
                  1182fd18    00000018     Dsp_pe674.oe674 (.const:ti_sysbios_xdcruntime_GateThreadSupport_Object__PARAMS__C)
                  1182fd30    00000018     Dsp_pe674.oe674 (.const:xdc_runtime_GateNull_Object__PARAMS__C)
                  1182fd48    00000018     Dsp_pe674.oe674 (.const:xdc_runtime_knl_GateThread_Object__PARAMS__C)
                  1182fd60    00000014     message.oe674 (.const:.string)
                  1182fd74    00000004     Dsp_pe674.oe674 (.const:ti_sdo_ipc_GateMP_E_localGate__C)
                  1182fd78    00000011     ti.targets.rts6000.ae674 : System.oe674 (.const:digtohex)
                  1182fd89    00000003     --HOLE-- [fill = 0]
                  1182fd8c    00000010     varm.oe674 (.const:.string)
                  1182fd9c    00000004     Dsp_pe674.oe674 (.const:ti_sdo_ipc_Ipc_E_internal__C)
                  1182fda0    00000010     rts6740_elf.lib : typeinfo_.obj (.const:_ZTVN10__cxxabiv117__class_type_infoE)
                  1182fdb0    00000010                     : typeinfo_.obj (.const:_ZTVN10__cxxabiv120__si_class_type_infoE)
                  1182fdc0    0000000d                     : typeinfo_.obj (.const:_ZTSSt9type_info)
                  1182fdcd    00000003     --HOLE-- [fill = 0]
                  1182fdd0    0000000c     data.oe674 (.const:.string)
                  1182fddc    0000000c     task.oe674 (.const:.string)
                  1182fde8    0000000c     fa.oe674 (.const:_ZTI2FA)
                  1182fdf4    0000000c     varm.oe674 (.const:_ZTI4Varm)
                  1182fe00    0000000c     scada.oe674 (.const:_ZTI5Scada)
                  1182fe0c    0000000c     message.oe674 (.const:_ZTI7Message)
                  1182fe18    0000000c     rts6740_elf.lib : typeinfo_.obj (.const:_ZTIN10__cxxabiv117__class_type_infoE)
                  1182fe24    0000000c                     : typeinfo_.obj (.const:_ZTIN10__cxxabiv120__si_class_type_infoE)
                  1182fe30    0000000c     Dsp_pe674.oe674 (.const:ti_sdo_ipc_Ipc_userFxns__A)
                  1182fe3c    0000000c     Dsp_pe674.oe674 (.const:ti_sysbios_family_c64p_Cache_initSize__C)
                  1182fe48    00000009     message.oe674 (.const:_ZTS7BaseApp)
                  1182fe51    00000003     --HOLE-- [fill = 0]
                  1182fe54    00000004     Dsp_pe674.oe674 (.const:ti_sdo_ipc_Ipc_E_nameFailed__C)
                  1182fe58    00000009     message.oe674 (.const:_ZTS7Message)
                  1182fe61    00000003     --HOLE-- [fill = 0]
                  1182fe64    00000008     fa.oe674 (.const:.string)
                  1182fe6c    00000008     scada.oe674 (.const:.string)
                  1182fe74    00000008     ti.targets.rts6000.ae674 : System.oe674 (.const:.string)
                  1182fe7c    00000008     message.oe674 (.const:_ZTI7BaseApp)
                  1182fe84    00000008     rts6740_elf.lib : typeinfo_.obj (.const:_ZTISt9type_info)
                  1182fe8c    00000008     scada.oe674 (.const)
                  1182fe94    00000004     Dsp_pe674.oe674 (.const:ti_sdo_ipc_Ipc_E_versionMismatch__C)
                  1182fe98    00000008     Dsp_pe674.oe674 (.const:ti_sdo_utils_MultiProc_nameList__A)
                  1182fea0    00000008     Dsp_pe674.oe674 (.const:ti_sysbios_knl_Idle_funcList__C)
                  1182fea8    00000008     Dsp_pe674.oe674 (.const:ti_sysbios_knl_Task_hooks__C)
                  1182feb0    00000008     Dsp_pe674.oe674 (.const:xdc_runtime_Startup_firstFxns__A)
                  1182feb8    00000008     Dsp_pe674.oe674 (.const:xdc_runtime_Startup_firstFxns__C)
                  1182fec0    00000008     Dsp_pe674.oe674 (.const:xdc_runtime_Startup_lastFxns__C)
                  1182fec8    00000007     scada.oe674 (.const:_ZTS5Scada)
                  1182fecf    00000001     --HOLE-- [fill = 0]
                  1182fed0    00000006     varm.oe674 (.const:_ZTS4Varm)
                  1182fed6    00000002     --HOLE-- [fill = 0]
                  1182fed8    00000005     at24c02.oe674 (.const:SlaveAdd)
                  1182fedd    00000003     --HOLE-- [fill = 0]
                  1182fee0    00000004     fa.oe674 (.const:_ZTS2FA)
                  1182fee4    00000004     Dsp_pe674.oe674 (.const:ti_sdo_ipc_Ipc_numUserFxns__C)
                  1182fee8    00000004     Dsp_pe674.oe674 (.const:ti_sdo_ipc_Ipc_procSync__C)
                  1182feec    00000004     Dsp_pe674.oe674 (.const:ti_sdo_ipc_Ipc_userFxns__C)
                  1182fef0    00000004     Dsp_pe674.oe674 (.const:ti_sdo_ipc_MessageQ_Instance_State_highList__O)
                  1182fef4    00000004     Dsp_pe674.oe674 (.const:ti_sdo_ipc_MessageQ_Instance_State_normalList__O)
                  1182fef8    00000004     Dsp_pe674.oe674 (.const:ti_sdo_ipc_MessageQ_Object__count__C)
                  1182fefc    00000004     Dsp_pe674.oe674 (.const:ti_sdo_ipc_Notify_Module__gateObj__C)
                  1182ff00    00000004     Dsp_pe674.oe674 (.const:ti_sdo_ipc_Notify_Object__heap__C)
                  1182ff04    00000004     Dsp_pe674.oe674 (.const:ti_sdo_ipc_Notify_numEvents__C)
                  1182ff08    00000004     Dsp_pe674.oe674 (.const:ti_sdo_ipc_Notify_sendEventPollCount__C)
                  1182ff0c    00000004     Dsp_pe674.oe674 (.const:ti_sdo_ipc_SharedRegion_INVALIDSRPTR__C)
                  1182ff10    00000004     Dsp_pe674.oe674 (.const:ti_sdo_ipc_SharedRegion_cacheLineSize__C)
                  1182ff14    00000004     Dsp_pe674.oe674 (.const:ti_sdo_ipc_SharedRegion_numOffsetBits__C)
                  1182ff18    00000004     Dsp_pe674.oe674 (.const:ti_sdo_ipc_SharedRegion_offsetMask__C)
                  1182ff1c    00000004     Dsp_pe674.oe674 (.const:ti_sdo_ipc_family_da830_NotifySetup_armRecvIntId0__C)
                  1182ff20    00000004     Dsp_pe674.oe674 (.const:ti_sdo_ipc_family_da830_NotifySetup_armRecvIntId1__C)
                  1182ff24    00000004     Dsp_pe674.oe674 (.const:ti_sdo_ipc_family_da830_NotifySetup_dspIntVectId0__C)
                  1182ff28    00000004     Dsp_pe674.oe674 (.const:ti_sdo_ipc_family_da830_NotifySetup_dspIntVectId1__C)
                  1182ff2c    00000004     Dsp_pe674.oe674 (.const:ti_sdo_ipc_family_da830_NotifySetup_dspRecvIntId0__C)
                  1182ff30    00000004     Dsp_pe674.oe674 (.const:ti_sdo_ipc_family_da830_NotifySetup_dspRecvIntId1__C)
                  1182ff34    00000004     Dsp_pe674.oe674 (.const:ti_sdo_ipc_gates_GatePeterson_E_gateRemotelyOpened__C)
                  1182ff38    00000004     Dsp_pe674.oe674 (.const:ti_sdo_ipc_heaps_HeapMemMP_E_memory__C)
                  1182ff3c    00000004     Dsp_pe674.oe674 (.const:ti_sdo_ipc_interfaces_IGateMPSupport_Interface__BASE__C)
                  1182ff40    00000004     Dsp_pe674.oe674 (.const:ti_sdo_ipc_interfaces_IMessageQTransport_Interface__BASE__C)
                  1182ff44    00000004     Dsp_pe674.oe674 (.const:ti_sdo_ipc_interfaces_INotifyDriver_Interface__BASE__C)
                  1182ff48    00000004     Dsp_pe674.oe674 (.const:ti_sdo_ipc_notifyDrivers_NotifyDriverShm_Object__heap__C)
                  1182ff4c    00000004     Dsp_pe674.oe674 (.const:ti_sdo_ipc_nsremote_NameServerRemoteNotify_Instance_State_semMultiBlock__O)
                  1182ff50    00000004     Dsp_pe674.oe674 (.const:ti_sdo_ipc_nsremote_NameServerRemoteNotify_Instance_State_semRemoteWait__O)
                  1182ff54    00000004     Dsp_pe674.oe674 (.const:ti_sdo_ipc_nsremote_NameServerRemoteNotify_Instance_State_swiObj__O)
                  1182ff58    00000004     Dsp_pe674.oe674 (.const:ti_sdo_ipc_nsremote_NameServerRemoteNotify_notifyEventId__C)
                  1182ff5c    00000004     Dsp_pe674.oe674 (.const:ti_sdo_ipc_nsremote_NameServerRemoteNotify_timeout__C)
                  1182ff60    00000004     Dsp_pe674.oe674 (.const:ti_sdo_ipc_transports_TransportShmSetup_priority__C)
                  1182ff64    00000004     Dsp_pe674.oe674 (.const:ti_sdo_ipc_transports_TransportShm_Instance_State_swiObj__O)
                  1182ff68    00000004     Dsp_pe674.oe674 (.const:ti_sdo_utils_INameServerRemote_Interface__BASE__C)
                  1182ff6c    00000004     Dsp_pe674.oe674 (.const:ti_sdo_utils_MultiProc_nameList__C)
                  1182ff70    00000004     Dsp_pe674.oe674 (.const:ti_sdo_utils_NameServer_E_entryExists__C)
                  1182ff74    00000004     Dsp_pe674.oe674 (.const:ti_sdo_utils_NameServer_E_maxReached__C)
                  1182ff78    00000004     Dsp_pe674.oe674 (.const:ti_sdo_utils_NameServer_Instance_State_freeList__O)
                  1182ff7c    00000004     Dsp_pe674.oe674 (.const:ti_sdo_utils_NameServer_Instance_State_nameList__O)
                  1182ff80    00000004     Dsp_pe674.oe674 (.const:ti_sdo_utils_NameServer_Object__count__C)
                  1182ff84    00000004     Dsp_pe674.oe674 (.const:ti_sysbios_BIOS_installedErrorHook__C)
                  1182ff88    00000004     Dsp_pe674.oe674 (.const:ti_sysbios_family_c62_TaskSupport_stackAlignment__C)
                  1182ff8c    00000004     Dsp_pe674.oe674 (.const:ti_sysbios_family_c64p_Cache_EMIFA_BASE__C)
                  1182ff90    00000004     Dsp_pe674.oe674 (.const:ti_sysbios_family_c64p_Cache_EMIFA_CFG__C)
                  1182ff94    00000004     Dsp_pe674.oe674 (.const:ti_sysbios_family_c64p_Cache_EMIFA_LENGTH__C)
                  1182ff98    00000004     Dsp_pe674.oe674 (.const:ti_sysbios_family_c64p_Cache_EMIFB_BASE__C)
                  1182ff9c    00000004     Dsp_pe674.oe674 (.const:ti_sysbios_family_c64p_Cache_EMIFB_CFG__C)
                  1182ffa0    00000004     Dsp_pe674.oe674 (.const:ti_sysbios_family_c64p_Cache_EMIFB_LENGTH__C)
                  1182ffa4    00000004     Dsp_pe674.oe674 (.const:ti_sysbios_family_c64p_Cache_EMIFC_BASE__C)
                  1182ffa8    00000004     Dsp_pe674.oe674 (.const:ti_sysbios_family_c64p_Cache_EMIFC_CFG__C)
                  1182ffac    00000004     Dsp_pe674.oe674 (.const:ti_sysbios_family_c64p_Cache_EMIFC_LENGTH__C)
                  1182ffb0    00000004     Dsp_pe674.oe674 (.const:ti_sysbios_family_c64p_Cache_MAR0_31__C)
                  1182ffb4    00000004     Dsp_pe674.oe674 (.const:ti_sysbios_family_c64p_Cache_MAR128_159__C)
                  1182ffb8    00000004     Dsp_pe674.oe674 (.const:ti_sysbios_family_c64p_Cache_MAR160_191__C)
                  1182ffbc    00000004     Dsp_pe674.oe674 (.const:ti_sysbios_family_c64p_Cache_MAR192_223__C)
                  1182ffc0    00000004     Dsp_pe674.oe674 (.const:ti_sysbios_family_c64p_Cache_MAR224_255__C)
                  1182ffc4    00000004     Dsp_pe674.oe674 (.const:ti_sysbios_family_c64p_Cache_MAR32_63__C)
                  1182ffc8    00000004     Dsp_pe674.oe674 (.const:ti_sysbios_family_c64p_Cache_MAR64_95__C)
                  1182ffcc    00000004     Dsp_pe674.oe674 (.const:ti_sysbios_family_c64p_Cache_MAR96_127__C)
                  1182ffd0    00000004     Dsp_pe674.oe674 (.const:ti_sysbios_family_c64p_Exception_E_exceptionMin__C)
                  1182ffd4    00000004     Dsp_pe674.oe674 (.const:ti_sysbios_family_c64p_Exception_exceptionHook__C)
                  1182ffd8    00000004     Dsp_pe674.oe674 (.const:ti_sysbios_family_c64p_Exception_externalHook__C)
                  1182ffdc    00000004     Dsp_pe674.oe674 (.const:ti_sysbios_family_c64p_Exception_internalHook__C)
                  1182ffe0    00000004     Dsp_pe674.oe674 (.const:ti_sysbios_family_c64p_Exception_nmiHook__C)
                  1182ffe4    00000004     Dsp_pe674.oe674 (.const:ti_sysbios_family_c64p_Hwi_E_alreadyDefined__C)
                  1182ffe8    00000004     Dsp_pe674.oe674 (.const:ti_sysbios_gates_GateMutexPri_Instance_State_pendQ__O)
                  1182ffec    00000004     Dsp_pe674.oe674 (.const:ti_sysbios_gates_GateMutex_Instance_State_sem__O)
                  1182fff0    00000004     Dsp_pe674.oe674 (.const:ti_sysbios_hal_Hwi_E_stackOverflow__C)
                  1182fff4    00000004     Dsp_pe674.oe674 (.const:ti_sysbios_heaps_HeapMem_E_memory__C)
                  1182fff8    00000004     Dsp_pe674.oe674 (.const:ti_sysbios_heaps_HeapMem_Module__gateObj__C)
                  1182fffc    00000004     Dsp_pe674.oe674 (.const:ti_sysbios_heaps_HeapMem_Object__count__C)
                  11830000    00000004     Dsp_pe674.oe674 (.const:ti_sysbios_heaps_HeapMem_reqAlignMask__C)
                  11830004    00000004     Dsp_pe674.oe674 (.const:ti_sysbios_heaps_HeapMem_reqAlign__C)
                  11830008    00000004     Dsp_pe674.oe674 (.const:ti_sysbios_knl_Clock_Module_State_clockQ__O)
                  1183000c    00000004     Dsp_pe674.oe674 (.const:ti_sysbios_knl_Clock_tickMode__C)
                  11830010    00000004     Dsp_pe674.oe674 (.const:ti_sysbios_knl_Clock_tickSource__C)
                  11830014    00000004     Dsp_pe674.oe674 (.const:ti_sysbios_knl_Semaphore_Instance_State_pendQ__O)
                  11830018    00000004     Dsp_pe674.oe674 (.const:ti_sysbios_knl_Idle_funcList__A)
                  1183001c    00000004     Dsp_pe674.oe674 (.const:ti_sysbios_knl_Swi_Object__count__C)
                  11830020    00000004     Dsp_pe674.oe674 (.const:ti_sysbios_knl_Task_E_spOutOfBounds__C)
                  11830024    00000004     Dsp_pe674.oe674 (.const:ti_sysbios_knl_Task_E_stackOverflow__C)
                  11830028    00000004     Dsp_pe674.oe674 (.const:ti_sysbios_knl_Task_Module_State_inactiveQ__O)
                  1183002c    00000004     Dsp_pe674.oe674 (.const:ti_sysbios_knl_Task_Module_State_terminatedQ__O)
                  11830030    00000004     Dsp_pe674.oe674 (.const:ti_sysbios_knl_Task_Object__count__C)
                  11830034    00000004     Dsp_pe674.oe674 (.const:ti_sysbios_knl_Task_Object__heap__C)
                  11830038    00000004     Dsp_pe674.oe674 (.const:ti_sysbios_knl_Task_allBlockedFunc__C)
                  1183003c    00000004     Dsp_pe674.oe674 (.const:ti_sysbios_knl_Task_defaultStackHeap__C)
                  11830040    00000004     Dsp_pe674.oe674 (.const:ti_sysbios_knl_Task_defaultStackSize__C)
                  11830044    00000004     Dsp_pe674.oe674 (.const:ti_sysbios_knl_Task_numConstructedTasks__C)
                  11830048    00000004     Dsp_pe674.oe674 (.const:ti_sysbios_timers_timer64_Timer_E_cannotSupport__C)
                  1183004c    00000004     Dsp_pe674.oe674 (.const:ti_sysbios_timers_timer64_Timer_E_invalidTimer__C)
                  11830050    00000004     Dsp_pe674.oe674 (.const:ti_sysbios_timers_timer64_Timer_E_notAvailable__C)
                  11830054    00000004     Dsp_pe674.oe674 (.const:ti_sysbios_timers_timer64_Timer_anyMask__C)
                  11830058    00000004     Dsp_pe674.oe674 (.const:ti_sysbios_timers_timer64_Timer_defaultHalf__C)
                  1183005c    00000004     Dsp_pe674.oe674 (.const:ti_sysbios_timers_timer64_Timer_freqDivisor__C)
                  11830060    00000004     Dsp_pe674.oe674 (.const:ti_sysbios_timers_timer64_Timer_numLocalTimers__C)
                  11830064    00000004     Dsp_pe674.oe674 (.const:ti_sysbios_timers_timer64_Timer_numTimerDevices__C)
                  11830068    00000004     Dsp_pe674.oe674 (.const:ti_sysbios_xdcruntime_GateThreadSupport_Instance_State_gate__O)
                  1183006c    00000004     Dsp_pe674.oe674 (.const:xdc_runtime_Assert_E_assertFailed__C)
                  11830070    00000004     Dsp_pe674.oe674 (.const:xdc_runtime_Core_A_initializedParams__C)
                  11830074    00000004     Dsp_pe674.oe674 (.const:xdc_runtime_Core_Module__diagsEnabled__C)
                  11830078    00000004     Dsp_pe674.oe674 (.const:xdc_runtime_Core_Module__diagsIncluded__C)
                  1183007c    00000004     Dsp_pe674.oe674 (.const:xdc_runtime_Core_Module__diagsMask__C)
                  11830080    00000004     Dsp_pe674.oe674 (.const:xdc_runtime_Diags_dictBase__C)
                  11830084    00000004     Dsp_pe674.oe674 (.const:xdc_runtime_Error_E_generic__C)
                  11830088    00000004     Dsp_pe674.oe674 (.const:xdc_runtime_Error_E_memory__C)
                  1183008c    00000004     Dsp_pe674.oe674 (.const:xdc_runtime_Error_Module__diagsEnabled__C)
                  11830090    00000004     Dsp_pe674.oe674 (.const:xdc_runtime_Error_Module__diagsIncluded__C)
                  11830094    00000004     Dsp_pe674.oe674 (.const:xdc_runtime_Error_Module__diagsMask__C)
                  11830098    00000004     Dsp_pe674.oe674 (.const:xdc_runtime_Error_Module__loggerFxn8__C)
                  1183009c    00000004     Dsp_pe674.oe674 (.const:xdc_runtime_Error_Module__loggerObj__C)
                  118300a0    00000004     Dsp_pe674.oe674 (.const:xdc_runtime_Error_policy__C)
                  118300a4    00000004     Dsp_pe674.oe674 (.const:xdc_runtime_Error_raiseHook__C)
                  118300a8    00000004     Dsp_pe674.oe674 (.const:xdc_runtime_IFilterLogger_Interface__BASE__C)
                  118300ac    00000004     Dsp_pe674.oe674 (.const:xdc_runtime_IGateProvider_Interface__BASE__C)
                  118300b0    00000004     Dsp_pe674.oe674 (.const:xdc_runtime_IHeap_Interface__BASE__C)
                  118300b4    00000004     Dsp_pe674.oe674 (.const:xdc_runtime_ILogger_Interface__BASE__C)
                  118300b8    00000004     Dsp_pe674.oe674 (.const:xdc_runtime_IModule_Interface__BASE__C)
                  118300bc    00000004     Dsp_pe674.oe674 (.const:xdc_runtime_Log_L_error__C)
                  118300c0    00000004     Dsp_pe674.oe674 (.const:xdc_runtime_LoggerBuf_E_badLevel__C)
                  118300c4    00000004     Dsp_pe674.oe674 (.const:xdc_runtime_LoggerBuf_Module__gateObj__C)
                  118300c8    00000004     Dsp_pe674.oe674 (.const:xdc_runtime_LoggerBuf_Object__count__C)
                  118300cc    00000004     Dsp_pe674.oe674 (.const:xdc_runtime_LoggerBuf_statusLogger__C)
                  118300d0    00000004     Dsp_pe674.oe674 (.const:xdc_runtime_Main_Module__diagsEnabled__C)
                  118300d4    00000004     Dsp_pe674.oe674 (.const:xdc_runtime_Main_Module__diagsIncluded__C)
                  118300d8    00000004     Dsp_pe674.oe674 (.const:xdc_runtime_Main_Module__diagsMask__C)
                  118300dc    00000004     Dsp_pe674.oe674 (.const:xdc_runtime_Main_Module__loggerFxn2__C)
                  118300e0    00000004     Dsp_pe674.oe674 (.const:xdc_runtime_Main_Module__loggerFxn4__C)
                  118300e4    00000004     Dsp_pe674.oe674 (.const:xdc_runtime_Main_Module__loggerObj__C)
                  118300e8    00000004     Dsp_pe674.oe674 (.const:xdc_runtime_Memory_defaultHeapInstance__C)
                  118300ec    00000004     Dsp_pe674.oe674 (.const:xdc_runtime_Registry_Module__diagsMask__C)
                  118300f0    00000004     Dsp_pe674.oe674 (.const:xdc_runtime_Startup_execImpl__C)
                  118300f4    00000004     Dsp_pe674.oe674 (.const:xdc_runtime_Startup_maxPasses__C)
                  118300f8    00000004     Dsp_pe674.oe674 (.const:xdc_runtime_Startup_lastFxns__A)
                  118300fc    00000004     Dsp_pe674.oe674 (.const:xdc_runtime_Startup_sfxnRts__C)
                  11830100    00000004     Dsp_pe674.oe674 (.const:xdc_runtime_Startup_sfxnTab__C)
                  11830104    00000004     Dsp_pe674.oe674 (.const:xdc_runtime_SysMin_bufSize__C)
                  11830108    00000004     Dsp_pe674.oe674 (.const:xdc_runtime_SysMin_outputFunc__C)
                  1183010c    00000004     Dsp_pe674.oe674 (.const:xdc_runtime_System_Module__gateObj__C)
                  11830110    00000004     Dsp_pe674.oe674 (.const:xdc_runtime_System_extendFxn__C)
                  11830114    00000004     Dsp_pe674.oe674 (.const:xdc_runtime_System_maxAtexitHandlers__C)
                  11830118    00000004     Dsp_pe674.oe674 (.const:xdc_runtime_Text_charTab__C)
                  1183011c    00000004     Dsp_pe674.oe674 (.const:xdc_runtime_Text_nameEmpty__C)
                  11830120    00000004     Dsp_pe674.oe674 (.const:xdc_runtime_Text_nameStatic__C)
                  11830124    00000004     Dsp_pe674.oe674 (.const:xdc_runtime_Text_nameUnknown__C)
                  11830128    00000004     Dsp_pe674.oe674 (.const:xdc_runtime_Text_nodeTab__C)
                  1183012c    00000004     Dsp_pe674.oe674 (.const:xdc_runtime_Text_visitRopeFxn__C)
                  11830130    00000002     Dsp_pe674.oe674 (.const:ti_sdo_ipc_GateMP_Module__id__C)
                  11830132    00000002     --HOLE-- [fill = 0]
                  11830134    00000002     Dsp_pe674.oe674 (.const:ti_sdo_ipc_Ipc_generateSlaveDataForHost__C)
                  11830136    00000002     --HOLE-- [fill = 0]
                  11830138    00000002     Dsp_pe674.oe674 (.const:ti_sdo_ipc_ListMP_Module__id__C)
                  1183013a    00000002     --HOLE-- [fill = 0]
                  1183013c    00000002     Dsp_pe674.oe674 (.const:ti_sdo_ipc_Notify_numLines__C)
                  1183013e    00000002     --HOLE-- [fill = 0]
                  11830140    00000002     Dsp_pe674.oe674 (.const:ti_sdo_ipc_SharedRegion_numEntries__C)
                  11830142    00000002     --HOLE-- [fill = 0]
                  11830144    00000002     Dsp_pe674.oe674 (.const:ti_sdo_ipc_SharedRegion_translate__C)
                  11830146    00000002     --HOLE-- [fill = 0]
                  11830148    00000002     Dsp_pe674.oe674 (.const:ti_sdo_ipc_family_da830_NotifySetup_useSecondLine__C)
                  1183014a    00000002     --HOLE-- [fill = 0]
                  1183014c    00000002     Dsp_pe674.oe674 (.const:ti_sdo_ipc_gates_GatePeterson_Module__id__C)
                  1183014e    00000002     --HOLE-- [fill = 0]
                  11830150    00000002     Dsp_pe674.oe674 (.const:ti_sdo_ipc_heaps_HeapMemMP_Module__id__C)
                  11830152    00000002     --HOLE-- [fill = 0]
                  11830154    00000002     Dsp_pe674.oe674 (.const:ti_sdo_ipc_nsremote_NameServerRemoteNotify_Module__id__C)
                  11830156    00000002     --HOLE-- [fill = 0]
                  11830158    00000002     Dsp_pe674.oe674 (.const:ti_sdo_ipc_transports_TransportShm_Module__id__C)
                  1183015a    00000002     --HOLE-- [fill = 0]
                  1183015c    00000002     Dsp_pe674.oe674 (.const:ti_sdo_ipc_transports_TransportShm_notifyEventId__C)
                  1183015e    00000002     --HOLE-- [fill = 0]
                  11830160    00000002     Dsp_pe674.oe674 (.const:ti_sdo_utils_MultiProc_numProcessors__C)
                  11830162    00000002     --HOLE-- [fill = 0]
                  11830164    00000002     Dsp_pe674.oe674 (.const:ti_sdo_utils_MultiProc_numProcsInCluster__C)
                  11830166    00000002     --HOLE-- [fill = 0]
                  11830168    00000002     Dsp_pe674.oe674 (.const:ti_sdo_utils_NameServer_Module__id__C)
                  1183016a    00000002     --HOLE-- [fill = 0]
                  1183016c    00000002     Dsp_pe674.oe674 (.const:ti_sysbios_family_c64p_Exception_Module__id__C)
                  1183016e    00000002     --HOLE-- [fill = 0]
                  11830170    00000002     Dsp_pe674.oe674 (.const:ti_sysbios_family_c64p_Hwi_Module__id__C)
                  11830172    00000002     --HOLE-- [fill = 0]
                  11830174    00000002     Dsp_pe674.oe674 (.const:ti_sysbios_hal_Hwi_Module__id__C)
                  11830176    00000002     --HOLE-- [fill = 0]
                  11830178    00000002     Dsp_pe674.oe674 (.const:ti_sysbios_heaps_HeapMem_Module__id__C)
                  1183017a    00000002     --HOLE-- [fill = 0]
                  1183017c    00000002     Dsp_pe674.oe674 (.const:ti_sysbios_knl_Task_Module__id__C)
                  1183017e    00000002     --HOLE-- [fill = 0]
                  11830180    00000002     Dsp_pe674.oe674 (.const:ti_sysbios_knl_Task_deleteTerminatedTasks__C)
                  11830182    00000002     --HOLE-- [fill = 0]
                  11830184    00000002     Dsp_pe674.oe674 (.const:ti_sysbios_knl_Task_initStackFlag__C)
                  11830186    00000002     --HOLE-- [fill = 0]
                  11830188    00000002     Dsp_pe674.oe674 (.const:ti_sysbios_timers_timer64_Timer_Module__id__C)
                  1183018a    00000002     --HOLE-- [fill = 0]
                  1183018c    00000002     Dsp_pe674.oe674 (.const:ti_sysbios_timers_timer64_Timer_startupNeeded__C)
                  1183018e    00000002     --HOLE-- [fill = 0]
                  11830190    00000002     Dsp_pe674.oe674 (.const:xdc_runtime_Core_Module__id__C)
                  11830192    00000002     --HOLE-- [fill = 0]
                  11830194    00000002     Dsp_pe674.oe674 (.const:xdc_runtime_Diags_setMaskEnabled__C)
                  11830196    00000002     --HOLE-- [fill = 0]
                  11830198    00000002     Dsp_pe674.oe674 (.const:xdc_runtime_Error_Module__loggerDefined__C)
                  1183019a    00000002     --HOLE-- [fill = 0]
                  1183019c    00000002     Dsp_pe674.oe674 (.const:xdc_runtime_Error_maxDepth__C)
                  1183019e    00000002     --HOLE-- [fill = 0]
                  118301a0    00000002     Dsp_pe674.oe674 (.const:xdc_runtime_LoggerBuf_Module__id__C)
                  118301a2    00000002     --HOLE-- [fill = 0]
                  118301a4    00000002     Dsp_pe674.oe674 (.const:xdc_runtime_LoggerBuf_filterByLevel__C)
                  118301a6    00000002     --HOLE-- [fill = 0]
                  118301a8    00000002     Dsp_pe674.oe674 (.const:xdc_runtime_Main_Module__id__C)
                  118301aa    00000002     --HOLE-- [fill = 0]
                  118301ac    00000002     Dsp_pe674.oe674 (.const:xdc_runtime_Main_Module__loggerDefined__C)
                  118301ae    00000002     --HOLE-- [fill = 0]
                  118301b0    00000002     Dsp_pe674.oe674 (.const:xdc_runtime_Memory_Module__id__C)
                  118301b2    00000002     --HOLE-- [fill = 0]
                  118301b4    00000002     Dsp_pe674.oe674 (.const:xdc_runtime_SysMin_flushAtExit__C)
                  118301b6    00000002     --HOLE-- [fill = 0]
                  118301b8    00000002     Dsp_pe674.oe674 (.const:xdc_runtime_Text_charCnt__C)
                  118301ba    00000002     --HOLE-- [fill = 0]
                  118301bc    00000002     Dsp_pe674.oe674 (.const:xdc_runtime_Text_isLoaded__C)
                  118301be    00000002     --HOLE-- [fill = 0]
                  118301c0    00000002     Dsp_pe674.oe674 (.const:xdc_runtime_Text_registryModsLastId__C)
                  118301c2    00000002     --HOLE-- [fill = 0]
                  118301c4    00000002     Dsp_pe674.oe674 (.const:xdc_runtime_Text_unnamedModsLastId__C)

.fardata   0    118301c8    000014d4     
                  118301c8    00000800     Dsp_pe674.oe674 (.fardata:ti_sdo_ipc_GateMP_Module_State_0_remoteSystemGates__A)
                  118309c8    000003d8     Dsp_pe674.oe674 (.fardata)
                  11830da0    00000198     Dsp_pe674.oe674 (.fardata:xdc_runtime_Diags_dictElems)
                  11830f38    000000e0     Dsp_pe674.oe674 (.fardata:ti_sdo_utils_NameServer_Object__table__V)
                  11831018    00000090     Dsp_pe674.oe674 (.fardata:ti_sdo_ipc_SharedRegion_Module_State_0_regions__A)
                  118310a8    00000080     task.oe674 (.fardata:retry$1)
                  11831128    00000080     Dsp_pe674.oe674 (.fardata:ti_sysbios_knl_Swi_Module_State_0_readyQ__A)
                  118311a8    00000080     Dsp_pe674.oe674 (.fardata:ti_sysbios_knl_Task_Module_State_0_readyQ__A)
                  11831228    00000080     task.oe674 (.fardata:time_cnt$2)
                  118312a8    00000060     Dsp_pe674.oe674 (.fardata:ti_sysbios_timers_timer64_Timer_Module_State_0_device__A)
                  11831308    0000004c     Dsp_pe674.oe674 (.fardata:ti_sysbios_timers_timer64_Timer_Object__table__V)
                  11831354    00000004     rts6740_elf.lib : dtor_list.obj (.fardata)
                  11831358    00000044     Dsp_pe674.oe674 (.fardata:ti_sysbios_knl_Task_Object__table__V)
                  1183139c    00000004     rts6740_elf.lib : errno.obj (.fardata)
                  118313a0    00000040                     : cos.obj (.fardata:R$1)
                  118313e0    00000040                     : sin.obj (.fardata:R$1)
                  11831420    00000040     Dsp_pe674.oe674 (.fardata:ti_sysbios_gates_GateMutex_Object__table__V)
                  11831460    00000038     interruptapp.oe674 (.fardata)
                  11831498    00000030     Dsp_pe674.oe674 (.fardata:ti_sysbios_knl_Swi_Object__table__V)
                  118314c8    00000028     Dsp_pe674.oe674 (.fardata:ti_sdo_ipc_Ipc_Module_State_0_procEntry__A)
                  118314f0    00000024     Dsp_pe674.oe674 (.fardata:xdc_runtime_LoggerBuf_Object__table__V)
                  11831514    00000004     rts6740_elf.lib : vars.obj (.fardata)
                  11831518    00000020     Dsp_pe674.oe674 (.fardata:ti_sdo_ipc_MessageQ_Module_State_0_heaps__A)
                  11831538    00000020     Dsp_pe674.oe674 (.fardata:ti_sysbios_timers_timer64_Timer_Module_State_0_gctrl__A)
                  11831558    00000020     Dsp_pe674.oe674 (.fardata:ti_sysbios_timers_timer64_Timer_Module_State_0_handles__A)
                  11831578    00000020     Dsp_pe674.oe674 (.fardata:ti_sysbios_timers_timer64_Timer_Module_State_0_intFreqs__A)
                  11831598    00000020     Dsp_pe674.oe674 (.fardata:xdc_runtime_System_Module_State_0_atexitHandlers__A)
                  118315b8    00000018     Dsp_pe674.oe674 (.fardata:ti_sysbios_family_c64p_Hwi_Object__table__V)
                  118315d0    00000018     Dsp_pe674.oe674 (.fardata:ti_sysbios_gates_GateMutexPri_Object__table__V)
                  118315e8    00000014     Dsp_pe674.oe674 (.fardata:ti_sysbios_heaps_HeapMem_Object__table__V)
                  118315fc    00000004     --HOLE-- [fill = 0]
                  11831600    00000010     Dsp_pe674.oe674 (.fardata:ti_sdo_ipc_MessageQ_Module_State_0_transports__A)
                  11831610    00000010     Dsp_pe674.oe674 (.fardata:ti_sysbios_gates_GateAll_Object__table__V)
                  11831620    0000000c     rts6740_elf.lib : exit.obj (.fardata)
                  1183162c    00000004     --HOLE-- [fill = 0]
                  11831630    0000000c     Dsp_pe674.oe674 (.fardata:ti_sysbios_gates_GateSwi_Object__table__V)
                  1183163c    00000004     --HOLE-- [fill = 0]
                  11831640    00000008     interruptapp.oe674 (.fardata:PPP)
                  11831648    00000008     rts6740_elf.lib : _lock.obj (.fardata)
                  11831650    00000008     Dsp_pe674.oe674 (.fardata:ti_sdo_ipc_Notify_Module_State_0_notifyHandles__A)
                  11831658    00000008     Dsp_pe674.oe674 (.fardata:ti_sdo_ipc_transports_TransportShmSetup_Module_State_0_handles__A)
                  11831660    00000008     Dsp_pe674.oe674 (.fardata:ti_sysbios_family_c64p_primus_TimerSupport_Module_State_0_suspSrc__A)
                  11831668    00000008     Dsp_pe674.oe674 (.fardata:ti_sysbios_hal_Hwi_Object__table__V)
                  11831670    00000008     Dsp_pe674.oe674 (.fardata:ti_sysbios_hal_Timer_Object__table__V)
                  11831678    00000004     Dsp_pe674.oe674 (.fardata:ti_sdo_ipc_GateMP_Module_State_0_remoteCustom2Gates__A)
                  1183167c    00000004     --HOLE-- [fill = 0]
                  11831680    00000004     Dsp_pe674.oe674 (.fardata:ti_sdo_ipc_Notify_Module_State_0_notifyHandles_0__A)
                  11831684    00000004     --HOLE-- [fill = 0]
                  11831688    00000004     Dsp_pe674.oe674 (.fardata:ti_sdo_ipc_Notify_Module_State_0_notifyHandles_1__A)
                  1183168c    00000004     --HOLE-- [fill = 0]
                  11831690    00000004     Dsp_pe674.oe674 (.fardata:ti_sysbios_gates_GateHwi_Object__table__V)
                  11831694    00000004     --HOLE-- [fill = 0]
                  11831698    00000004     Dsp_pe674.oe674 (.fardata:xdc_runtime_GateNull_Object__table__V)

.switch    0    1183169c    00000298     
                  1183169c    000001cc     scada.oe674 (.switch:_ZN5Scada7ReadCfgEi)
                  11831868    00000050     fa.oe674 (.switch:_ZN2FA7ReadCfgEi)
                  118318b8    0000001c     adsamp.oe674 (.switch:_Z4Irmshh)
                  118318d4    00000018     data.oe674 (.switch:_ZN8UserData15GetDataTablePtrEi)
                  118318ec    00000018     data.oe674 (.switch:_ZN8UserData16GetDataTableSizeEi)
                  11831904    00000010     adsamp.oe674 (.switch:_Z4Urmshh)
                  11831914    00000010     data.oe674 (.switch:_ZN8UserData10RecallDataEtt)
                  11831924    00000010     ipc.lib : Ipc.obj (.switch:ti_sdo_ipc_GateMP_Instance_finalize__F)

.cio       0    11831934    00000120     UNINITIALIZED
                  11831934    00000120     rts6740_elf.lib : trgmsg.obj (.cio)

.bss       0    11831a58    00000030     UNINITIALIZED
                  11831a58    00000028     interruptapp.oe674 (.bss)
                  11831a80    00000004     dsp.oe674 (.bss)
                  11831a84    00000004     rts6740_elf.lib : dtor_list.obj (.bss)

.neardata 
*          0    11831a88    000000af     
                  11831a88    00000056     interruptapp.oe674 (.neardata)
                  11831ade    00000002     --HOLE-- [fill = 0]
                  11831ae0    0000001c     adsamp.oe674 (.neardata)
                  11831afc    00000004     i2c.oe674 (.neardata)
                  11831b00    00000016     scada.oe674 (.neardata)
                  11831b16    00000002     --HOLE-- [fill = 0]
                  11831b18    00000014     gpio.oe674 (.neardata)
                  11831b2c    00000008     Dsp_pe674.oe674 (.neardata)
                  11831b34    00000003     fa.oe674 (.neardata)

.rodata    0    11831b38    00000004     
                  11831b38    00000004     fft.oe674 (.rodata)

.data      0    11831b40    0000005c     
                  11831b40    00000038     logsp.oe674 (.data)
                  11831b78    00000024     expsp.oe674 (.data)

.args      0    11831b9c    00000064     
                  11831b9c    00000064     --HOLE-- [fill = 0]

ti_sdo_ipc_init 
*          0    11831c00    0000004c     
                  11831c00    0000004c     Dsp_pe674.oe674 (ti_sdo_ipc_init)

.init_array 
*          0    11831c4c    0000001c     
                  11831c4c    00000004     clock.oe674 (.init_array)
                  11831c50    00000004     data.oe674 (.init_array)
                  11831c54    00000004     dsp.oe674 (.init_array)
                  11831c58    00000004     fa.oe674 (.init_array)
                  11831c5c    00000004     message.oe674 (.init_array)
                  11831c60    00000004     scada.oe674 (.init_array)
                  11831c64    00000004     varm.oe674 (.init_array)

ti.sdo.ipc.SharedRegion_0 
*          0    c2000000    00010000     NOLOAD SECTION
                  c2000000    00010000     --HOLE--

ti.sdo.ipc.SharedRegion_1 
*          0    c2010000    00ff0000     NOLOAD SECTION
                  c2010000    00ff0000     --HOLE--

.text.1    0    c3000000    0003ed40     
                  c3000000    00010580     scada.oe674 (.text)
                  c3010580    00005b60     data.oe674 (.text:_ZN2daC1Ev)
                  c30160e0    00002100     data.oe674 (.text)
                  c30181e0    00001740     fpag.oe674 (.text)
                  c3019920    000016e0     adsamp.oe674 (.text)
                  c301b000    000014e0     scada.oe674 (.text:_ZN8scada_ycC1Ev)
                  c301c4e0    00001120     fa.oe674 (.text)
                  c301d600    00000c80     clock.oe674 (.text)
                  c301e280    00000b80     ipc.lib : Ipc.obj (.text:ti_sdo_ipc_GateMP_Instance_init__F)
                  c301ee00    00000a40     syslink.oe674 (.text)
                  c301f840    00000a20     omapl138.oe674 (.text)
                  c3020260    000009a0     ti.targets.rts6000.ae674 : System.oe674 (.text:xdc_runtime_System_doPrint__I)
                  c3020c00    000008c0     scada.oe674 (.text:_ZN10_ScadaParaC1Ev)
                  c30214c0    00000780     task.oe674 (.text)
                  c3021c40    00000780     sysbios.lib : BIOS.obj (.text:ti_sysbios_family_c64p_Exception_handler__I)
                  c30223c0    00000760     ipc.lib : Ipc.obj (.text:Ipc_detach)
                  c3022b20    00000740             : Ipc.obj (.text:Ipc_attach)
                  c3023260    00000700             : Ipc.obj (.text:ti_sdo_ipc_transports_TransportShm_Instance_init__F)
                  c3023960    000006e0     varm.oe674 (.text)
                  c3024040    000006a0     i2c.oe674 (.text)
                  c30246e0    00000660     message.oe674 (.text)
                  c3024d40    00000620     interruptapp.oe674 (.text)
                  c3025360    000005e0     sysbios.lib : BIOS.obj (.text:ti_sysbios_timers_timer64_Timer_Instance_init__F)
                  c3025940    000005a0     rts6740_elf.lib : divd.obj (.text:__c6xabi_divd)
                  c3025ee0    000004e0     delay.oe674 (.text)
                  c30263c0    000004c0     inout.oe674 (.text)
                  c3026880    00000460     ipc.lib : Ipc.obj (.text:ti_sdo_ipc_GateMP_setRegion0Reserved__F)
                  c3026ce0    00000460             : Ipc.obj (.text:ti_sdo_ipc_heaps_HeapMemMP_Instance_init__F)
                  c3027140    00000460             : Ipc.obj (.text:ti_sdo_ipc_nsremote_NameServerRemoteNotify_get__F)
                  c30275a0    00000440             : Ipc.obj (.text:ti_sdo_ipc_ListMP_Instance_init__F)
                  c30279e0    00000400     stack.oe674 (.text)
                  c3027de0    000003e0     ipc.lib : Ipc.obj (.text:ti_sdo_ipc_GateMP_Instance_finalize__F)
                  c30281c0    000003c0             : Ipc.obj (.text:ti_sdo_ipc_heaps_HeapMemMP_alloc__E)
                  c3028580    000003a0     DSPF_sp_fftSPxSP.oe674 (.text:DSPF_sp_fftSPxSP)
                  c3028920    000003a0     ipc.lib : Ipc.obj (.text:NameServer_add)
                  c3028cc0    00000380             : Ipc.obj (.text:ti_sdo_ipc_heaps_HeapMemMP_free__E)
                  c3029040    00000380     ti.targets.rts6000.ae674 : Diags.oe674 (.text:xdc_runtime_Diags_setMask__F)
                  c30293c0    00000320     fa.oe674 (.text:_ZN7GzCheck3funEytt)
                  c30296e0    00000320     sysbios.lib : BIOS.obj (.text:ti_sysbios_timers_timer64_Timer_Module_startup__F)
                  c3029a00    000002e0     rts6740_elf.lib : cos.obj (.text:cos)
                  c3029ce0    000002e0     ipc.lib : Ipc.obj (.text:ti_sdo_ipc_nsremote_NameServerRemoteNotify_Instance_init__F)
                  c3029fc0    000002a0             : Ipc.obj (.text:ti_sdo_ipc_Ipc_procSyncStart__I)
                  c302a260    000002a0             : Ipc.obj (.text:ti_sdo_ipc_transports_TransportShm_Instance_finalize__F)
                  c302a500    00000280             : Ipc.obj (.text:Ipc_start)
                  c302a780    00000280             : Ipc.obj (.text:ListMP_putTail)
                  c302aa00    00000280             : Ipc.obj (.text:ListMP_remove)
                  c302ac80    00000280     rts6740_elf.lib : divf.obj (.text:__c6xabi_divf)
                  c302af00    00000280     sysbios.lib : BIOS.obj (.text:deviceConfig$44)
                  c302b180    00000280     rts6740_elf.lib : sin.obj (.text:sin)
                  c302b400    00000280     ipc.lib : Ipc.obj (.text:ti_sdo_ipc_gates_GatePeterson_Instance_init__F)
                  c302b680    00000280     ti.targets.rts6000.ae674 : Core-mem.oe674 (.text:xdc_runtime_Core_createObject__I)
                  c302b900    00000280                              : Error.oe674 (.text:xdc_runtime_Error_raiseX__F)
                  c302bb80    00000280     Dsp_pe674.oe674 (.text:xdc_runtime_System_printfExtend__I)
                  c302be00    00000260     rts6740_elf.lib : imath64.obj (.text:__c6xabi_divull)
                  c302c060    00000260     at24c02.oe674 (.text)
                  c302c2c0    00000260     fft.oe674 (.text)
                  c302c520    00000260     sysbios.lib : BIOS.obj (.text:ti_sysbios_timers_timer64_Timer_setPeriodMicroSecs__E)
                  c302c780    00000260     ti.targets.rts6000.ae674 : Startup.oe674 (.text:xdc_runtime_Startup_startMods__I)
                  c302c9e0    00000240     ipc.lib : Ipc.obj (.text:GateMP_openByAddr)
                  c302cc20    00000240             : Ipc.obj (.text:Notify_unregisterEvent)
                  c302ce60    00000240     clock.oe674 (.text:_ZN5Clock10CP56setDayEv)
                  c302d0a0    00000240     ipc.lib : Ipc.obj (.text:ti_sdo_ipc_family_da830_NotifySetup_attach__E)
                  c302d2e0    00000240             : Ipc.obj (.text:ti_sdo_ipc_heaps_HeapMemMP_getStats__E)
                  c302d520    00000240     sysbios.lib : BIOS.obj (.text:ti_sysbios_family_c64p_Exception_internalHandler__I)
                  c302d760    00000240                 : BIOS.obj (.text:ti_sysbios_knl_Semaphore_pend__E)
                  c302d9a0    00000240     ti.targets.rts6000.ae674 : LoggerBuf.oe674 (.text:xdc_runtime_LoggerBuf_write8__F)
                  c302dbe0    00000220     fa.oe674 (.text:_ZN12CurrentCheck3funEyt)
                  c302de00    00000220     ipc.lib : Ipc.obj (.text:ti_sdo_ipc_nsremote_NameServerRemoteNotify_swiFxn__I)
                  c302e020    00000220     sysbios.lib : BIOS.obj (.text:ti_sysbios_knl_Task_exit__E)
                  c302e240    00000200     ipc.lib : Ipc.obj (.text:ListMP_getHead)
                  c302e440    00000200     sysbios.lib : c64p_Hwi_disp_always.obj (.text:_ti_sysbios_family_c64p_Hwi_dispatchAlways)
                  c302e640    00000200     ipc.lib : Ipc.obj (.text:ti_sdo_ipc_Ipc_procSyncFinish__I)
                  c302e840    00000200             : Ipc.obj (.text:ti_sdo_ipc_notifyDrivers_NotifyDriverShm_Instance_init__F)
                  c302ea40    00000200             : Ipc.obj (.text:ti_sdo_ipc_notifyDrivers_NotifyDriverShm_sendEvent__E)
                  c302ec40    00000200     sysbios.lib : BIOS.obj (.text:ti_sysbios_gates_GateMutexPri_enter__E)
                  c302ee40    00000200                 : BIOS.obj (.text:ti_sysbios_knl_Task_Instance_finalize__F)
                  c302f040    000001e0     ipc.lib : Ipc.obj (.text:GateMP_sharedMemReq)
                  c302f220    000001e0             : Ipc.obj (.text:ListMP_openByAddr)
                  c302f400    000001e0     sysbios.lib : BIOS.obj (.text:ti_sysbios_knl_Task_postInit__I)
                  c302f5e0    000001c0                 : BIOS.obj (.text:block$55)
                  c302f7a0    000001c0     atan2sp.oe674 (.text:optasm)
                  c302f960    000001c0     ipc.lib : Ipc.obj (.text:ti_sdo_ipc_GateMP_getFreeResource__I)
                  c302fb20    000001c0             : Ipc.obj (.text:ti_sdo_ipc_heaps_HeapMemMP_postInit__I)
                  c302fce0    000001c0     sysbios.lib : BIOS.obj (.text:ti_sysbios_family_c64p_Hwi_reconfig__E)
                  c302fea0    000001c0                 : BIOS.obj (.text:ti_sysbios_knl_Task_checkStacks__E)
                  c3030060    000001a0     ipc.lib : Ipc.obj (.text:Ipc_writeConfig)
                  c3030200    000001a0     rts6740_elf.lib : vec_newdel.obj (.text:_Z17array_new_generalPvjjjS_PFYS_S_ES1_PFYS_jEPFYvS_Eii)
                  c30303a0    000001a0     fa.oe674 (.text:_ZN2FA6GetMaxEfffh)
                  c3030540    000001a0     fa.oe674 (.text:_ZN7GzCheckC1Ev)
                  c30306e0    000001a0     ipc.lib : Ipc.obj (.text:ti_sdo_ipc_notifyDrivers_NotifyDriverShm_registerEvent__E)
                  c3030880    000001a0             : Ipc.obj (.text:ti_sdo_ipc_notifyDrivers_NotifyDriverShm_unregisterEvent__E)
                  c3030a20    000001a0     sysbios.lib : BIOS.obj (.text:ti_sysbios_knl_Task_Instance_init__F)
                  c3030bc0    000001a0                 : BIOS.obj (.text:ti_sysbios_timers_timer64_Timer_start__E)
                  c3030d60    000001a0     ti.targets.rts6000.ae674 : LoggerBuf.oe674 (.text:xdc_runtime_LoggerBuf_write4__F)
                  c3030f00    00000180     ipc.lib : Ipc.obj (.text:NameServer_getHandle)
                  c3031080    00000180     expsp.oe674 (.text:optasm)
                  c3031200    00000180     logsp.oe674 (.text:optasm)
                  c3031380    00000180     sysbios.lib : c64p_Exception_asm.obj (.text)
                  c3031500    00000180     ipc.lib : Ipc.obj (.text:ti_sdo_ipc_gates_GatePeterson_enter__E)
                  c3031680    00000180             : Ipc.obj (.text:ti_sdo_ipc_notifyDrivers_NotifyDriverShm_isr__I)
                  c3031800    00000180     sysbios.lib : BIOS.obj (.text:ti_sysbios_heaps_HeapMem_alloc__E)
                  c3031980    00000180                 : BIOS.obj (.text:ti_sysbios_knl_Swi_schedule__I)
                  c3031b00    00000180                 : BIOS.obj (.text:ti_sysbios_knl_Task_schedule__I)
                  c3031c80    00000180                 : BIOS.obj (.text:ti_sysbios_knl_Task_setPri__E)
                  c3031e00    00000180     ti.targets.rts6000.ae674 : Text.oe674 (.text:xdc_runtime_Text_putSite__F)
                  c3031f80    00000160     ipc.lib : Ipc.obj (.text:ti_sdo_ipc_GateMP_openRegion0Reserved__F)
                  c30320e0    00000160             : Ipc.obj (.text:ti_sdo_ipc_ListMP_Instance_finalize__F)
                  c3032240    00000160             : Ipc.obj (.text:ti_sdo_ipc_Notify_Instance_init__F)
                  c30323a0    00000160             : Ipc.obj (.text:ti_sdo_ipc_heaps_HeapMemMP_Instance_finalize__F)
                  c3032500    00000160             : Ipc.obj (.text:ti_sdo_utils_NameServer_removeLocal__I)
                  c3032660    00000160     sysbios.lib : BIOS.obj (.text:ti_sysbios_family_c64p_Hwi_dispatchC__I)
                  c30327c0    00000160                 : BIOS.obj (.text:ti_sysbios_heaps_HeapMem_free__E)
                  c3032920    00000160                 : BIOS.obj (.text:ti_sysbios_knl_Task_startup__E)
                  c3032a80    00000140     ipc.lib : Ipc.obj (.text:HeapMemMP_openByAddr)
                  c3032bc0    00000140             : Ipc.obj (.text:MessageQ_put)
                  c3032d00    00000140             : Ipc.obj (.text:Notify_registerEvent)
                  c3032e40    00000140     boot.ae674 : autoinit.oe674 (.text:_auto_init_elf)
                  c3032f80    00000140     ipc.lib : Ipc.obj (.text:ti_sdo_ipc_SharedRegion_start__F)
                  c30330c0    00000140             : Ipc.obj (.text:ti_sdo_ipc_notifyDrivers_NotifyDriverShm_disableEvent__E)
                  c3033200    00000140             : Ipc.obj (.text:ti_sdo_ipc_transports_TransportShm_openByAddr__F)
                  c3033340    00000140             : Ipc.obj (.text:ti_sdo_ipc_transports_TransportShm_put__E)
                  c3033480    00000140     sysbios.lib : BIOS.obj (.text:ti_sysbios_family_c64p_Hwi_Module_startup__F)
                  c30335c0    00000140                 : BIOS.obj (.text:ti_sysbios_knl_Task_Module_startup__F)
                  c3033700    00000140                 : BIOS.obj (.text:ti_sysbios_knl_Task_sleep__E)
                  c3033840    00000120     ipc.lib : Ipc.obj (.text:HeapMemMP_sharedMemReq)
                  c3033960    00000120     fa.oe674 (.text:_ZN12CurrentCheckC1Ev)
                  c3033a80    00000120     fa.oe674 (.text:_ZN7_FaParaC1Ev)
                  c3033ba0    00000120     rts6740_elf.lib : imath64.obj (.text:__c6xabi_divlli)
                  c3033cc0    00000120     cossp.oe674 (.text:optasm)
                  c3033de0    00000120     powsp.oe674 (.text:optasm)
                  c3033f00    00000120     sinsp.oe674 (.text:optasm)
                  c3034020    00000120     ipc.lib : Ipc.obj (.text:ti_sdo_ipc_MessageQ_Module_startup__F)
                  c3034140    00000120     Dsp_pe674.oe674 (.text:ti_sdo_ipc_Notify_Object__create__S)
                  c3034260    00000120     Dsp_pe674.oe674 (.text:ti_sdo_ipc_gates_GatePeterson_Object__create__S)
                  c3034380    00000120     Dsp_pe674.oe674 (.text:ti_sdo_ipc_nsremote_NameServerRemoteNotify_Object__create__S)
                  c30344a0    00000120     Dsp_pe674.oe674 (.text:ti_sdo_ipc_transports_TransportShm_Object__create__S)
                  c30345c0    00000120     ipc.lib : Ipc.obj (.text:ti_sdo_ipc_transports_TransportShm_sharedMemReq__F)
                  c30346e0    00000120     sysbios.lib : BIOS.obj (.text:ti_sysbios_family_c64p_Cache_Module_startup__F)
                  c3034800    00000120     Dsp_pe674.oe674 (.text:ti_sysbios_family_c64p_Hwi_Object__create__S)
                  c3034920    00000120     Dsp_pe674.oe674 (.text:ti_sysbios_hal_Hwi_Object__create__S)
                  c3034a40    00000120     sysbios.lib : BIOS.obj (.text:ti_sysbios_knl_Clock_workFunc__E)
                  c3034b60    00000120     Dsp_pe674.oe674 (.text:ti_sysbios_knl_Swi_Object__create__S)
                  c3034c80    00000120     Dsp_pe674.oe674 (.text:ti_sysbios_knl_Task_Object__create__S)
                  c3034da0    00000120     Dsp_pe674.oe674 (.text:ti_sysbios_timers_timer64_Timer_Object__create__S)
                  c3034ec0    00000120     ti.targets.rts6000.ae674 : LoggerBuf.oe674 (.text:xdc_runtime_LoggerBuf_setFilterLevel__F)
                  c3034fe0    00000120                              : Text.oe674 (.text:xdc_runtime_Text_putLab__F)
                  c3035100    00000100     ipc.lib : Ipc.obj (.text:ListMP_sharedMemReq)
                  c3035200    00000100             : Ipc.obj (.text:Notify_registerEventSingle)
                  c3035300    00000100             : Ipc.obj (.text:Notify_sendEvent)
                  c3035400    00000100             : Ipc.obj (.text:Notify_unregisterEventSingle)
                  c3035500    00000100     fa.oe674 (.text:_ZN19DelayStartDelayPlus19Plus01_T1_1_10_T2_0EbiiyP13BASEPROSTATU2)
                  c3035600    00000100     sysbios.lib : BIOS.obj (.text:initDevice$44)
                  c3035700    00000100     Dsp_pe674.oe674 (.text:ti_sdo_ipc_GateMP_Object__create__S)
                  c3035800    00000100     ipc.lib : Ipc.obj (.text:ti_sdo_ipc_GateMP_start__F)
                  c3035900    00000100     Dsp_pe674.oe674 (.text:ti_sdo_ipc_ListMP_Object__create__S)
                  c3035a00    00000100     ipc.lib : Ipc.obj (.text:ti_sdo_ipc_Notify_Instance_finalize__F)
                  c3035b00    00000100             : Ipc.obj (.text:ti_sdo_ipc_SharedRegion_attach__F)
                  c3035c00    00000100             : Ipc.obj (.text:ti_sdo_ipc_SharedRegion_clearReservedMemory__F)
                  c3035d00    00000100     Dsp_pe674.oe674 (.text:ti_sdo_ipc_heaps_HeapMemMP_Object__create__S)
                  c3035e00    00000100     Dsp_pe674.oe674 (.text:ti_sdo_ipc_notifyDrivers_NotifyDriverShm_Object__create__S)
                  c3035f00    00000100     ipc.lib : Ipc.obj (.text:ti_sdo_ipc_nsremote_NameServerRemoteNotify_Instance_finalize__F)
                  c3036000    00000100             : Ipc.obj (.text:ti_sdo_ipc_transports_TransportShmSetup_attach__E)
                  c3036100    00000100             : Ipc.obj (.text:ti_sdo_utils_NameServer_findLocal__I)
                  c3036200    00000100     sysbios.lib : BIOS.obj (.text:ti_sysbios_gates_GateMutexPri_leave__E)
                  c3036300    00000100                 : BIOS.obj (.text:ti_sysbios_knl_Swi_restoreHwi__E)
                  c3036400    00000100     ti.targets.rts6000.ae674 : Core-mem.oe674 (.text:xdc_runtime_Core_deleteObject__I)
                  c3036500    00000100     Dsp_pe674.oe674 (.text:xdc_runtime_LoggerBuf_Object__create__S)
                  c3036600    00000100     ti.targets.rts6000.ae674 : LoggerBuf.oe674 (.text:xdc_runtime_LoggerBuf_getFilterLevel__F)
                  c3036700    00000100     Dsp_pe674.oe674 (.text:xdc_runtime_Registry_findByNamePattern__E)
                  c3036800    00000100     ti.targets.rts6000.ae674 : Startup.oe674 (.text:xdc_runtime_Startup_exec__F)
                  c3036900    00000100                              : Text.oe674 (.text:xdc_runtime_Text_putMod__F)
                  c3036a00    00000100                              : Text.oe674 (.text:xdc_runtime_Text_visitRope2__I)
                  c3036b00    00000100     Dsp_pe674.oe674 (.text:xdc_runtime_knl_GateThread_Object__create__S)
                  c3036c00    000000e0     ipc.lib : Ipc.obj (.text:NameServer_getLocal)
                  c3036ce0    000000e0     rts6740_elf.lib : divi.obj (.text:__divi)
                  c3036dc0    000000e0     dsp.oe674 (.text)
                  c3036ea0    000000e0     rts6740_elf.lib : exit.obj (.text:exit)
                  c3036f80    000000e0                     : memset.obj (.text:memset)
                  c3037060    000000e0     ipc.lib : Ipc.obj (.text:ti_sdo_ipc_Ipc_getMasterAddr__I)
                  c3037140    000000e0             : Ipc.obj (.text:ti_sdo_ipc_Ipc_getSlaveAddr__I)
                  c3037220    000000e0             : Ipc.obj (.text:ti_sdo_ipc_Notify_detach__F)
                  c3037300    000000e0             : Ipc.obj (.text:ti_sdo_ipc_SharedRegion_reserveMemory__F)
                  c30373e0    000000e0             : Ipc.obj (.text:ti_sdo_ipc_gates_GatePeterson_sharedMemReq__E)
                  c30374c0    000000e0             : Ipc.obj (.text:ti_sdo_utils_NameServer_Module_startup__F)
                  c30375a0    000000e0     sysbios.lib : BIOS.obj (.text:ti_sysbios_knl_Clock_startI__E)
                  c3037680    000000e0                 : BIOS.obj (.text:ti_sysbios_knl_Task_unblockI__E)
                  c3037760    000000e0                 : BIOS.obj (.text:ti_sysbios_timers_timer64_Timer_startup__E)
                  c3037840    000000e0     ti.targets.rts6000.ae674 : Error.oe674 (.text:xdc_runtime_Error_print__F)
                  c3037920    000000e0                              : Memory.oe674 (.text:xdc_runtime_Memory_alloc__F)
                  c3037a00    000000e0     Dsp_pe674.oe674 (.text:xdc_runtime_Registry_addModule__E)
                  c3037ae0    000000e0     Dsp_pe674.oe674 (.text:xdc_runtime_Registry_findById__E)
                  c3037bc0    000000c0     rts6740_elf.lib : trgdrv.obj (.text:HOSTwrite)
                  c3037c80    000000c0     ipc.lib : Ipc.obj (.text:HeapMemMP_create)
                  c3037d40    000000c0             : Ipc.obj (.text:ListMP_create)
                  c3037e00    000000c0             : Ipc.obj (.text:MultiProc_getId)
                  c3037ec0    000000c0             : Ipc.obj (.text:SharedRegion_getId)
                  c3037f80    000000c0     rts6740_elf.lib : dtor_list.obj (.text:__cxa_finalize)
                  c3038040    000000c0                     : divu.obj (.text:__divu)
                  c3038100    000000c0                     : remi.obj (.text:__remi)
                  c30381c0    000000c0     thread.oe674 (.text)
                  c3038280    000000c0     ipc.lib : Ipc.obj (.text:ti_sdo_ipc_GateMP_attach__F)
                  c3038340    000000c0             : Ipc.obj (.text:ti_sdo_ipc_ListMP_elemClear__I)
                  c3038400    000000c0             : Ipc.obj (.text:ti_sdo_ipc_Notify_execMany__I)
                  c30384c0    000000c0             : Ipc.obj (.text:ti_sdo_ipc_family_da830_InterruptDsp_intRegister__E)
                  c3038580    000000c0             : Ipc.obj (.text:ti_sdo_ipc_gates_GatePeterson_postInit__I)
                  c3038640    000000c0             : Ipc.obj (.text:ti_sdo_ipc_nsremote_NameServerRemoteNotify_attach__E)
                  c3038700    000000c0             : Ipc.obj (.text:ti_sdo_utils_NameServer_postInit__I)
                  c30387c0    000000c0     sysbios.lib : BIOS.obj (.text:ti_sysbios_BIOS_errorRaiseHook__I)
                  c3038880    000000c0                 : BIOS.obj (.text:ti_sysbios_family_c64p_Hwi_Instance_init__F)
                  c3038940    000000c0                 : BIOS.obj (.text:ti_sysbios_heaps_HeapMem_getStats__E)
                  c3038a00    000000c0                 : BIOS.obj (.text:ti_sysbios_knl_Idle_loop__E)
                  c3038ac0    000000c0                 : BIOS.obj (.text:ti_sysbios_knl_Semaphore_post__E)
                  c3038b80    000000c0                 : BIOS.obj (.text:ti_sysbios_knl_Swi_run__I)
                  c3038c40    000000c0                 : BIOS.obj (.text:ti_sysbios_timers_timer64_Timer_stop__E)
                  c3038d00    000000c0     ti.targets.rts6000.ae674 : LoggerBuf.oe674 (.text:xdc_runtime_LoggerBuf_Instance_init__F)
                  c3038dc0    000000c0                              : System.oe674 (.text:xdc_runtime_System_formatNum__I)
                  c3038e80    000000c0                              : Text.oe674 (.text:xdc_runtime_Text_matchVisFxn__I)
                  c3038f40    000000a0     ipc.lib : Ipc.obj (.text:SharedRegion_getPtr)
                  c3038fe0    000000a0             : Ipc.obj (.text:SharedRegion_getSRPtr)
                  c3039080    000000a0     fa.oe674 (.text:_ZN10CURRENTPROC1Ev)
                  c3039120    000000a0     fa.oe674 (.text:_ZN14DelayStartTime8TimeCellEbiyP12BASEPROSTATU)
                  c30391c0    000000a0     fa.oe674 (.text:_ZN17DelayStartTrigger7TriggerEhjyP12BASEPROSTATU)
                  c3039260    000000a0     fa.oe674 (.text:_ZN32DelayStartAndDelayStartDelayTime5TCel1EbjyP12BASEPROSTATU)
                  c3039300    000000a0     rts6740_elf.lib : new_.obj (.text:_Znwj)
                  c30393a0    000000a0                     : round.obj (.text:__c6xabi_nround)
                  c3039440    000000a0                     : remu.obj (.text:__remu)
                  c30394e0    000000a0     boot.ae674 : boot.oe674 (.text:_c_int00)
                  c3039580    000000a0     sysbios.lib : c64p_Hwi_asm.obj (.text:_ti_sysbios_family_c64p_Hwi_plug__E)
                  c3039620    000000a0     Dsp_pe674.oe674 (.text:malloc)
                  c30396c0    000000a0     rts6740_elf.lib : memcpy64.obj (.text:memcpy)
                  c3039760    000000a0                     : modf.obj (.text:modf)
                  c3039800    000000a0     sqrtsp.oe674 (.text:optasm)
                  c30398a0    000000a0     ipc.lib : Ipc.obj (.text:ti_sdo_ipc_GateMP_getRegion0ReservedSize__F)
                  c3039940    000000a0     Dsp_pe674.oe674 (.text:ti_sdo_ipc_gates_GateMPSupportNull_Object__create__S)
                  c30399e0    000000a0     ipc.lib : Ipc.obj (.text:ti_sdo_ipc_gates_GatePeterson_leave__E)
                  c3039a80    000000a0             : Ipc.obj (.text:ti_sdo_ipc_notifyDrivers_NotifyDriverShm_Instance_finalize__F)
                  c3039b20    000000a0             : Ipc.obj (.text:ti_sdo_ipc_transports_TransportShmSetup_detach__E)
                  c3039bc0    000000a0     sysbios.lib : BIOS.obj (.text:ti_sysbios_heaps_HeapMem_init__I)
                  c3039c60    000000a0                 : BIOS.obj (.text:ti_sysbios_knl_Clock_Instance_init__F)
                  c3039d00    000000a0     Dsp_pe674.oe674 (.text:ti_sysbios_knl_Clock_Object__create__S)
[...]
c303eb00   xdc_runtime_Registry_findById__F
c303eb40   xdc_runtime_System_abort__F
c303eb80   xdc_runtime_System_aprintf__E
c303ebc0   xdc_runtime_System_printf__E
c303ec00   xdc_runtime_Text_matchRope__F
c303ec40   xdc_runtime_Text_ropeText__F
c303ec80   xdc_runtime_knl_GateThread_Instance_finalize__F
c303ecc0   xdc_runtime_knl_GateThread_Instance_init__F
c303ed00   exp_ktable
c303ed40   GateMP_enter
c303ed60   GateMP_leave
c303ed80   NameServer_addUInt32
c303eda0   NameServer_removeEntry
c303edc0   _Z21__default_new_handlerv
c303ede0   _ZN10DbDigitSetC1Ev
c303ee00   _ZN10PassWdParaC1Ev
c303ee20   _ZN10Pro101ParaC1Ev
c303ee40   _ZN10Pro104ParaC1Ev
c303ee60   _ZN10ProtectSetC1Ev
c303ee80   _ZN10RecloseSetC1Ev
c303eea0   _ZN10__cxxabiv117__class_type_infoD0Ev
c303eec0   _ZN10__cxxabiv117__class_type_infoD1Ev
c303eee0   _ZN10__cxxabiv120__si_class_type_infoD0Ev
c303ef00   _ZN10__cxxabiv120__si_class_type_infoD1Ev
c303ef20   _ZN11ComBaseParaC1Ev
c303ef40   _ZN11DeadAreaSetC1Ev
c303ef60   _ZN11TeminalTimeC1Ev
c303ef80   _ZN12WirelessParaC1Ev
c303efa0   _ZN13FaDevotionSetC1Ev
c303efc0   _ZN13ProtectDirSetC1Ev
c303efe0   _ZN13SwVersionParaC1Ev
c303f000   _ZN14FaIsolationSetC1Ev
c303f020   _ZN14RetransPortSetC1Ev
c303f040   _ZN14SingleDigitSetC1Ev
c303f060   _ZN15FaConnectionSetC1Ev
c303f080   _ZN15TianJinProjParaC1Ev
c303f0a0   _ZN17HisDataDefineParaC1Ev
c303f0c0   _ZN19UserRealDataDefParaC1Ev
c303f0e0   _ZN2FAD1Ev
c303f100   _ZN5Scada8WriteCfgEv
c303f120   _ZN5ScadaD1Ev
c303f140   _ZN5Stack6GetNumEv
c303f160   _ZN6DcParaC1Ev
c303f180   _ZN7BaseApp3RunEv
c303f1a0   _ZN7BaseApp4InitEv
c303f1c0   _ZN7BaseApp7ReadCfgEi
c303f1e0   _ZN7BaseApp8WriteCfgEv
c303f200   _ZN7BaseAppC2Ev
c303f220   _ZN7BaseAppD1Ev
c303f240   _ZN7BaseAppD2Ev
c303f260   _ZN7DeadSetC1Ev
c303f280   _ZN7EthParaC1Ev
c303f2a0   _ZN8FaFunSetC1Ev
c303f2c0   _ZN8SockParaC1Ev
c303f2e0   _ZN8UartParaC1Ev
c303f300   _ZN8WarnParaC1Ev
c303f320   _ZN8YCMsgSetC1Ev
c303f340   _ZN8YKMsgSetC1Ev
c303f360   _ZN8YXMsgSetC1Ev
c303f380   _ZN9DataType1C1Ev
c303f3a0   _ZN9DataType2C1Ev
c303f3c0   _ZN9DataType3C1Ev
c303f3e0   _ZN9FaCommSetC1Ev
c303f400   _ZdlPv
c303f420   _Znaj
c303f440   __c6xabi_negll
c303f460   __c6xabi_trunc
c303f480   __cxa_atexit
c303f4a0   __cxa_ia64_exit
c303f4c0   __memzero
c303f4e0   __xdc__init
c303f500   _nop
c303f520   _register_lock
c303f540   _register_unlock
c303f560   ti_sysbios_family_c62_TaskSupport_glue
c303f580   ti_sysbios_family_xxx_Hwi_switchToTaskStack
c303f5a0   C$$EXIT
c303f5a0   abort
c303f5c0   atexit
c303f600   ti_sdo_ipc_GateMP_Params__init__S
c303f620   ti_sdo_ipc_GateMP_RemoteCustom1Proxy_Object__create__S
c303f640   ti_sdo_ipc_GateMP_RemoteCustom1Proxy_Object__delete__S
c303f660   ti_sdo_ipc_GateMP_RemoteCustom1Proxy_Params__init__S
c303f680   ti_sdo_ipc_GateMP_RemoteCustom1Proxy_Proxy__abstract__S
c303f6a0   ti_sdo_ipc_GateMP_RemoteCustom1Proxy_Proxy__delegate__S
c303f6c0   ti_sdo_ipc_GateMP_RemoteCustom1Proxy_getReservedMask__E
c303f6e0   ti_sdo_ipc_GateMP_RemoteCustom1Proxy_sharedMemReq__E
c303f700   ti_sdo_ipc_GateMP_RemoteCustom2Proxy_Object__create__S
c303f720   ti_sdo_ipc_GateMP_RemoteCustom2Proxy_Object__delete__S
c303f740   ti_sdo_ipc_GateMP_RemoteCustom2Proxy_Params__init__S
c303f760   ti_sdo_ipc_GateMP_RemoteCustom2Proxy_Proxy__abstract__S
c303f780   ti_sdo_ipc_GateMP_RemoteCustom2Proxy_Proxy__delegate__S
c303f7a0   ti_sdo_ipc_GateMP_RemoteCustom2Proxy_getReservedMask__E
c303f7c0   ti_sdo_ipc_GateMP_RemoteCustom2Proxy_sharedMemReq__E
c303f7e0   ti_sdo_ipc_GateMP_RemoteSystemProxy_Object__create__S
c303f800   ti_sdo_ipc_GateMP_RemoteSystemProxy_Object__delete__S
c303f820   ti_sdo_ipc_GateMP_RemoteSystemProxy_Params__init__S
c303f840   ti_sdo_ipc_GateMP_RemoteSystemProxy_Proxy__abstract__S
c303f860   ti_sdo_ipc_GateMP_RemoteSystemProxy_Proxy__delegate__S
c303f880   ti_sdo_ipc_GateMP_RemoteSystemProxy_getReservedMask__E
c303f8a0   ti_sdo_ipc_GateMP_RemoteSystemProxy_sharedMemReq__E
c303f8c0   ti_sdo_ipc_GateMP_attach__E
c303f8e0   ti_sdo_ipc_GateMP_getRegion0ReservedSize__E
c303f900   ti_sdo_ipc_GateMP_getSharedAddr__E
c303f920   ti_sdo_ipc_GateMP_getSharedAddr__F
c303f940   ti_sdo_ipc_GateMP_start__E
c303f960   ti_sdo_ipc_ListMP_Params__init__S
c303f980   ti_sdo_ipc_MessageQ_Module_startup__E
c303f9a0   ti_sdo_ipc_MessageQ_Object__get__S
c303f9c0   ti_sdo_ipc_MessageQ_SetupTransportProxy_attach__E
c303f9e0   ti_sdo_ipc_MessageQ_SetupTransportProxy_detach__E
c303fa00   ti_sdo_ipc_MessageQ_SetupTransportProxy_isRegistered__E
c303fa20   ti_sdo_ipc_MessageQ_SetupTransportProxy_sharedMemReq__E
c303fa40   ti_sdo_ipc_MessageQ_registerTransport__E
c303fa60   ti_sdo_ipc_MessageQ_unregisterTransport__E
c303fa80   ti_sdo_ipc_Notify_Module_GateProxy_enter__E
c303faa0   ti_sdo_ipc_Notify_Module_GateProxy_leave__E
c303fac0   ti_sdo_ipc_Notify_Module_startup__E
c303fae0   ti_sdo_ipc_Notify_SetupProxy_attach__E
c303fb00   ti_sdo_ipc_Notify_SetupProxy_numIntLines__E
c303fb20   ti_sdo_ipc_Notify_SetupProxy_sharedMemReq__E
c303fb40   ti_sdo_ipc_Notify_detach__E
c303fb60   ti_sdo_ipc_Notify_exec__E
c303fb80   ti_sdo_ipc_SharedRegion_attach__E
c303fba0   ti_sdo_ipc_SharedRegion_clearReservedMemory__E
c303fbc0   ti_sdo_ipc_SharedRegion_reserveMemory__E
c303fbe0   ti_sdo_ipc_SharedRegion_resetInternalFields__E
c303fc00   ti_sdo_ipc_SharedRegion_start__E
c303fc20   ti_sdo_ipc_family_da830_InterruptDsp_intDisable__E
c303fc40   ti_sdo_ipc_family_da830_InterruptDsp_intEnable__E
c303fc60   ti_sdo_ipc_family_da830_InterruptDsp_intUnregister__E
c303fc80   ti_sdo_ipc_family_da830_NotifySetup_numIntLines__E
c303fca0   ti_sdo_ipc_gates_GateMPSupportNull_Instance_init__F
c303fcc0   ti_sdo_ipc_gates_GateMPSupportNull_Params__init__S
c303fce0   ti_sdo_ipc_gates_GateMPSupportNull_enter__E
c303fd00   ti_sdo_ipc_gates_GateMPSupportNull_getReservedMask__E
c303fd20   ti_sdo_ipc_gates_GateMPSupportNull_leave__E
c303fd40   ti_sdo_ipc_gates_GateMPSupportNull_query__E
c303fd60   ti_sdo_ipc_gates_GateMPSupportNull_query__F
c303fd80   ti_sdo_ipc_gates_GateMPSupportNull_sharedMemReq__E
c303fda0   ti_sdo_ipc_gates_GatePeterson_Params__init__S
c303fdc0   ti_sdo_ipc_gates_GatePeterson_getReservedMask__E
c303fde0   ti_sdo_ipc_gates_GatePeterson_query__E
c303fe00   ti_sdo_ipc_gates_GatePeterson_query__F
c303fe20   ti_sdo_ipc_heaps_HeapMemMP_Params__init__S
c303fe40   ti_sdo_ipc_heaps_HeapMemMP_isBlocking__E
c303fe60   ti_sdo_ipc_heaps_HeapMemMP_isBlocking__F
c303fe80   ti_sdo_ipc_notifyDrivers_NotifyDriverShm_InterruptProxy_intClear__E
c303fea0   ti_sdo_ipc_notifyDrivers_NotifyDriverShm_InterruptProxy_intDisable__E
c303fec0   ti_sdo_ipc_notifyDrivers_NotifyDriverShm_InterruptProxy_intEnable__E
c303fee0   ti_sdo_ipc_notifyDrivers_NotifyDriverShm_InterruptProxy_intRegister__E
c303ff00   ti_sdo_ipc_notifyDrivers_NotifyDriverShm_InterruptProxy_intSend__E
c303ff20   ti_sdo_ipc_notifyDrivers_NotifyDriverShm_InterruptProxy_intUnregister__E
c303ff40   ti_sdo_ipc_notifyDrivers_NotifyDriverShm_Params__init__S
c303ff60   ti_sdo_ipc_notifyDrivers_NotifyDriverShm_disable__E
c303ff80   ti_sdo_ipc_notifyDrivers_NotifyDriverShm_enable__E
c303ffa0   ti_sdo_ipc_notifyDrivers_NotifyDriverShm_sharedMemReq__E
c303ffc0   ti_sdo_ipc_nsremote_NameServerRemoteNotify_Object__first__S
c303ffe0   ti_sdo_ipc_nsremote_NameServerRemoteNotify_Object__next__S
c3040000   ti_sdo_ipc_nsremote_NameServerRemoteNotify_Params__init__S
c3040020   ti_sdo_ipc_nsremote_NameServerRemoteNotify_cbFxn__I
c3040040   ti_sdo_ipc_nsremote_NameServerRemoteNotify_get__E
c3040060   ti_sdo_ipc_transports_TransportShmSetup_isRegistered__E
c3040080   ti_sdo_ipc_transports_TransportShm_Params__init__S
c30400a0   ti_sdo_ipc_transports_TransportShm_close__E
c30400c0   ti_sdo_ipc_transports_TransportShm_close__F
c30400e0   ti_sdo_ipc_transports_TransportShm_control__E
c3040100   ti_sdo_ipc_transports_TransportShm_getStatus__E
c3040120   ti_sdo_ipc_transports_TransportShm_notifyFxn__I
c3040140   ti_sdo_ipc_transports_TransportShm_openByAddr__E
c3040160   ti_sdo_ipc_transports_TransportShm_setErrFxn__E
c3040180   ti_sdo_ipc_transports_TransportShm_setErrFxn__F
c30401a0   ti_sdo_ipc_transports_TransportShm_sharedMemReq__E
c30401c0   ti_sdo_utils_List_Instance_init__F
c30401e0   ti_sdo_utils_List_Object__destruct__S
c3040200   ti_sdo_utils_List_Object__get__S
c3040220   ti_sdo_utils_MultiProc_getClusterId__E
c3040240   ti_sdo_utils_MultiProc_getClusterId__F
c3040260   ti_sdo_utils_NameServer_Module__startupDone__S
c3040280   ti_sdo_utils_NameServer_Module_startup__E
c30402a0   ti_sdo_utils_NameServer_Object__first__S
c30402c0   ti_sdo_utils_NameServer_Object__next__S
c30402e0   ti_sdo_utils_NameServer_SetupProxy_attach__E
c3040300   ti_sdo_utils_NameServer_SetupProxy_detach__E
c3040320   ti_sdo_utils_NameServer_SetupProxy_sharedMemReq__E
c3040340   ti_sysbios_BIOS_RtsGateProxy_enter__E
c3040360   ti_sysbios_BIOS_RtsGateProxy_leave__E
c3040380   ti_sysbios_BIOS_getThreadType__E
c30403a0   ti_sysbios_BIOS_setThreadType__E
c30403c0   ti_sysbios_BIOS_start__E
c30403e0   ti_sysbios_family_c62_TaskSupport_Module__startupDone__S
c3040400   ti_sysbios_family_c62_TaskSupport_checkStack__E
c3040420   ti_sysbios_family_c62_TaskSupport_getStackAlignment__E
c3040440   ti_sysbios_family_c64p_Cache_Module_startup__E
c3040460   ti_sysbios_family_c64p_Cache_invL1pAll__E
c3040480   ti_sysbios_family_c64p_Cache_inv__E
c30404a0   ti_sysbios_family_c64p_Cache_wbInv__E
c30404c0   ti_sysbios_family_c64p_Exception_Module_startup__E
c30404e0   ti_sysbios_family_c64p_Hwi_Module__startupDone__S
c3040500   ti_sysbios_family_c64p_Hwi_Module_startup__E
c3040520   ti_sysbios_family_c64p_Hwi_Params__init__S
c3040540   ti_sysbios_family_c64p_Hwi_clearInterrupt__E
c3040560   ti_sysbios_family_c64p_Hwi_getHandle__E
c3040580   ti_sysbios_family_c64p_Hwi_startup__E
c30405a0   ti_sysbios_family_c64p_Hwi_switchFromBootStack__E
c30405c0   ti_sysbios_family_c64p_Hwi_unPluggedInterrupt__I
c30405e0   ti_sysbios_family_c64p_TimestampProvider_Module_startup__E
c3040600   ti_sysbios_family_c64p_TimestampProvider_Module_startup__F
c3040620   ti_sysbios_family_c64p_TimestampProvider_get64__E
c3040640   ti_sysbios_gates_GateAll_Instance_init__F
c3040660   ti_sysbios_gates_GateAll_query__E
c3040680   ti_sysbios_gates_GateAll_query__F
c30406a0   ti_sysbios_gates_GateHwi_Instance_init__F
c30406c0   ti_sysbios_gates_GateHwi_enter__E
c30406e0   ti_sysbios_gates_GateHwi_leave__E
c3040700   ti_sysbios_gates_GateHwi_query__E
c3040720   ti_sysbios_gates_GateHwi_query__F
c3040740   ti_sysbios_gates_GateMutexPri_Instance_finalize__F
c3040760   ti_sysbios_gates_GateMutexPri_query__E
c3040780   ti_sysbios_gates_GateMutexPri_query__F
c30407a0   ti_sysbios_gates_GateMutex_Instance_finalize__F
c30407c0   ti_sysbios_gates_GateMutex_query__E
c30407e0   ti_sysbios_gates_GateMutex_query__F
c3040800   ti_sysbios_gates_GateSwi_Instance_init__F
c3040820   ti_sysbios_gates_GateSwi_enter__E
c3040840   ti_sysbios_gates_GateSwi_leave__E
c3040860   ti_sysbios_gates_GateSwi_query__E
c3040880   ti_sysbios_gates_GateSwi_query__F
c30408a0   ti_sysbios_hal_Cache_CacheProxy_inv__E
c30408c0   ti_sysbios_hal_Cache_CacheProxy_wbInv__E
c30408e0   ti_sysbios_hal_Cache_inv__E
c3040900   ti_sysbios_hal_Cache_wbInv__E
c3040920   ti_sysbios_hal_Hwi_HwiProxy_Module__startupDone__S
c3040940   ti_sysbios_hal_Hwi_HwiProxy_Object__create__S
c3040960   ti_sysbios_hal_Hwi_HwiProxy_Object__delete__S
c3040980   ti_sysbios_hal_Hwi_HwiProxy_clearInterrupt__E
c30409a0   ti_sysbios_hal_Hwi_HwiProxy_disableInterrupt__E
c30409c0   ti_sysbios_hal_Hwi_HwiProxy_enableInterrupt__E
c30409e0   ti_sysbios_hal_Hwi_HwiProxy_startup__E
c3040a00   ti_sysbios_hal_Hwi_HwiProxy_switchFromBootStack__E
c3040a20   ti_sysbios_hal_Hwi_Module_startup__E
c3040a40   ti_sysbios_hal_Hwi_Module_startup__F
c3040a60   ti_sysbios_hal_Hwi_Params__init__S
c3040a80   ti_sysbios_hal_Hwi_enableInterrupt__E
c3040aa0   ti_sysbios_hal_Hwi_startup__E
c3040ac0   ti_sysbios_hal_Timer_Module__startupDone__S
c3040ae0   ti_sysbios_hal_Timer_Module_startup__E
c3040b00   ti_sysbios_hal_Timer_Module_startup__F
c3040b20   ti_sysbios_hal_Timer_TimerProxy_Module__startupDone__S
c3040b40   ti_sysbios_hal_Timer_TimerProxy_getExpiredCounts__E
c3040b60   ti_sysbios_hal_Timer_TimerProxy_getPeriod__E
c3040b80   ti_sysbios_hal_Timer_TimerProxy_setNextTick__E
c3040ba0   ti_sysbios_hal_Timer_TimerProxy_startup__E
c3040bc0   ti_sysbios_hal_Timer_startup__E
c3040be0   ti_sysbios_heaps_HeapMem_Module_GateProxy_enter__E
c3040c00   ti_sysbios_heaps_HeapMem_Module_GateProxy_leave__E
c3040c20   ti_sysbios_heaps_HeapMem_Module_GateProxy_query__E
c3040c40   ti_sysbios_heaps_HeapMem_isBlocking__E
c3040c60   ti_sysbios_knl_Clock_Module_startup__E
c3040c80   ti_sysbios_knl_Clock_Params__init__S
c3040ca0   ti_sysbios_knl_Clock_logTick__E
c3040cc0   ti_sysbios_knl_Queue_Instance_init__F
c3040ce0   ti_sysbios_knl_Queue_Object__destruct__S
c3040d00   ti_sysbios_knl_Queue_Object__get__S
c3040d20   ti_sysbios_knl_Queue_empty__E
c3040d40   ti_sysbios_knl_Semaphore_Instance_finalize__F
c3040d60   ti_sysbios_knl_Semaphore_Params__init__S
c3040d80   ti_sysbios_knl_Swi_Instance_finalize__F
c3040da0   ti_sysbios_knl_Swi_Module_startup__E
c3040dc0   ti_sysbios_knl_Swi_Params__init__S
c3040de0   ti_sysbios_knl_Swi_disable__E
c3040e00   ti_sysbios_knl_Task_Module_startup__E
c3040e20   ti_sysbios_knl_Task_Object__first__S
c3040e40   ti_sysbios_knl_Task_Object__next__S
c3040e60   ti_sysbios_knl_Task_Params__init__S
c3040e80   ti_sysbios_knl_Task_SupportProxy_Module__startupDone__S
c3040ea0   ti_sysbios_knl_Task_SupportProxy_checkStack__E
c3040ec0   ti_sysbios_knl_Task_SupportProxy_getStackAlignment__E
c3040ee0   ti_sysbios_knl_Task_SupportProxy_start__E
c3040f00   ti_sysbios_knl_Task_SupportProxy_swap__E
c3040f20   ti_sysbios_knl_Task_disable__E
c3040f40   ti_sysbios_knl_Task_getPri__E
c3040f60   ti_sysbios_knl_Task_self__E
c3040f80   ti_sysbios_timers_timer64_Timer_Module__startupDone__S
c3040fa0   ti_sysbios_timers_timer64_Timer_Module_startup__E
c3040fc0   ti_sysbios_timers_timer64_Timer_Params__init__S
c3040fe0   ti_sysbios_timers_timer64_Timer_TimerSupportProxy_enable__E
c3041000   ti_sysbios_timers_timer64_Timer_setNextTick__E
c3041020   ti_sysbios_xdcruntime_GateThreadSupport_Instance_finalize__F
c3041040   ti_sysbios_xdcruntime_GateThreadSupport_enter__E
c3041060   ti_sysbios_xdcruntime_GateThreadSupport_enter__F
c3041080   ti_sysbios_xdcruntime_GateThreadSupport_leave__E
c30410a0   ti_sysbios_xdcruntime_GateThreadSupport_leave__F
c30410c0   ti_sysbios_xdcruntime_GateThreadSupport_query__E
c30410e0   ti_sysbios_xdcruntime_GateThreadSupport_query__F
c3041100   xdc_runtime_Diags_setMask__E
c3041120   xdc_runtime_Error_check__E
c3041140   xdc_runtime_Error_init__E
c3041160   xdc_runtime_Error_print__E
c3041180   xdc_runtime_Error_raiseX__E
c30411a0   xdc_runtime_GateNull_enter__E
c30411c0   xdc_runtime_GateNull_enter__F
c30411e0   xdc_runtime_GateNull_leave__E
c3041200   xdc_runtime_GateNull_leave__F
c3041220   xdc_runtime_GateNull_query__E
c3041240   xdc_runtime_GateNull_query__F
c3041260   xdc_runtime_Gate_enterSystem__E
c3041280   xdc_runtime_Gate_enterSystem__F
c30412a0   xdc_runtime_Gate_leaveSystem__E
c30412c0   xdc_runtime_Gate_leaveSystem__F
c3041320   xdc_runtime_LoggerBuf_Module_GateProxy_enter__E
c3041340   xdc_runtime_LoggerBuf_Module_GateProxy_leave__E
c3041360   xdc_runtime_LoggerBuf_Module_startup__E
c3041380   xdc_runtime_LoggerBuf_TimestampProxy_get64__E
c30413a0   xdc_runtime_LoggerBuf_disable__E
c30413c0   xdc_runtime_LoggerBuf_disable__F
c30413e0   xdc_runtime_LoggerBuf_enable__E
c3041400   xdc_runtime_LoggerBuf_enable__F
c3041420   xdc_runtime_LoggerBuf_getFilterLevel__E
c3041440   xdc_runtime_LoggerBuf_setFilterLevel__E
c3041460   xdc_runtime_LoggerBuf_write0__E
c3041480   xdc_runtime_LoggerBuf_write1__E
c30414a0   xdc_runtime_LoggerBuf_write1__F
c30414c0   xdc_runtime_LoggerBuf_write2__E
c30414e0   xdc_runtime_LoggerBuf_write2__F
c3041500   xdc_runtime_LoggerBuf_write4__E
c3041520   xdc_runtime_Memory_HeapProxy_alloc__E
c3041540   xdc_runtime_Memory_HeapProxy_free__E
c3041560   xdc_runtime_Memory_alloc__E
c3041580   xdc_runtime_Memory_calloc__E
c30415a0   xdc_runtime_Memory_free__E
c30415c0   xdc_runtime_Memory_getMaxDefaultTypeAlign__E
c30415e0   xdc_runtime_Memory_getMaxDefaultTypeAlign__F
c3041600   xdc_runtime_Memory_valloc__E
c3041620   xdc_runtime_Startup_Module__startupDone__S
c3041640   xdc_runtime_Startup_exec__E
c3041660   xdc_runtime_Startup_exec__I
c3041680   xdc_runtime_Startup_reset__I
c30416a0   xdc_runtime_SysMin_Module_startup__E
c30416c0   xdc_runtime_SysMin_abort__E
c30416e0   xdc_runtime_SysMin_exit__E
c3041700   xdc_runtime_SysMin_putch__E
c3041720   xdc_runtime_SysMin_ready__E
c3041740   xdc_runtime_SysMin_ready__F
c3041760   xdc_runtime_System_Module_GateProxy_enter__E
c3041780   xdc_runtime_System_Module_GateProxy_leave__E
c30417a0   xdc_runtime_System_Module_startup__E
c30417c0   xdc_runtime_System_Module_startup__F
c30417e0   xdc_runtime_System_SupportProxy_abort__E
c3041800   xdc_runtime_System_SupportProxy_exit__E
c3041820   xdc_runtime_System_SupportProxy_putch__E
c3041840   xdc_runtime_System_SupportProxy_ready__E
c3041860   xdc_runtime_System_abort__E
c3041880   xdc_runtime_System_atexit__E
c30418a0   xdc_runtime_System_exit__E
c30418c0   xdc_runtime_System_exit__F
c30418e0   xdc_runtime_System_lastFxn__I
c3041900   xdc_runtime_System_vsprintf__E
c3041920   xdc_runtime_System_vsprintf__F
c3041940   xdc_runtime_Text_cordText__E
c3041960   xdc_runtime_Text_matchRope__E
c3041980   xdc_runtime_Text_putLab__E
c30419a0   xdc_runtime_Text_putSite__E
c30419c0   xdc_runtime_Text_ropeText__E
c30419e0   xdc_runtime_Text_visitRope__I
c3041a00   xdc_runtime_knl_GateThread_Module__startupDone__S
c3041a20   xdc_runtime_knl_GateThread_Proxy_Object__create__S
c3041a40   xdc_runtime_knl_GateThread_Proxy_Object__delete__S
c3041a60   xdc_runtime_knl_GateThread_Proxy_enter__E
c3041a80   xdc_runtime_knl_GateThread_Proxy_leave__E
c3041aa0   xdc_runtime_knl_GateThread_Proxy_query__E
c3041ac0   xdc_runtime_knl_GateThread_enter__E
c3041ae0   xdc_runtime_knl_GateThread_enter__F
c3041b00   xdc_runtime_knl_GateThread_leave__E
c3041b20   xdc_runtime_knl_GateThread_leave__F
c3041b40   xdc_runtime_knl_GateThread_query__E
c3041b60   xdc_runtime_knl_GateThread_query__F
c3041c00   ti_sysbios_family_c64p_Hwi0
c3041c20   ti_sysbios_family_c64p_Hwi1
c3041c40   ti_sysbios_family_c64p_Hwi2
c3041c60   ti_sysbios_family_c64p_Hwi3
c3041c80   ti_sysbios_family_c64p_Hwi4
c3041ca0   ti_sysbios_family_c64p_Hwi5
c3041cc0   ti_sysbios_family_c64p_Hwi6
c3041ce0   ti_sysbios_family_c64p_Hwi7
c3041d00   ti_sysbios_family_c64p_Hwi8
c3041d20   ti_sysbios_family_c64p_Hwi9
c3041d40   ti_sysbios_family_c64p_Hwi10
c3041d60   ti_sysbios_family_c64p_Hwi11
c3041d80   ti_sysbios_family_c64p_Hwi12
c3041da0   ti_sysbios_family_c64p_Hwi13
c3041dc0   ti_sysbios_family_c64p_Hwi14
c3041de0   ti_sysbios_family_c64p_Hwi15
ffffffff   __TI_pprof_out_hndl
ffffffff   __TI_prof_data_size
ffffffff   __TI_prof_data_start
ffffffff   __binit__
ffffffff   binit

[3076 symbols]


DYNAMIC SYMBOLS: SORTED ALPHABETICALLY BY Name 

address    name
--------   ----
UNDEFED    
11831358   TSK_idle
11831c00   _Ipc_ResetVector
11831c4c   __TI_INITARRAY_Base
11831c68   __TI_INITARRAY_Limit
11802000   __TI_STACK_END
00002000   __TI_STACK_SIZE
11831a58   __TI_STATIC_BASE
ffffffff   __TI_pprof_out_hndl
ffffffff   __TI_prof_data_size
ffffffff   __TI_prof_data_start
ffffffff   __binit__
11831b9c   __c_args__
00000064   _argsize
ffffffff   binit
00000001   xdc_runtime_Startup__EXECFXN__C
00000001   xdc_runtime_Startup__RESETFXN__C

[17 symbols]


IMPORTED and EXPORTED SYMBOLS: SORTED ALPHABETICALLY BY Name 

IMPORTED SYMBOLS

name                           size      Imported from
-----------------------------  --------  -------------

[0 symbols]


EXPORTED SYMBOLS

address    name
--------   ----
11831c00   _Ipc_ResetVector
